Component: ARM Compiler 5.06 update 2 (build 183) Tool: armlink [4d35b7]

==============================================================================

Section Cross References

    usb_core.o(i.USB_OTG_ActiveRemoteWakeup) refers to usb_bsp.o(i.USB_OTG_BSP_mDelay) for USB_OTG_BSP_mDelay
    usb_core.o(i.USB_OTG_CoreInit) refers to usb_core.o(i.USB_OTG_CoreReset) for USB_OTG_CoreReset
    usb_core.o(i.USB_OTG_CoreInit) refers to usb_bsp.o(i.USB_OTG_BSP_mDelay) for USB_OTG_BSP_mDelay
    usb_core.o(i.USB_OTG_CoreInitDev) refers to usb_core.o(i.USB_OTG_InitDevSpeed) for USB_OTG_InitDevSpeed
    usb_core.o(i.USB_OTG_CoreInitDev) refers to usb_core.o(i.USB_OTG_FlushTxFifo) for USB_OTG_FlushTxFifo
    usb_core.o(i.USB_OTG_CoreInitDev) refers to usb_core.o(i.USB_OTG_FlushRxFifo) for USB_OTG_FlushRxFifo
    usb_core.o(i.USB_OTG_CoreInitDev) refers to usb_core.o(i.USB_OTG_EnableDevInt) for USB_OTG_EnableDevInt
    usb_core.o(i.USB_OTG_CoreReset) refers to usb_bsp.o(i.USB_OTG_BSP_uDelay) for USB_OTG_BSP_uDelay
    usb_core.o(i.USB_OTG_EPStartXfer) refers to usb_core.o(i.USB_OTG_WritePacket) for USB_OTG_WritePacket
    usb_core.o(i.USB_OTG_FlushRxFifo) refers to usb_bsp.o(i.USB_OTG_BSP_uDelay) for USB_OTG_BSP_uDelay
    usb_core.o(i.USB_OTG_FlushTxFifo) refers to usb_bsp.o(i.USB_OTG_BSP_uDelay) for USB_OTG_BSP_uDelay
    usb_core.o(i.USB_OTG_SetCurrentMode) refers to usb_bsp.o(i.USB_OTG_BSP_mDelay) for USB_OTG_BSP_mDelay
    usb_core.o(i.USB_OTG_SetEPStatus) refers to usb_core.o(i.USB_OTG_EPSetStall) for USB_OTG_EPSetStall
    usb_core.o(i.USB_OTG_SetEPStatus) refers to usb_core.o(i.USB_OTG_EPClearStall) for USB_OTG_EPClearStall
    usb_core.o(i.USB_OTG_StopDevice) refers to usb_core.o(i.USB_OTG_FlushRxFifo) for USB_OTG_FlushRxFifo
    usb_core.o(i.USB_OTG_StopDevice) refers to usb_core.o(i.USB_OTG_FlushTxFifo) for USB_OTG_FlushTxFifo
    usb_dcd_int.o(i.DCD_HandleInEP_ISR) refers to usb_core.o(i.USB_OTG_ReadDevAllInEPItr) for USB_OTG_ReadDevAllInEPItr
    usb_dcd_int.o(i.DCD_HandleInEP_ISR) refers to usb_core.o(i.USB_OTG_EP0_OutStart) for USB_OTG_EP0_OutStart
    usb_dcd_int.o(i.DCD_HandleInEP_ISR) refers to usb_dcd_int.o(i.DCD_WriteEmptyTxFifo) for DCD_WriteEmptyTxFifo
    usb_dcd_int.o(i.DCD_HandleInEP_ISR) refers to usbd_core.o(.data) for USBD_DCD_INT_fops
    usb_dcd_int.o(i.DCD_HandleOutEP_ISR) refers to usb_core.o(i.USB_OTG_ReadDevAllOutEp_itr) for USB_OTG_ReadDevAllOutEp_itr
    usb_dcd_int.o(i.DCD_HandleOutEP_ISR) refers to usb_core.o(i.USB_OTG_ReadDevOutEP_itr) for USB_OTG_ReadDevOutEP_itr
    usb_dcd_int.o(i.DCD_HandleOutEP_ISR) refers to usb_core.o(i.USB_OTG_EP0_OutStart) for USB_OTG_EP0_OutStart
    usb_dcd_int.o(i.DCD_HandleOutEP_ISR) refers to usbd_core.o(.data) for USBD_DCD_INT_fops
    usb_dcd_int.o(i.DCD_HandleRxStatusQueueLevel_ISR) refers to usb_core.o(i.USB_OTG_ReadPacket) for USB_OTG_ReadPacket
    usb_dcd_int.o(i.DCD_HandleUSBSuspend_ISR) refers to usbd_core.o(.data) for USBD_DCD_INT_fops
    usb_dcd_int.o(i.DCD_HandleUsbReset_ISR) refers to usb_core.o(i.USB_OTG_FlushTxFifo) for USB_OTG_FlushTxFifo
    usb_dcd_int.o(i.DCD_HandleUsbReset_ISR) refers to usb_core.o(i.USB_OTG_EP0_OutStart) for USB_OTG_EP0_OutStart
    usb_dcd_int.o(i.DCD_HandleUsbReset_ISR) refers to usbd_core.o(.data) for USBD_DCD_INT_fops
    usb_dcd_int.o(i.DCD_WriteEmptyTxFifo) refers to usb_core.o(i.USB_OTG_WritePacket) for USB_OTG_WritePacket
    usb_dcd_int.o(i.USBD_OTG_EP1IN_ISR_Handler) refers to usb_dcd_int.o(i.DCD_WriteEmptyTxFifo) for DCD_WriteEmptyTxFifo
    usb_dcd_int.o(i.USBD_OTG_EP1IN_ISR_Handler) refers to usbd_core.o(.data) for USBD_DCD_INT_fops
    usb_dcd_int.o(i.USBD_OTG_EP1OUT_ISR_Handler) refers to usbd_core.o(.data) for USBD_DCD_INT_fops
    usb_dcd_int.o(i.USBD_OTG_ISR_Handler) refers to usb_core.o(i.USB_OTG_IsDeviceMode) for USB_OTG_IsDeviceMode
    usb_dcd_int.o(i.USBD_OTG_ISR_Handler) refers to usb_core.o(i.USB_OTG_ReadCoreItr) for USB_OTG_ReadCoreItr
    usb_dcd_int.o(i.USBD_OTG_ISR_Handler) refers to usb_dcd_int.o(i.DCD_HandleOutEP_ISR) for DCD_HandleOutEP_ISR
    usb_dcd_int.o(i.USBD_OTG_ISR_Handler) refers to usb_dcd_int.o(i.DCD_HandleInEP_ISR) for DCD_HandleInEP_ISR
    usb_dcd_int.o(i.USBD_OTG_ISR_Handler) refers to usb_dcd_int.o(i.DCD_HandleUSBSuspend_ISR) for DCD_HandleUSBSuspend_ISR
    usb_dcd_int.o(i.USBD_OTG_ISR_Handler) refers to usb_dcd_int.o(i.DCD_HandleRxStatusQueueLevel_ISR) for DCD_HandleRxStatusQueueLevel_ISR
    usb_dcd_int.o(i.USBD_OTG_ISR_Handler) refers to usb_dcd_int.o(i.DCD_HandleUsbReset_ISR) for DCD_HandleUsbReset_ISR
    usb_dcd_int.o(i.USBD_OTG_ISR_Handler) refers to usb_core.o(i.USB_OTG_EP0Activate) for USB_OTG_EP0Activate
    usb_dcd_int.o(i.USBD_OTG_ISR_Handler) refers to usb_core.o(i.USB_OTG_GetDeviceSpeed) for USB_OTG_GetDeviceSpeed
    usb_dcd_int.o(i.USBD_OTG_ISR_Handler) refers to usbd_core.o(.data) for USBD_DCD_INT_fops
    usb_dcd.o(i.DCD_DevConnect) refers to usb_bsp.o(i.USB_OTG_BSP_mDelay) for USB_OTG_BSP_mDelay
[...]
    RTC_Alarm_IRQHandler                     0x080001b7   Thumb Code     0  startup_stm32f40_41xxx.o(.text)
    RTC_WKUP_IRQHandler                      0x080001b7   Thumb Code     0  startup_stm32f40_41xxx.o(.text)
    SDIO_IRQHandler                          0x080001b7   Thumb Code     0  startup_stm32f40_41xxx.o(.text)
    SPI1_IRQHandler                          0x080001b7   Thumb Code     0  startup_stm32f40_41xxx.o(.text)
    SPI2_IRQHandler                          0x080001b7   Thumb Code     0  startup_stm32f40_41xxx.o(.text)
    SPI3_IRQHandler                          0x080001b7   Thumb Code     0  startup_stm32f40_41xxx.o(.text)
    TAMP_STAMP_IRQHandler                    0x080001b7   Thumb Code     0  startup_stm32f40_41xxx.o(.text)
    TIM1_BRK_TIM9_IRQHandler                 0x080001b7   Thumb Code     0  startup_stm32f40_41xxx.o(.text)
    TIM1_CC_IRQHandler                       0x080001b7   Thumb Code     0  startup_stm32f40_41xxx.o(.text)
    TIM1_TRG_COM_TIM11_IRQHandler            0x080001b7   Thumb Code     0  startup_stm32f40_41xxx.o(.text)
    TIM1_UP_TIM10_IRQHandler                 0x080001b7   Thumb Code     0  startup_stm32f40_41xxx.o(.text)
    TIM3_IRQHandler                          0x080001b7   Thumb Code     0  startup_stm32f40_41xxx.o(.text)
    TIM4_IRQHandler                          0x080001b7   Thumb Code     0  startup_stm32f40_41xxx.o(.text)
    TIM5_IRQHandler                          0x080001b7   Thumb Code     0  startup_stm32f40_41xxx.o(.text)
    TIM6_DAC_IRQHandler                      0x080001b7   Thumb Code     0  startup_stm32f40_41xxx.o(.text)
    TIM7_IRQHandler                          0x080001b7   Thumb Code     0  startup_stm32f40_41xxx.o(.text)
    TIM8_BRK_TIM12_IRQHandler                0x080001b7   Thumb Code     0  startup_stm32f40_41xxx.o(.text)
    TIM8_CC_IRQHandler                       0x080001b7   Thumb Code     0  startup_stm32f40_41xxx.o(.text)
    TIM8_TRG_COM_TIM14_IRQHandler            0x080001b7   Thumb Code     0  startup_stm32f40_41xxx.o(.text)
    TIM8_UP_TIM13_IRQHandler                 0x080001b7   Thumb Code     0  startup_stm32f40_41xxx.o(.text)
    WWDG_IRQHandler                          0x080001b7   Thumb Code     0  startup_stm32f40_41xxx.o(.text)
    __aeabi_memcpy                           0x080001c1   Thumb Code    36  memcpya.o(.text)
    __aeabi_memcpy4                          0x080001c1   Thumb Code     0  memcpya.o(.text)
    __aeabi_memcpy8                          0x080001c1   Thumb Code     0  memcpya.o(.text)
    __aeabi_dadd                             0x080001e5   Thumb Code   322  dadd.o(.text)
    __aeabi_dsub                             0x08000327   Thumb Code     6  dadd.o(.text)
    __aeabi_drsub                            0x0800032d   Thumb Code     6  dadd.o(.text)
    __aeabi_dmul                             0x08000333   Thumb Code   228  dmul.o(.text)
    __aeabi_ddiv                             0x08000417   Thumb Code   222  ddiv.o(.text)
    __aeabi_ui2d                             0x080004f5   Thumb Code    26  dfltui.o(.text)
    __aeabi_d2uiz                            0x0800050f   Thumb Code    50  dfixui.o(.text)
    __aeabi_d2f                              0x08000541   Thumb Code    56  d2f.o(.text)
    __aeabi_uldivmod                         0x08000579   Thumb Code    98  uldiv.o(.text)
    __aeabi_llsl                             0x080005db   Thumb Code    30  llshl.o(.text)
    _ll_shift_l                              0x080005db   Thumb Code     0  llshl.o(.text)
    __aeabi_llsr                             0x080005f9   Thumb Code    32  llushr.o(.text)
    _ll_ushift_r                             0x080005f9   Thumb Code     0  llushr.o(.text)
    __aeabi_lasr                             0x08000619   Thumb Code    36  llsshr.o(.text)
    _ll_sshift_r                             0x08000619   Thumb Code     0  llsshr.o(.text)
    __I$use$fp                               0x0800063d   Thumb Code     0  iusefp.o(.text)
    _float_round                             0x0800063d   Thumb Code    18  fepilogue.o(.text)
    _float_epilogue                          0x0800064f   Thumb Code    92  fepilogue.o(.text)
    _double_round                            0x080006ab   Thumb Code    30  depilogue.o(.text)
    _double_epilogue                         0x080006c9   Thumb Code   156  depilogue.o(.text)
    _dsqrt                                   0x08000765   Thumb Code   162  dsqrt.o(.text)
    __scatterload                            0x08000809   Thumb Code    28  init.o(.text)
    __scatterload_rt2                        0x08000809   Thumb Code     0  init.o(.text)
    __decompress                             0x0800082d   Thumb Code     0  __dczerorl2.o(.text)
    __decompress1                            0x0800082d   Thumb Code    86  __dczerorl2.o(.text)
    ADC_Cmd                                  0x08000883   Thumb Code    20  stm32f4xx_adc.o(i.ADC_Cmd)
    ADC_CommonInit                           0x08000899   Thumb Code    34  stm32f4xx_adc.o(i.ADC_CommonInit)
    ADC_GetConversionValue                   0x080008c5   Thumb Code     6  stm32f4xx_adc.o(i.ADC_GetConversionValue)
    ADC_GetFlagStatus                        0x080008cb   Thumb Code    14  stm32f4xx_adc.o(i.ADC_GetFlagStatus)
    ADC_Init                                 0x080008d9   Thumb Code    66  stm32f4xx_adc.o(i.ADC_Init)
    ADC_RegularChannelConfig                 0x08000925   Thumb Code   116  stm32f4xx_adc.o(i.ADC_RegularChannelConfig)
    ADC_SoftwareStartConv                    0x08000999   Thumb Code    10  stm32f4xx_adc.o(i.ADC_SoftwareStartConv)
    BUZZER_Init                              0x080009a5   Thumb Code    58  buzzer.o(i.BUZZER_Init)
    BUZZER_mission_polling                   0x080009e5   Thumb Code   180  buzzer.o(i.BUZZER_mission_polling)
    BusFault_Handler                         0x08000aa5   Thumb Code     2  stm32fxxx_it.o(i.BusFault_Handler)
    CAN1_Mode_Init                           0x08000aa9   Thumb Code   218  can.o(i.CAN1_Mode_Init)
    CAN1_RX0_IRQHandler                      0x08000b8d   Thumb Code    50  can.o(i.CAN1_RX0_IRQHandler)
    CAN_FilterInit                           0x08000bcd   Thumb Code   194  stm32f4xx_can.o(i.CAN_FilterInit)
    CAN_ITConfig                             0x08000c99   Thumb Code    16  stm32f4xx_can.o(i.CAN_ITConfig)
    CAN_Init                                 0x08000ca9   Thumb Code   232  stm32f4xx_can.o(i.CAN_Init)
    CAN_Receive                              0x08000d91   Thumb Code   142  stm32f4xx_can.o(i.CAN_Receive)
    CAN_Transmit                             0x08000e1f   Thumb Code   164  stm32f4xx_can.o(i.CAN_Transmit)
    DCD_EP_Close                             0x08000ec3   Thumb Code    44  usb_dcd.o(i.DCD_EP_Close)
    DCD_EP_ClrStall                          0x08000eef   Thumb Code    56  usb_dcd.o(i.DCD_EP_ClrStall)
    DCD_EP_Flush                             0x08000f27   Thumb Code    24  usb_dcd.o(i.DCD_EP_Flush)
    DCD_EP_Open                              0x08000f3f   Thumb Code    60  usb_dcd.o(i.DCD_EP_Open)
    DCD_EP_PrepareRx                         0x08000f7b   Thumb Code    68  usb_dcd.o(i.DCD_EP_PrepareRx)
    DCD_EP_SetAddress                        0x08000fbf   Thumb Code    16  usb_dcd.o(i.DCD_EP_SetAddress)
    DCD_EP_Stall                             0x08000fcf   Thumb Code    56  usb_dcd.o(i.DCD_EP_Stall)
    DCD_EP_Tx                                0x08001007   Thumb Code    62  usb_dcd.o(i.DCD_EP_Tx)
    DCD_Init                                 0x08001339   Thumb Code   146  usb_dcd.o(i.DCD_Init)
    DMA1_Stream0_IRQHandler                  0x0800143d   Thumb Code     6  tm_stm32f4_dma.o(i.DMA1_Stream0_IRQHandler)
    DMA1_Stream1_IRQHandler                  0x08001449   Thumb Code     6  tm_stm32f4_dma.o(i.DMA1_Stream1_IRQHandler)
    DMA1_Stream2_IRQHandler                  0x08001455   Thumb Code     6  tm_stm32f4_dma.o(i.DMA1_Stream2_IRQHandler)
    DMA1_Stream3_IRQHandler                  0x08001461   Thumb Code     6  tm_stm32f4_dma.o(i.DMA1_Stream3_IRQHandler)
    DMA1_Stream4_IRQHandler                  0x0800146d   Thumb Code     6  tm_stm32f4_dma.o(i.DMA1_Stream4_IRQHandler)
    DMA1_Stream5_IRQHandler                  0x08001479   Thumb Code     6  tm_stm32f4_dma.o(i.DMA1_Stream5_IRQHandler)
    DMA1_Stream6_IRQHandler                  0x08001485   Thumb Code     6  tm_stm32f4_dma.o(i.DMA1_Stream6_IRQHandler)
    DMA1_Stream7_IRQHandler                  0x08001491   Thumb Code     6  tm_stm32f4_dma.o(i.DMA1_Stream7_IRQHandler)
    DMA2_Stream1_IRQHandler                  0x0800149d   Thumb Code     6  tm_stm32f4_dma.o(i.DMA2_Stream1_IRQHandler)
    DMA2_Stream2_IRQHandler                  0x080014a9   Thumb Code     6  tm_stm32f4_dma.o(i.DMA2_Stream2_IRQHandler)
    DMA2_Stream3_IRQHandler                  0x080014b5   Thumb Code     6  tm_stm32f4_dma.o(i.DMA2_Stream3_IRQHandler)
    DMA2_Stream4_IRQHandler                  0x080014c1   Thumb Code     6  tm_stm32f4_dma.o(i.DMA2_Stream4_IRQHandler)
    DMA2_Stream5_IRQHandler                  0x080014cd   Thumb Code     6  tm_stm32f4_dma.o(i.DMA2_Stream5_IRQHandler)
    DMA2_Stream6_IRQHandler                  0x080014d9   Thumb Code     6  tm_stm32f4_dma.o(i.DMA2_Stream6_IRQHandler)
    DMA2_Stream7_IRQHandler                  0x080014e5   Thumb Code     6  tm_stm32f4_dma.o(i.DMA2_Stream7_IRQHandler)
    DMA_Init                                 0x080014f1   Thumb Code    80  stm32f4xx_dma.o(i.DMA_Init)
    DebugMon_Handler                         0x08001545   Thumb Code     2  stm32fxxx_it.o(i.DebugMon_Handler)
    EXTI0_IRQHandler                         0x08001549   Thumb Code    18  coder.o(i.EXTI0_IRQHandler)
    EXTIX_Init                               0x08001565   Thumb Code    74  coder.o(i.EXTIX_Init)
    EXTI_ClearITPendingBit                   0x080015b1   Thumb Code     6  stm32f4xx_exti.o(i.EXTI_ClearITPendingBit)
    EXTI_Init                                0x080015bd   Thumb Code   108  stm32f4xx_exti.o(i.EXTI_Init)
    FLASH_EraseSector                        0x0800162d   Thumb Code   104  stm32f4xx_flash.o(i.FLASH_EraseSector)
    FLASH_GetStatus                          0x08001699   Thumb Code    56  stm32f4xx_flash.o(i.FLASH_GetStatus)
    FLASH_Lock                               0x080016d5   Thumb Code    12  stm32f4xx_flash.o(i.FLASH_Lock)
    FLASH_ProgramWord                        0x080016e5   Thumb Code    56  stm32f4xx_flash.o(i.FLASH_ProgramWord)
    FLASH_Unlock                             0x08001721   Thumb Code    22  stm32f4xx_flash.o(i.FLASH_Unlock)
    FLASH_WaitForLastOperation               0x08001745   Thumb Code    30  stm32f4xx_flash.o(i.FLASH_WaitForLastOperation)
    GPIO_Init                                0x08001763   Thumb Code   120  stm32f4xx_gpio.o(i.GPIO_Init)
    GPIO_PinAFConfig                         0x080017db   Thumb Code    32  stm32f4xx_gpio.o(i.GPIO_PinAFConfig)
    GPIO_ResetBits                           0x080017fb   Thumb Code     4  stm32f4xx_gpio.o(i.GPIO_ResetBits)
    GPIO_SetBits                             0x080017ff   Thumb Code     4  stm32f4xx_gpio.o(i.GPIO_SetBits)
    Get_Adc                                  0x08001805   Thumb Code    44  adc.o(i.Get_Adc)
    Get_Adc_Average                          0x08001835   Thumb Code   154  adc.o(i.Get_Adc_Average)
    HardFault_Handler                        0x080018cf   Thumb Code     2  stm32fxxx_it.o(i.HardFault_Handler)
    LED1_OFF                                 0x080018d1   Thumb Code     8  notification.o(i.LED1_OFF)
    LED1_ON                                  0x080018dd   Thumb Code     8  notification.o(i.LED1_ON)
    LED1_init                                0x080018e9   Thumb Code    58  notification.o(i.LED1_init)
    LED_OFF                                  0x08001929   Thumb Code     8  notification.o(i.LED_OFF)
    LED_ON                                   0x08001935   Thumb Code     8  notification.o(i.LED_ON)
    LED_init                                 0x08001941   Thumb Code    54  notification.o(i.LED_init)
    LM75_parpare_buffer                      0x0800197d   Thumb Code   120  temp_control.o(i.LM75_parpare_buffer)
    MM_position                              0x08001a1d   Thumb Code    50  msd_test.o(i.MM_position)
    MSD_Init                                 0x08001af9   Thumb Code    40  microstepdriver.o(i.MSD_Init)
    MSD_Move                                 0x08001b21   Thumb Code   314  microstepdriver.o(i.MSD_Move)
    MSD_StepCounter                          0x08001c7d   Thumb Code    18  microstepdriver.o(i.MSD_StepCounter)
    MemManage_Handler                        0x08001c95   Thumb Code     2  stm32fxxx_it.o(i.MemManage_Handler)
    NMI_Handler                              0x08001c97   Thumb Code     2  stm32fxxx_it.o(i.NMI_Handler)
    NVIC_Init                                0x08001c99   Thumb Code    96  misc.o(i.NVIC_Init)
    NVIC_PriorityGroupConfig                 0x08001cfd   Thumb Code    10  misc.o(i.NVIC_PriorityGroupConfig)
    OTG_HS_EP1_IN_IRQHandler                 0x08001d11   Thumb Code     6  stm32fxxx_it.o(i.OTG_HS_EP1_IN_IRQHandler)
    OTG_HS_EP1_OUT_IRQHandler                0x08001d1d   Thumb Code     6  stm32fxxx_it.o(i.OTG_HS_EP1_OUT_IRQHandler)
    OTG_HS_IRQHandler                        0x08001d29   Thumb Code     6  stm32fxxx_it.o(i.OTG_HS_IRQHandler)
    OTG_HS_WKUP_IRQHandler                   0x08001d35   Thumb Code    40  stm32fxxx_it.o(i.OTG_HS_WKUP_IRQHandler)
    PendSV_Handler                           0x08001d65   Thumb Code     2  stm32fxxx_it.o(i.PendSV_Handler)
    RCC_AHB1PeriphClockCmd                   0x08001d69   Thumb Code    18  stm32f4xx_rcc.o(i.RCC_AHB1PeriphClockCmd)
    RCC_APB1PeriphClockCmd                   0x08001d81   Thumb Code    18  stm32f4xx_rcc.o(i.RCC_APB1PeriphClockCmd)
    RCC_APB1PeriphResetCmd                   0x08001d99   Thumb Code    18  stm32f4xx_rcc.o(i.RCC_APB1PeriphResetCmd)
    RCC_APB2PeriphClockCmd                   0x08001db1   Thumb Code    18  stm32f4xx_rcc.o(i.RCC_APB2PeriphClockCmd)
    RCC_APB2PeriphResetCmd                   0x08001dc9   Thumb Code    18  stm32f4xx_rcc.o(i.RCC_APB2PeriphResetCmd)
    RCC_GetClocksFreq                        0x08001de1   Thumb Code   132  stm32f4xx_rcc.o(i.RCC_GetClocksFreq)
    RCC_GetFlagStatus                        0x08001e71   Thumb Code    46  stm32f4xx_rcc.o(i.RCC_GetFlagStatus)
    STMFLASH_GetFlashSector                  0x08001ea5   Thumb Code   114  stmflash.o(i.STMFLASH_GetFlashSector)
    STMFLASH_Read                            0x08001f45   Thumb Code    20  stmflash.o(i.STMFLASH_Read)
    STMFLASH_Write                           0x08001f59   Thumb Code   110  stmflash.o(i.STMFLASH_Write)
    SVC_Handler                              0x08001fcd   Thumb Code     2  stm32fxxx_it.o(i.SVC_Handler)
    SYSCFG_EXTILineConfig                    0x08001fd1   Thumb Code    42  stm32f4xx_syscfg.o(i.SYSCFG_EXTILineConfig)
    SysTick_Handler                          0x080020b5   Thumb Code    10  stm32fxxx_it.o(i.SysTick_Handler)
    SystemInit                               0x080020c5   Thumb Code    74  system_stm32f4xx.o(i.SystemInit)
    TIM2_IRQHandler                          0x08002185   Thumb Code   432  microstepdriver.o(i.TIM2_IRQHandler)
    TIM_ARRPreloadConfig                     0x0800233d   Thumb Code    20  stm32f4xx_tim.o(i.TIM_ARRPreloadConfig)
    TIM_ClearFlag                            0x08002351   Thumb Code     6  stm32f4xx_tim.o(i.TIM_ClearFlag)
    TIM_ClearITPendingBit                    0x08002357   Thumb Code     6  stm32f4xx_tim.o(i.TIM_ClearITPendingBit)
    TIM_Cmd                                  0x0800235d   Thumb Code    20  stm32f4xx_tim.o(i.TIM_Cmd)
    TIM_EncoderInterfaceConfig               0x08002371   Thumb Code    50  stm32f4xx_tim.o(i.TIM_EncoderInterfaceConfig)
    TIM_GetITStatus                          0x080023a3   Thumb Code    24  stm32f4xx_tim.o(i.TIM_GetITStatus)
    TIM_ICInit                               0x080023bb   Thumb Code   172  stm32f4xx_tim.o(i.TIM_ICInit)
    TIM_ICStructInit                         0x08002467   Thumb Code    16  stm32f4xx_tim.o(i.TIM_ICStructInit)
    TIM_ITConfig                             0x08002477   Thumb Code    16  stm32f4xx_tim.o(i.TIM_ITConfig)
    TIM_OC2Init                              0x08002515   Thumb Code   120  stm32f4xx_tim.o(i.TIM_OC2Init)
    TIM_OC2PreloadConfig                     0x08002595   Thumb Code    20  stm32f4xx_tim.o(i.TIM_OC2PreloadConfig)
    TIM_SetAutoreload                        0x080025a9   Thumb Code     4  stm32f4xx_tim.o(i.TIM_SetAutoreload)
    TIM_SetCompare2                          0x080025ad   Thumb Code     4  stm32f4xx_tim.o(i.TIM_SetCompare2)
    TIM_SetCounter                           0x080025b1   Thumb Code     4  stm32f4xx_tim.o(i.TIM_SetCounter)
    TIM_SetIC1Prescaler                      0x080025b5   Thumb Code    16  stm32f4xx_tim.o(i.TIM_SetIC1Prescaler)
    TIM_SetIC2Prescaler                      0x080025c5   Thumb Code    24  stm32f4xx_tim.o(i.TIM_SetIC2Prescaler)
    TIM_SetIC3Prescaler                      0x080025dd   Thumb Code    16  stm32f4xx_tim.o(i.TIM_SetIC3Prescaler)
    TIM_SetIC4Prescaler                      0x080025ed   Thumb Code    24  stm32f4xx_tim.o(i.TIM_SetIC4Prescaler)
    TIM_TimeBaseInit                         0x08002605   Thumb Code    96  stm32f4xx_tim.o(i.TIM_TimeBaseInit)
    TIM_TimeBaseStructInit                   0x08002681   Thumb Code    18  stm32f4xx_tim.o(i.TIM_TimeBaseStructInit)
    TIM_UpdateRequestConfig                  0x08002693   Thumb Code    20  stm32f4xx_tim.o(i.TIM_UpdateRequestConfig)
    TM_DMA_ClearFlag                         0x080026a9   Thumb Code    52  tm_stm32f4_dma.o(i.TM_DMA_ClearFlag)
    TM_DMA_ClearFlags                        0x080026ed   Thumb Code     6  tm_stm32f4_dma.o(i.TM_DMA_ClearFlags)
    TM_DMA_DirectModeErrorHandler            0x080026f3   Thumb Code     2  tm_stm32f4_dma.o(i.TM_DMA_DirectModeErrorHandler)
    TM_DMA_FIFOErrorHandler                  0x080026f5   Thumb Code     2  tm_stm32f4_dma.o(i.TM_DMA_FIFOErrorHandler)
    TM_DMA_GetFlags                          0x080026f9   Thumb Code    50  tm_stm32f4_dma.o(i.TM_DMA_GetFlags)
    TM_DMA_HalfTransferCompleteHandler       0x0800273d   Thumb Code     2  tm_stm32f4_dma.o(i.TM_DMA_HalfTransferCompleteHandler)
    TM_DMA_TransferCompleteHandler           0x080027a5   Thumb Code     2  tm_stm32f4_dma.o(i.TM_DMA_TransferCompleteHandler)
    TM_DMA_TransferErrorHandler              0x080027a7   Thumb Code     2  tm_stm32f4_dma.o(i.TM_DMA_TransferErrorHandler)
    TM_GPIO_GetPortSource                    0x080027a9   Thumb Code    10  tm_stm32f4_gpio.o(i.TM_GPIO_GetPortSource)
    TM_GPIO_INT_EnableClock                  0x080027b9   Thumb Code    20  tm_stm32f4_gpio.o(i.TM_GPIO_INT_EnableClock)
    TM_GPIO_INT_Init                         0x080027d1   Thumb Code   130  tm_stm32f4_gpio.o(i.TM_GPIO_INT_Init)
    TM_GPIO_Init                             0x08002859   Thumb Code    38  tm_stm32f4_gpio.o(i.TM_GPIO_Init)
    TM_GPIO_InitAlternate                    0x0800287f   Thumb Code    92  tm_stm32f4_gpio.o(i.TM_GPIO_InitAlternate)
    TM_UART4_InitPins                        0x080028dd   Thumb Code    60  tm_stm32f4_usart.o(i.TM_UART4_InitPins)
    TM_UART5_InitPins                        0x08002925   Thumb Code    56  tm_stm32f4_usart.o(i.TM_UART5_InitPins)
    TM_USART1_InitPins                       0x08002969   Thumb Code    60  tm_stm32f4_usart.o(i.TM_USART1_InitPins)
    TM_USART2_InitPins                       0x080029b1   Thumb Code    58  tm_stm32f4_usart.o(i.TM_USART2_InitPins)
    TM_USART3_InitPins                       0x080029f9   Thumb Code    76  tm_stm32f4_usart.o(i.TM_USART3_InitPins)
    TM_USART6_InitPins                       0x08002a55   Thumb Code    60  tm_stm32f4_usart.o(i.TM_USART6_InitPins)
    TM_USART_DMA_Init                        0x08002af9   Thumb Code    72  tm_stm32f4_usart_dma.o(i.TM_USART_DMA_Init)
    TM_USART_DMA_Send                        0x08002b4d   Thumb Code    78  tm_stm32f4_usart_dma.o(i.TM_USART_DMA_Send)
    TM_USART_FindCharacter                   0x08002ba1   Thumb Code    50  tm_stm32f4_usart.o(i.TM_USART_FindCharacter)
    TM_USART_Getc                            0x08002bd3   Thumb Code    52  tm_stm32f4_usart.o(i.TM_USART_Getc)
    TM_USART_Gets                            0x08002c07   Thumb Code    84  tm_stm32f4_usart.o(i.TM_USART_Gets)
    TM_USART_INT_GetSubPriority              0x08002c5d   Thumb Code    52  tm_stm32f4_usart.o(i.TM_USART_INT_GetSubPriority)
    TM_USART_INT_GetUsart                    0x08002ca9   Thumb Code    62  tm_stm32f4_usart.o(i.TM_USART_INT_GetUsart)
    TM_USART_INT_InsertToBuffer              0x08002e49   Thumb Code    38  tm_stm32f4_usart.o(i.TM_USART_INT_InsertToBuffer)
    TM_USART_Init                            0x08002e71   Thumb Code   158  tm_stm32f4_usart.o(i.TM_USART_Init)
    TM_USART_InitCustomPinsCallback          0x08002f29   Thumb Code     2  tm_stm32f4_usart.o(i.TM_USART_InitCustomPinsCallback)
    TM_WATCHDOG_Init                         0x08002f2d   Thumb Code   174  tm_stm32f4_watchdog.o(i.TM_WATCHDOG_Init)
    UART4_IRQHandler                         0x08002fe5   Thumb Code    24  tm_stm32f4_usart.o(i.UART4_IRQHandler)
    UART5_IRQHandler                         0x08003005   Thumb Code    20  tm_stm32f4_usart.o(i.UART5_IRQHandler)
    USART1_IRQHandler                        0x08003021   Thumb Code    20  tm_stm32f4_usart.o(i.USART1_IRQHandler)
    USART2_IRQHandler                        0x0800303d   Thumb Code    24  tm_stm32f4_usart.o(i.USART2_IRQHandler)
    USART3_IRQHandler                        0x0800305d   Thumb Code    24  tm_stm32f4_usart.o(i.USART3_IRQHandler)
    USART6_IRQHandler                        0x0800307d   Thumb Code    24  tm_stm32f4_usart.o(i.USART6_IRQHandler)
    USART_DeInit                             0x0800309d   Thumb Code   138  stm32f4xx_usart.o(i.USART_DeInit)
    USART_Init                               0x08003149   Thumb Code   164  stm32f4xx_usart.o(i.USART_Init)
    USBD_ClrCfg                              0x080031f5   Thumb Code    14  usbd_core.o(i.USBD_ClrCfg)
    USBD_CtlContinueRx                       0x08003203   Thumb Code    18  usbd_ioreq.o(i.USBD_CtlContinueRx)
    USBD_CtlContinueSendData                 0x08003215   Thumb Code    18  usbd_ioreq.o(i.USBD_CtlContinueSendData)
    USBD_CtlError                            0x08003227   Thumb Code    28  usbd_req.o(i.USBD_CtlError)
    USBD_CtlPrepareRx                        0x08003243   Thumb Code    32  usbd_ioreq.o(i.USBD_CtlPrepareRx)
    USBD_CtlReceiveStatus                    0x08003263   Thumb Code    34  usbd_ioreq.o(i.USBD_CtlReceiveStatus)
    USBD_CtlSendData                         0x08003285   Thumb Code    32  usbd_ioreq.o(i.USBD_CtlSendData)
    USBD_CtlSendStatus                       0x080032a5   Thumb Code    34  usbd_ioreq.o(i.USBD_CtlSendStatus)
    USBD_GetRxCount                          0x08003511   Thumb Code    16  usbd_ioreq.o(i.USBD_GetRxCount)
    USBD_GetString                           0x08003521   Thumb Code    70  usbd_req.o(i.USBD_GetString)
    USBD_Init                                0x08003567   Thumb Code    52  usbd_core.o(i.USBD_Init)
    USBD_OTG_EP1IN_ISR_Handler               0x080035b9   Thumb Code   116  usb_dcd_int.o(i.USBD_OTG_EP1IN_ISR_Handler)
    USBD_OTG_EP1OUT_ISR_Handler              0x08003631   Thumb Code    74  usb_dcd_int.o(i.USBD_OTG_EP1OUT_ISR_Handler)
    USBD_OTG_ISR_Handler                     0x08003681   Thumb Code   326  usb_dcd_int.o(i.USBD_OTG_ISR_Handler)
    USBD_ParseSetupRequest                   0x080037cd   Thumb Code    68  usbd_req.o(i.USBD_ParseSetupRequest)
    USBD_SetCfg                              0x08003865   Thumb Code    26  usbd_core.o(i.USBD_SetCfg)
    USBD_StdDevReq                           0x080039b9   Thumb Code   236  usbd_req.o(i.USBD_StdDevReq)
    USBD_StdEPReq                            0x08003aa9   Thumb Code   208  usbd_req.o(i.USBD_StdEPReq)
    USBD_StdItfReq                           0x08003b7d   Thumb Code    54  usbd_req.o(i.USBD_StdItfReq)
    USBD_USR_ConfigStrDescriptor             0x08003bd1   Thumb Code    16  usbd_desc.o(i.USBD_USR_ConfigStrDescriptor)
    USBD_USR_DeviceConfigured                0x08003bf5   Thumb Code    24  usbd_usr.o(i.USBD_USR_DeviceConfigured)
    USBD_USR_DeviceConnected                 0x08003c11   Thumb Code    12  usbd_usr.o(i.USBD_USR_DeviceConnected)
    USBD_USR_DeviceDescriptor                0x08003c21   Thumb Code     8  usbd_desc.o(i.USBD_USR_DeviceDescriptor)
    USBD_USR_DeviceDisconnected              0x08003c2d   Thumb Code    14  usbd_usr.o(i.USBD_USR_DeviceDisconnected)
    USBD_USR_DeviceReset                     0x08003c41   Thumb Code     2  usbd_usr.o(i.USBD_USR_DeviceReset)
    USBD_USR_DeviceResumed                   0x08003c45   Thumb Code    18  usbd_usr.o(i.USBD_USR_DeviceResumed)
    USBD_USR_DeviceSuspended                 0x08003c5d   Thumb Code    14  usbd_usr.o(i.USBD_USR_DeviceSuspended)
    USBD_USR_Init                            0x08003c71   Thumb Code     2  usbd_usr.o(i.USBD_USR_Init)
    USBD_USR_InterfaceStrDescriptor          0x08003c75   Thumb Code    16  usbd_desc.o(i.USBD_USR_InterfaceStrDescriptor)
    USBD_USR_LangIDStrDescriptor             0x08003c9d   Thumb Code     8  usbd_desc.o(i.USBD_USR_LangIDStrDescriptor)
    USBD_USR_ManufacturerStrDescriptor       0x08003ca9   Thumb Code    16  usbd_desc.o(i.USBD_USR_ManufacturerStrDescriptor)
    USBD_USR_ProductStrDescriptor            0x08003cc9   Thumb Code    22  usbd_desc.o(i.USBD_USR_ProductStrDescriptor)
    USBD_USR_SerialStrDescriptor             0x08003d0d   Thumb Code    44  usbd_desc.o(i.USBD_USR_SerialStrDescriptor)
    USB_OTG_BSP_EnableInterrupt              0x08003d6d   Thumb Code   102  usb_bsp.o(i.USB_OTG_BSP_EnableInterrupt)
    USB_OTG_BSP_Init                         0x08003dd5   Thumb Code   306  usb_bsp.o(i.USB_OTG_BSP_Init)
    USB_OTG_BSP_mDelay                       0x08003f15   Thumb Code    10  usb_bsp.o(i.USB_OTG_BSP_mDelay)
    USB_OTG_BSP_uDelay                       0x08003f1f   Thumb Code    22  usb_bsp.o(i.USB_OTG_BSP_uDelay)
    USB_OTG_CoreInit                         0x08003f35   Thumb Code   128  usb_core.o(i.USB_OTG_CoreInit)
    USB_OTG_CoreInitDev                      0x08003fb5   Thumb Code   342  usb_core.o(i.USB_OTG_CoreInitDev)
    USB_OTG_DisableGlobalInt                 0x08004165   Thumb Code    16  usb_core.o(i.USB_OTG_DisableGlobalInt)
    USB_OTG_EP0Activate                      0x08004175   Thumb Code    58  usb_core.o(i.USB_OTG_EP0Activate)
    USB_OTG_EP0StartXfer                     0x080041af   Thumb Code   184  usb_core.o(i.USB_OTG_EP0StartXfer)
    USB_OTG_EP0_OutStart                     0x08004269   Thumb Code    32  usb_core.o(i.USB_OTG_EP0_OutStart)
    USB_OTG_EPActivate                       0x0800428d   Thumb Code   104  usb_core.o(i.USB_OTG_EPActivate)
    USB_OTG_EPClearStall                     0x080042f5   Thumb Code    50  usb_core.o(i.USB_OTG_EPClearStall)
    USB_OTG_EPDeactivate                     0x08004327   Thumb Code    78  usb_core.o(i.USB_OTG_EPDeactivate)
    USB_OTG_EPSetStall                       0x08004375   Thumb Code    48  usb_core.o(i.USB_OTG_EPSetStall)
    USB_OTG_EPStartXfer                      0x080043a5   Thumb Code   298  usb_core.o(i.USB_OTG_EPStartXfer)
    USB_OTG_EnableDevInt                     0x080044d1   Thumb Code    66  usb_core.o(i.USB_OTG_EnableDevInt)
    USB_OTG_EnableGlobalInt                  0x08004519   Thumb Code    16  usb_core.o(i.USB_OTG_EnableGlobalInt)
    USB_OTG_FlushRxFifo                      0x08004529   Thumb Code    54  usb_core.o(i.USB_OTG_FlushRxFifo)
    USB_OTG_FlushTxFifo                      0x08004565   Thumb Code    62  usb_core.o(i.USB_OTG_FlushTxFifo)
    USB_OTG_GetDeviceSpeed                   0x080045a9   Thumb Code    38  usb_core.o(i.USB_OTG_GetDeviceSpeed)
    USB_OTG_InitDevSpeed                     0x080045cf   Thumb Code    12  usb_core.o(i.USB_OTG_InitDevSpeed)
    USB_OTG_IsDeviceMode                     0x080045db   Thumb Code    18  usb_core.o(i.USB_OTG_IsDeviceMode)
    USB_OTG_ReadCoreItr                      0x080045ed   Thumb Code    10  usb_core.o(i.USB_OTG_ReadCoreItr)
    USB_OTG_ReadDevAllInEPItr                0x080045f7   Thumb Code    12  usb_core.o(i.USB_OTG_ReadDevAllInEPItr)
    USB_OTG_ReadDevAllOutEp_itr              0x08004603   Thumb Code    12  usb_core.o(i.USB_OTG_ReadDevAllOutEp_itr)
    USB_OTG_ReadDevOutEP_itr                 0x0800460f   Thumb Code    16  usb_core.o(i.USB_OTG_ReadDevOutEP_itr)
    USB_OTG_ReadPacket                       0x0800461f   Thumb Code    32  usb_core.o(i.USB_OTG_ReadPacket)
    USB_OTG_SelectCore                       0x08004641   Thumb Code   190  usb_core.o(i.USB_OTG_SelectCore)
    USB_OTG_SetCurrentMode                   0x08004705   Thumb Code    42  usb_core.o(i.USB_OTG_SetCurrentMode)
    USB_OTG_UngateClock                      0x0800472f   Thumb Code    30  usb_core.o(i.USB_OTG_UngateClock)
    USB_OTG_WritePacket                      0x0800474d   Thumb Code    40  usb_core.o(i.USB_OTG_WritePacket)
    UsageFault_Handler                       0x08004775   Thumb Code     2  stm32fxxx_it.o(i.UsageFault_Handler)
    __0sprintf$8                             0x08004779   Thumb Code    34  printf8.o(i.__0sprintf$8)
    __1sprintf$8                             0x08004779   Thumb Code     0  printf8.o(i.__0sprintf$8)
    __2sprintf                               0x08004779   Thumb Code     0  printf8.o(i.__0sprintf$8)
    __hardfp_sqrt                            0x080047a1   Thumb Code   122  sqrt.o(i.__hardfp_sqrt)
    __scatterload_copy                       0x0800481b   Thumb Code    14  handlers.o(i.__scatterload_copy)
    __scatterload_null                       0x08004829   Thumb Code     2  handlers.o(i.__scatterload_null)
    __scatterload_zeroinit                   0x0800482b   Thumb Code    14  handlers.o(i.__scatterload_zeroinit)
    __set_errno                              0x08004839   Thumb Code     6  errno.o(i.__set_errno)
    action_failed_send                       0x08004cb1   Thumb Code    32  can.o(i.action_failed_send)
    action_success_send                      0x08004cd9   Thumb Code    26  can.o(i.action_success_send)
    action_value_send                        0x08004cfd   Thumb Code    44  can.o(i.action_value_send)
    action_value_send_none_80                0x08004d2d   Thumb Code    34  can.o(i.action_value_send_none_80)
    adc_value_conv_temperature               0x08004d55   Thumb Code    70  b3470.o(i.adc_value_conv_temperature)
    adc_value_filter                         0x08004da1   Thumb Code   134  b3470.o(i.adc_value_filter)
    adc_value_get                            0x08004e29   Thumb Code    44  b3470.o(i.adc_value_get)
    angle                                    0x08004e59   Thumb Code   210  msd_test.o(i.angle)
    b3470_get_temperature_offset             0x08004f65   Thumb Code    26  b3470.o(i.b3470_get_temperature_offset)
    b3470_init                               0x08004f81   Thumb Code   152  b3470.o(i.b3470_init)
    buzzer_mission                           0x08005025   Thumb Code    10  buzzer.o(i.buzzer_mission)
    can_mutil_frame_send                     0x08005035   Thumb Code   204  can.o(i.can_mutil_frame_send)
    close_inter_fan                          0x0800510d   Thumb Code    10  cooler.o(i.close_inter_fan)
    coder_gpio_init                          0x0800511d   Thumb Code    42  coder.o(i.coder_gpio_init)
    configureEncoder                         0x0800514d   Thumb Code   182  coder.o(i.configureEncoder)
    cooler_init                              0x0800520d   Thumb Code    52  cooler.o(i.cooler_init)
    cooler_off                               0x08005245   Thumb Code    42  cooler.o(i.cooler_off)
    cooler_on                                0x0800527d   Thumb Code    38  cooler.o(i.cooler_on)
    cooler_pwm_mission                       0x080052ad   Thumb Code    94  cooler.o(i.cooler_pwm_mission)
    flash_get_para                           0x08005315   Thumb Code   158  stmflash.o(i.flash_get_para)
    flash_init                               0x080053b9   Thumb Code    20  stmflash.o(i.flash_init)
    flash_mission_polling                    0x080053d5   Thumb Code   126  stmflash.o(i.flash_mission_polling)
    get_steps                                0x08005461   Thumb Code    28  microstepdriver.o(i.get_steps)
    led_mission_polling                      0x08005485   Thumb Code   210  notification.o(i.led_mission_polling)
    led_to_notification                      0x08005561   Thumb Code    10  notification.o(i.led_to_notification)
    lm75a_mission_polling                    0x08005571   Thumb Code   118  temp_control.o(i.lm75a_mission_polling)
    lm75a_temp_read_polling                  0x080055f5   Thumb Code   286  temp_control.o(i.lm75a_temp_read_polling)
    main                                     0x0800571d   Thumb Code   548  main.o(i.main)
    mission_failed_send                      0x08005991   Thumb Code    24  can.o(i.mission_failed_send)
    mission_polling                          0x080059ad   Thumb Code   778  mission.o(i.mission_polling)
    mission_success_send                     0x08005d0d   Thumb Code    24  can.o(i.mission_success_send)
    motor_finish                             0x08005d29   Thumb Code    16  msd_test.o(i.motor_finish)
    motor_inject_offset_position             0x08005d41   Thumb Code   184  msd_test.o(i.motor_inject_offset_position)
    motor_maintain_polling                   0x08005e05   Thumb Code   180  msd_test.o(i.motor_maintain_polling)
    motor_move_polling                       0x08005ec9   Thumb Code    80  msd_test.o(i.motor_move_polling)
    motor_reset                              0x08005f25   Thumb Code   272  msd_test.o(i.motor_reset)
    motor_shocking                           0x08006051   Thumb Code   194  msd_test.o(i.motor_shocking)
    motor_timeout_check                      0x08006125   Thumb Code    62  msd_test.o(i.motor_timeout_check)
    motor_timer_set                          0x08006171   Thumb Code    16  msd_test.o(i.motor_timer_set)
    move_to_position                         0x08006189   Thumb Code    52  msd_test.o(i.move_to_position)
    offset_calc                              0x080061c1   Thumb Code   336  stmflash.o(i.offset_calc)
    one_can_frame_send                       0x08006319   Thumb Code    76  can.o(i.one_can_frame_send)
    one_dimension_code_init                  0x08006371   Thumb Code    58  one_dimension_code.o(i.one_dimension_code_init)
    one_dimension_code_mission_polling       0x080063b9   Thumb Code   178  one_dimension_code.o(i.one_dimension_code_mission_polling)
    one_dimension_code_read                  0x08006479   Thumb Code    10  one_dimension_code.o(i.one_dimension_code_read)
    open_inter_fan                           0x0800648d   Thumb Code    10  cooler.o(i.open_inter_fan)
    parpareUSBframe                          0x0800649d   Thumb Code   106  can.o(i.parpareUSBframe)
    parpare_buffer                           0x08006511   Thumb Code   114  usart_screen.o(i.parpare_buffer)
    poniter_add                              0x080065bd   Thumb Code    22  can.o(i.poniter_add)
    poniter_plus_one                         0x080065d3   Thumb Code    18  can.o(i.poniter_plus_one)
    power_init                               0x080065e5   Thumb Code    50  cooler.o(i.power_init)
    power_off                                0x0800661d   Thumb Code    22  cooler.o(i.power_off)
    power_on                                 0x08006639   Thumb Code    22  cooler.o(i.power_on)
    record_position                          0x08006655   Thumb Code    54  microstepdriver.o(i.record_position)
    record_steps                             0x08006691   Thumb Code    44  microstepdriver.o(i.record_steps)
    reser_screen                             0x080066c9   Thumb Code    36  temp_control.o(i.reser_screen)
    step_to_move_calc                        0x080066fd   Thumb Code   222  msd_test.o(i.step_to_move_calc)
    stmflash_read_reverse                    0x08006815   Thumb Code    50  stmflash.o(i.stmflash_read_reverse)
    su_mission_polling                       0x0800684d   Thumb Code   190  usart_screen.o(i.su_mission_polling)
    system_attribute_init                    0x08006921   Thumb Code    34  wwdg.o(i.system_attribute_init)
    temp_display_mission                     0x08006961   Thumb Code   512  temp_control.o(i.temp_display_mission)
    temp_faded                               0x08006b85   Thumb Code    64  temp_control.o(i.temp_faded)
    timer_reset                              0x08006bc9   Thumb Code    78  mission.o(i.timer_reset)
    watch_dog_recovery                       0x08006e29   Thumb Code    94  wwdg.o(i.watch_dog_recovery)
    wdg_flag_clear                           0x08006ea1   Thumb Code     6  wwdg.o(i.wdg_flag_clear)
    wdg_flag_set                             0x08006ea7   Thumb Code     6  wwdg.o(i.wdg_flag_set)
    wdg_motor_mission_recovery               0x08006ead   Thumb Code    12  wwdg.o(i.wdg_motor_mission_recovery)
    wdg_motor_mission_set                    0x08006eb9   Thumb Code    18  wwdg.o(i.wdg_motor_mission_set)
    Region$$Table$$Base                      0x08006ee0   Number         0  anon$$obj.o(Region$$Table)
    Region$$Table$$Limit                     0x08006f00   Number         0  anon$$obj.o(Region$$Table)
    temp_control                             0x10000000   Data           1  can.o(.ARM.__AT_0x10000000)
    power_satus                              0x10000004   Data           1  can.o(.ARM.__AT_0x10000004)
    USBRxCanBufferIndex                      0x10000008   Data           1  can.o(.ARM.__AT_0x10000008)
    USBRxIndex                               0x1000000c   Data           1  can.o(.ARM.__AT_0x1000000C)
    canRxMsgBufferIndex                      0x10000010   Data           2  can.o(.ARM.__AT_0x10000010)
    canRxIndex                               0x10000014   Data           2  can.o(.ARM.__AT_0x10000014)
    usart_state                              0x10000018   Data           1  mission.o(.ARM.__AT_0x10000018)
    CanRxMessage                             0x10000218   Data       10000  can.o(.ARM.__AT_0x10000218)
    USBRxMessage                             0x10002928   Data        5100  can.o(.ARM.__AT_0x10002928)
    DeviceConfigured                         0x20000000   Data           1  usbd_usr.o(.data)
    USR_cb                                   0x20000004   Data          28  usbd_usr.o(.data)
    USR_desc                                 0x20000020   Data          28  usbd_desc.o(.data)
    USBD_LangIDDesc                          0x2000003c   Data           4  usbd_desc.o(.data)
    USBD_DeviceDesc                          0x20000040   Data          18  usbd_desc.o(.data)
    USBD_DeviceQualifierDesc                 0x20000052   Data          10  usbd_desc.o(.data)
    USBD_DCD_INT_cb                          0x2000005c   Data          44  usbd_core.o(.data)
    USBD_DCD_INT_fops                        0x20000088   Data           4  usbd_core.o(.data)
    SET_TEST_MODE                            0x2000008c   Data           4  usbd_core.o(.data)
    USBD_ep_status                           0x20000094   Data           4  usbd_req.o(.data)
    USBD_default_cfg                         0x20000098   Data           4  usbd_req.o(.data)
    USBD_cfg_status                          0x2000009c   Data           4  usbd_req.o(.data)
    USB_StatusDataSended                     0x200000a0   Data           1  usbd_cdc_core.o(.data)
    USB_ReceivedCount                        0x200000a4   Data           4  usbd_cdc_core.o(.data)
    CmdBuff                                  0x200000b4   Data           8  usbd_cdc_core.o(.data)
    usbd_cdc_CfgDesc                         0x200000bc   Data          32  usbd_cdc_core.o(.data)
    usbd_cdc_OtherCfgDesc                    0x200000dc   Data          32  usbd_cdc_core.o(.data)
    USBD_CDC_cb                              0x200000fc   Data          48  usbd_cdc_core.o(.data)
    usb_timeout                              0x2000013c   Data           4  main.o(.data)
    time                                     0x20000140   Data           4  stm32fxxx_it.o(.data)
    USB2CAN_STATE                            0x20000144   Data           1  can.o(.data)
    coder_init_count                         0x20000148   Data           1  coder.o(.data)
    coder_setp                               0x2000014c   Data           4  coder.o(.data)
    status                                   0x20000150   Data           1  microstepdriver.o(.data)
    step_begain                              0x20000152   Data           2  microstepdriver.o(.data)
    stepPosition                             0x20000154   Data           4  microstepdriver.o(.data)
    rct_t                                    0x20000164   Data           7  usart_screen.o(.data)
    motor_tims                               0x20000170   Data           1  mission.o(.data)
    usb_waittime                             0x20000174   Data           4  mission.o(.data)
    version                                  0x20000178   Data           7  mission.o(.data)
    power_off_state                          0x2000017f   Data           1  cooler.o(.data)
    cooler_received_command                  0x20000180   Data           1  cooler.o(.data)
    table_B3470                              0x20000182   Data         142  b3470.o(.data)
    lm75_status                              0x20000210   Data           1  temp_control.o(.data)
    gobal_temp_flag                          0x20000211   Data           1  temp_control.o(.data)
    gobal_temp                               0x20000212   Data           2  temp_control.o(.data)
    _iwdg                                    0x20000214   Data          20  wwdg.o(.data)
    SystemCoreClock                          0x20000228   Data           4  system_stm32f4xx.o(.data)
    AHBPrescTable                            0x2000022c   Data          16  system_stm32f4xx.o(.data)
    TM_USART1                                0x2000026c   Data          16  tm_stm32f4_usart.o(.data)
    TM_USART2                                0x2000027c   Data          16  tm_stm32f4_usart.o(.data)
    TM_USART3                                0x2000028c   Data          16  tm_stm32f4_usart.o(.data)
    TM_UART4                                 0x2000029c   Data          16  tm_stm32f4_usart.o(.data)
    TM_UART5                                 0x200002ac   Data          16  tm_stm32f4_usart.o(.data)
    TM_USART6                                0x200002bc   Data          16  tm_stm32f4_usart.o(.data)
    USBD_StrDesc                             0x200002e9   Data         255  usbd_req.o(.bss)
    USB_Rx_Buffer                            0x200003e8   Data        2048  usbd_cdc_core.o(.bss)
    USB_OTG_dev                              0x20000be8   Data        1524  main.o(.bss)
    mission_state                            0x200011dc   Data         255  can.o(.bss)
    srd                                      0x200012dc   Data          36  microstepdriver.o(.bss)
    motor                                    0x20001300   Data          40  msd_test.o(.bss)
    odc                                      0x20001328   Data         216  one_dimension_code.o(.bss)
    sut                                      0x20001400   Data          12  usart_screen.o(.bss)
    screen_tx_buffer                         0x2000140c   Data          20  usart_screen.o(.bss)
    screen_rx_buffer                         0x20001420   Data          20  usart_screen.o(.bss)
    fmt                                      0x20001464   Data          52  stmflash.o(.bss)
    buzzer                                   0x20001498   Data          44  buzzer.o(.bss)
    lmt                                      0x200014c4   Data          20  notification.o(.bss)
    LM75_tx_buffer                           0x200014d8   Data          20  temp_control.o(.bss)
    LM75_rx_buffer                           0x200014ec   Data          20  temp_control.o(.bss)
    LM75t                                    0x20001500   Data          20  temp_control.o(.bss)
    lm35_t                                   0x20001514   Data          72  temp_control.o(.bss)
    TM_USART1_Buffer                         0x200015b0   Data          32  tm_stm32f4_usart.o(.bss)
    TM_USART2_Buffer                         0x200015d0   Data          32  tm_stm32f4_usart.o(.bss)
    TM_USART3_Buffer                         0x200015f0   Data          32  tm_stm32f4_usart.o(.bss)
    TM_UART4_Buffer                          0x20001610   Data          32  tm_stm32f4_usart.o(.bss)
    TM_UART5_Buffer                          0x20001630   Data          32  tm_stm32f4_usart.o(.bss)
    TM_USART6_Buffer                         0x20001650   Data          32  tm_stm32f4_usart.o(.bss)
    __initial_sp                             0x20001a70   Data           0  startup_stm32f40_41xxx.o(STACK)



==============================================================================

Memory Map of the image

  Image Entry point : 0x08000189

  Load Region LR_IROM1 (Base: 0x08000000, Size: 0x000071d0, Max: 0x00100000, ABSOLUTE, COMPRESSED[0x000070a4])

    Execution Region ER_IROM1 (Base: 0x08000000, Size: 0x00006f00, Max: 0x00100000, ABSOLUTE)

    Base Addr    Size         Type   Attr      Idx    E Section Name        Object

    0x08000000   0x00000188   Data   RO         4794    RESET               startup_stm32f40_41xxx.o
    0x08000188   0x00000000   Code   RO         5403  * .ARM.Collect$$$$00000000  mc_w.l(entry.o)
    0x08000188   0x00000004   Code   RO         5685    .ARM.Collect$$$$00000001  mc_w.l(entry2.o)
    0x0800018c   0x00000004   Code   RO         5688    .ARM.Collect$$$$00000004  mc_w.l(entry5.o)
    0x08000190   0x00000000   Code   RO         5690    .ARM.Collect$$$$00000008  mc_w.l(entry7b.o)
    0x08000190   0x00000000   Code   RO         5692    .ARM.Collect$$$$0000000A  mc_w.l(entry8b.o)
    0x08000190   0x00000008   Code   RO         5693    .ARM.Collect$$$$0000000B  mc_w.l(entry9a.o)
    0x08000198   0x00000000   Code   RO         5695    .ARM.Collect$$$$0000000D  mc_w.l(entry10a.o)
    0x08000198   0x00000000   Code   RO         5697    .ARM.Collect$$$$0000000F  mc_w.l(entry11a.o)
    0x08000198   0x00000004   Code   RO         5686    .ARM.Collect$$$$00002712  mc_w.l(entry2.o)
    0x0800019c   0x00000024   Code   RO         4795    .text               startup_stm32f40_41xxx.o
    0x080001c0   0x00000024   Code   RO         5406    .text               mc_w.l(memcpya.o)
    0x080001e4   0x0000014e   Code   RO         5673    .text               mf_w.l(dadd.o)
    0x08000332   0x000000e4   Code   RO         5675    .text               mf_w.l(dmul.o)
    0x08000416   0x000000de   Code   RO         5677    .text               mf_w.l(ddiv.o)
    0x080004f4   0x0000001a   Code   RO         5679    .text               mf_w.l(dfltui.o)
    0x0800050e   0x00000032   Code   RO         5681    .text               mf_w.l(dfixui.o)
    0x08000540   0x00000038   Code   RO         5683    .text               mf_w.l(d2f.o)
    0x08000578   0x00000062   Code   RO         5702    .text               mc_w.l(uldiv.o)
    0x080005da   0x0000001e   Code   RO         5704    .text               mc_w.l(llshl.o)
    0x080005f8   0x00000020   Code   RO         5706    .text               mc_w.l(llushr.o)
    0x08000618   0x00000024   Code   RO         5708    .text               mc_w.l(llsshr.o)
    0x0800063c   0x00000000   Code   RO         5717    .text               mc_w.l(iusefp.o)
    0x0800063c   0x0000006e   Code   RO         5718    .text               mf_w.l(fepilogue.o)
    0x080006aa   0x000000ba   Code   RO         5720    .text               mf_w.l(depilogue.o)
    0x08000764   0x000000a2   Code   RO         5722    .text               mf_w.l(dsqrt.o)
    0x08000806   0x00000002   PAD
    0x08000808   0x00000024   Code   RO         5730    .text               mc_w.l(init.o)
    0x0800082c   0x00000056   Code   RO         5740    .text               mc_w.l(__dczerorl2.o)
    0x08000882   0x00000014   Code   RO         1176    i.ADC_Cmd           stm32f4xx_adc.o
    0x08000896   0x00000002   PAD
    0x08000898   0x0000002c   Code   RO         1177    i.ADC_CommonInit    stm32f4xx_adc.o
    0x080008c4   0x00000006   Code   RO         1188    i.ADC_GetConversionValue  stm32f4xx_adc.o
    0x080008ca   0x0000000e   Code   RO         1189    i.ADC_GetFlagStatus  stm32f4xx_adc.o
    0x080008d8   0x0000004c   Code   RO         1196    i.ADC_Init          stm32f4xx_adc.o
    0x08000924   0x00000074   Code   RO         1201    i.ADC_RegularChannelConfig  stm32f4xx_adc.o
    0x08000998   0x0000000a   Code   RO         1203    i.ADC_SoftwareStartConv  stm32f4xx_adc.o
    0x080009a2   0x00000002   PAD
    0x080009a4   0x00000040   Code   RO         4299    i.BUZZER_Init       buzzer.o
    0x080009e4   0x000000c0   Code   RO         4300    i.BUZZER_mission_polling  buzzer.o
    0x08000aa4   0x00000002   Code   RO         3577    i.BusFault_Handler  stm32fxxx_it.o
    0x08000aa6   0x00000002   PAD
    0x08000aa8   0x000000e4   Code   RO         3768    i.CAN1_Mode_Init    can.o
    0x08000b8c   0x00000040   Code   RO         3769    i.CAN1_RX0_IRQHandler  can.o
    0x08000bcc   0x000000cc   Code   RO         1422    i.CAN_FilterInit    stm32f4xx_can.o
    0x08000c98   0x00000010   Code   RO         1428    i.CAN_ITConfig      stm32f4xx_can.o
    0x08000ca8   0x000000e8   Code   RO         1429    i.CAN_Init          stm32f4xx_can.o
    0x08000d90   0x0000008e   Code   RO         1432    i.CAN_Receive       stm32f4xx_can.o
    0x08000e1e   0x000000a4   Code   RO         1437    i.CAN_Transmit      stm32f4xx_can.o
    0x08000ec2   0x0000002c   Code   RO          427    i.DCD_EP_Close      usb_dcd.o
    0x08000eee   0x00000038   Code   RO          428    i.DCD_EP_ClrStall   usb_dcd.o
    0x08000f26   0x00000018   Code   RO          429    i.DCD_EP_Flush      usb_dcd.o
    0x08000f3e   0x0000003c   Code   RO          430    i.DCD_EP_Open       usb_dcd.o
    0x08000f7a   0x00000044   Code   RO          431    i.DCD_EP_PrepareRx  usb_dcd.o
    0x08000fbe   0x00000010   Code   RO          432    i.DCD_EP_SetAddress  usb_dcd.o
    0x08000fce   0x00000038   Code   RO          433    i.DCD_EP_Stall      usb_dcd.o
    0x08001006   0x0000003e   Code   RO          434    i.DCD_EP_Tx         usb_dcd.o
    0x08001044   0x000000cc   Code   RO          352    i.DCD_HandleInEP_ISR  usb_dcd_int.o
    0x08001110   0x000000ac   Code   RO          353    i.DCD_HandleOutEP_ISR  usb_dcd_int.o
    0x080011bc   0x0000007c   Code   RO          354    i.DCD_HandleRxStatusQueueLevel_ISR  usb_dcd_int.o
    0x08001238   0x00000070   Code   RO          355    i.DCD_HandleUSBSuspend_ISR  usb_dcd_int.o
    0x080012a8   0x00000090   Code   RO          356    i.DCD_HandleUsbReset_ISR  usb_dcd_int.o
    0x08001338   0x00000092   Code   RO          436    i.DCD_Init          usb_dcd.o
    0x080013ca   0x00000072   Code   RO          357    i.DCD_WriteEmptyTxFifo  usb_dcd_int.o
    0x0800143c   0x0000000c   Code   RO         4802    i.DMA1_Stream0_IRQHandler  tm_stm32f4_dma.o
    0x08001448   0x0000000c   Code   RO         4803    i.DMA1_Stream1_IRQHandler  tm_stm32f4_dma.o
    0x08001454   0x0000000c   Code   RO         4804    i.DMA1_Stream2_IRQHandler  tm_stm32f4_dma.o
    0x08001460   0x0000000c   Code   RO         4805    i.DMA1_Stream3_IRQHandler  tm_stm32f4_dma.o
    0x0800146c   0x0000000c   Code   RO         4806    i.DMA1_Stream4_IRQHandler  tm_stm32f4_dma.o
    0x08001478   0x0000000c   Code   RO         4807    i.DMA1_Stream5_IRQHandler  tm_stm32f4_dma.o
    0x08001484   0x0000000c   Code   RO         4808    i.DMA1_Stream6_IRQHandler  tm_stm32f4_dma.o
    0x08001490   0x0000000c   Code   RO         4809    i.DMA1_Stream7_IRQHandler  tm_stm32f4_dma.o
    0x0800149c   0x0000000c   Code   RO         4810    i.DMA2_Stream1_IRQHandler  tm_stm32f4_dma.o
    0x080014a8   0x0000000c   Code   RO         4811    i.DMA2_Stream2_IRQHandler  tm_stm32f4_dma.o
    0x080014b4   0x0000000c   Code   RO         4812    i.DMA2_Stream3_IRQHandler  tm_stm32f4_dma.o
    0x080014c0   0x0000000c   Code   RO         4813    i.DMA2_Stream4_IRQHandler  tm_stm32f4_dma.o
    0x080014cc   0x0000000c   Code   RO         4814    i.DMA2_Stream5_IRQHandler  tm_stm32f4_dma.o
    0x080014d8   0x0000000c   Code   RO         4815    i.DMA2_Stream6_IRQHandler  tm_stm32f4_dma.o
    0x080014e4   0x0000000c   Code   RO         4816    i.DMA2_Stream7_IRQHandler  tm_stm32f4_dma.o
    0x080014f0   0x00000054   Code   RO         1597    i.DMA_Init          stm32f4xx_dma.o
    0x08001544   0x00000002   Code   RO         3578    i.DebugMon_Handler  stm32fxxx_it.o
    0x08001546   0x00000002   PAD
    0x08001548   0x0000001c   Code   RO         3886    i.EXTI0_IRQHandler  coder.o
    0x08001564   0x0000004a   Code   RO         3887    i.EXTIX_Init        coder.o
    0x080015ae   0x00000002   PAD
    0x080015b0   0x0000000c   Code   RO         1716    i.EXTI_ClearITPendingBit  stm32f4xx_exti.o
    0x080015bc   0x00000070   Code   RO         1721    i.EXTI_Init         stm32f4xx_exti.o
    0x0800162c   0x0000006c   Code   RO         1787    i.FLASH_EraseSector  stm32f4xx_flash.o
    0x08001698   0x0000003c   Code   RO         1789    i.FLASH_GetStatus   stm32f4xx_flash.o
    0x080016d4   0x00000010   Code   RO         1793    i.FLASH_Lock        stm32f4xx_flash.o
    0x080016e4   0x0000003c   Code   RO         1817    i.FLASH_ProgramWord  stm32f4xx_flash.o
    0x08001720   0x00000024   Code   RO         1819    i.FLASH_Unlock      stm32f4xx_flash.o
    0x08001744   0x0000001e   Code   RO         1820    i.FLASH_WaitForLastOperation  stm32f4xx_flash.o
    0x08001762   0x00000078   Code   RO         2040    i.GPIO_Init         stm32f4xx_gpio.o
    0x080017da   0x00000020   Code   RO         2041    i.GPIO_PinAFConfig  stm32f4xx_gpio.o
    0x080017fa   0x00000004   Code   RO         2047    i.GPIO_ResetBits    stm32f4xx_gpio.o
    0x080017fe   0x00000004   Code   RO         2048    i.GPIO_SetBits      stm32f4xx_gpio.o
    0x08001802   0x00000002   PAD
    0x08001804   0x00000030   Code   RO         4532    i.Get_Adc           adc.o
    0x08001834   0x0000009a   Code   RO         4533    i.Get_Adc_Average   adc.o
    0x080018ce   0x00000002   Code   RO         3579    i.HardFault_Handler  stm32fxxx_it.o
    0x080018d0   0x0000000c   Code   RO         4342    i.LED1_OFF          notification.o
    0x080018dc   0x0000000c   Code   RO         4343    i.LED1_ON           notification.o
    0x080018e8   0x00000040   Code   RO         4344    i.LED1_init         notification.o
    0x08001928   0x0000000c   Code   RO         4345    i.LED_OFF           notification.o
    0x08001934   0x0000000c   Code   RO         4346    i.LED_ON            notification.o
    0x08001940   0x0000003c   Code   RO         4348    i.LED_init          notification.o
    0x0800197c   0x000000a0   Code   RO         4630    i.LM75_parpare_buffer  temp_control.o
    0x08001a1c   0x0000003c   Code   RO         4028    i.MM_position       msd_test.o
    0x08001a58   0x000000a0   Code   RO         3941    i.MSD_GPIO_Config   microstepdriver.o
    0x08001af8   0x00000028   Code   RO         3942    i.MSD_Init          microstepdriver.o
    0x08001b20   0x0000015c   Code   RO         3943    i.MSD_Move          microstepdriver.o
    0x08001c7c   0x00000018   Code   RO         3944    i.MSD_StepCounter   microstepdriver.o
    0x08001c94   0x00000002   Code   RO         3580    i.MemManage_Handler  stm32fxxx_it.o
    0x08001c96   0x00000002   Code   RO         3581    i.NMI_Handler       stm32fxxx_it.o
    0x08001c98   0x00000064   Code   RO         1122    i.NVIC_Init         misc.o
    0x08001cfc   0x00000014   Code   RO         1123    i.NVIC_PriorityGroupConfig  misc.o
    0x08001d10   0x0000000c   Code   RO         3582    i.OTG_HS_EP1_IN_IRQHandler  stm32fxxx_it.o
    0x08001d1c   0x0000000c   Code   RO         3583    i.OTG_HS_EP1_OUT_IRQHandler  stm32fxxx_it.o
    0x08001d28   0x0000000c   Code   RO         3584    i.OTG_HS_IRQHandler  stm32fxxx_it.o
    0x08001d34   0x00000030   Code   RO         3585    i.OTG_HS_WKUP_IRQHandler  stm32fxxx_it.o
    0x08001d64   0x00000002   Code   RO         3586    i.PendSV_Handler    stm32fxxx_it.o
    0x08001d66   0x00000002   PAD
    0x08001d68   0x00000018   Code   RO         2309    i.RCC_AHB1PeriphClockCmd  stm32f4xx_rcc.o
    0x08001d80   0x00000018   Code   RO         2318    i.RCC_APB1PeriphClockCmd  stm32f4xx_rcc.o
    0x08001d98   0x00000018   Code   RO         2320    i.RCC_APB1PeriphResetCmd  stm32f4xx_rcc.o
    0x08001db0   0x00000018   Code   RO         2321    i.RCC_APB2PeriphClockCmd  stm32f4xx_rcc.o
    0x08001dc8   0x00000018   Code   RO         2323    i.RCC_APB2PeriphResetCmd  stm32f4xx_rcc.o
    0x08001de0   0x00000090   Code   RO         2330    i.RCC_GetClocksFreq  stm32f4xx_rcc.o
    0x08001e70   0x00000034   Code   RO         2331    i.RCC_GetFlagStatus  stm32f4xx_rcc.o
    0x08001ea4   0x000000a0   Code   RO         4215    i.STMFLASH_GetFlashSector  stmflash.o
    0x08001f44   0x00000014   Code   RO         4216    i.STMFLASH_Read     stmflash.o
    0x08001f58   0x00000074   Code   RO         4218    i.STMFLASH_Write    stmflash.o
    0x08001fcc   0x00000002   Code   RO         3587    i.SVC_Handler       stm32fxxx_it.o
    0x08001fce   0x00000002   PAD
    0x08001fd0   0x00000030   Code   RO         2650    i.SYSCFG_EXTILineConfig  stm32f4xx_syscfg.o
    0x08002000   0x000000b4   Code   RO         4754    i.SetSysClock       system_stm32f4xx.o
    0x080020b4   0x00000010   Code   RO         3588    i.SysTick_Handler   stm32fxxx_it.o
    0x080020c4   0x0000005c   Code   RO         4756    i.SystemInit        system_stm32f4xx.o
    0x08002120   0x0000002e   Code   RO         2707    i.TI1_Config        stm32f4xx_tim.o
    0x0800214e   0x00000036   Code   RO         2708    i.TI2_Config        stm32f4xx_tim.o
    0x08002184   0x000001b8   Code   RO         3945    i.TIM2_IRQHandler   microstepdriver.o
    0x0800233c   0x00000014   Code   RO         2709    i.TIM_ARRPreloadConfig  stm32f4xx_tim.o
    0x08002350   0x00000006   Code   RO         2715    i.TIM_ClearFlag     stm32f4xx_tim.o
    0x08002356   0x00000006   Code   RO         2716    i.TIM_ClearITPendingBit  stm32f4xx_tim.o
    0x0800235c   0x00000014   Code   RO         2721    i.TIM_Cmd           stm32f4xx_tim.o
    0x08002370   0x00000032   Code   RO         2730    i.TIM_EncoderInterfaceConfig  stm32f4xx_tim.o
    0x080023a2   0x00000018   Code   RO         2742    i.TIM_GetITStatus   stm32f4xx_tim.o
    0x080023ba   0x000000ac   Code   RO         2744    i.TIM_ICInit        stm32f4xx_tim.o
    0x08002466   0x00000010   Code   RO         2745    i.TIM_ICStructInit  stm32f4xx_tim.o
    0x08002476   0x00000010   Code   RO         2746    i.TIM_ITConfig      stm32f4xx_tim.o
    0x08002486   0x0000008e   Code   RO         3946    i.TIM_Mode_Config   microstepdriver.o
    0x08002514   0x00000080   Code   RO         2755    i.TIM_OC2Init       stm32f4xx_tim.o
    0x08002594   0x00000014   Code   RO         2758    i.TIM_OC2PreloadConfig  stm32f4xx_tim.o
    0x080025a8   0x00000004   Code   RO         2781    i.TIM_SetAutoreload  stm32f4xx_tim.o
    0x080025ac   0x00000004   Code   RO         2784    i.TIM_SetCompare2   stm32f4xx_tim.o
    0x080025b0   0x00000004   Code   RO         2787    i.TIM_SetCounter    stm32f4xx_tim.o
    0x080025b4   0x00000010   Code   RO         2788    i.TIM_SetIC1Prescaler  stm32f4xx_tim.o
    0x080025c4   0x00000018   Code   RO         2789    i.TIM_SetIC2Prescaler  stm32f4xx_tim.o
    0x080025dc   0x00000010   Code   RO         2790    i.TIM_SetIC3Prescaler  stm32f4xx_tim.o
    0x080025ec   0x00000018   Code   RO         2791    i.TIM_SetIC4Prescaler  stm32f4xx_tim.o
    0x08002604   0x0000007c   Code   RO         2793    i.TIM_TimeBaseInit  stm32f4xx_tim.o
    0x08002680   0x00000012   Code   RO         2794    i.TIM_TimeBaseStructInit  stm32f4xx_tim.o
    0x08002692   0x00000014   Code   RO         2796    i.TIM_UpdateRequestConfig  stm32f4xx_tim.o
    0x080026a6   0x00000002   PAD
    0x080026a8   0x00000044   Code   RO         4817    i.TM_DMA_ClearFlag  tm_stm32f4_dma.o
    0x080026ec   0x00000006   Code   RO         4818    i.TM_DMA_ClearFlags  tm_stm32f4_dma.o
    0x080026f2   0x00000002   Code   RO         4819    i.TM_DMA_DirectModeErrorHandler  tm_stm32f4_dma.o
    0x080026f4   0x00000002   Code   RO         4822    i.TM_DMA_FIFOErrorHandler  tm_stm32f4_dma.o
    0x080026f6   0x00000002   PAD
    0x080026f8   0x00000044   Code   RO         4823    i.TM_DMA_GetFlags   tm_stm32f4_dma.o
    0x0800273c   0x00000002   Code   RO         4824    i.TM_DMA_HalfTransferCompleteHandler  tm_stm32f4_dma.o
    0x0800273e   0x00000066   Code   RO         4825    i.TM_DMA_INT_ProcessInterrupt  tm_stm32f4_dma.o
    0x080027a4   0x00000002   Code   RO         4826    i.TM_DMA_TransferCompleteHandler  tm_stm32f4_dma.o
    0x080027a6   0x00000002   Code   RO         4827    i.TM_DMA_TransferErrorHandler  tm_stm32f4_dma.o
    0x080027a8   0x00000010   Code   RO         4984    i.TM_GPIO_GetPortSource  tm_stm32f4_gpio.o
    0x080027b8   0x00000018   Code   RO         4987    i.TM_GPIO_INT_EnableClock  tm_stm32f4_gpio.o
    0x080027d0   0x00000088   Code   RO         4988    i.TM_GPIO_INT_Init  tm_stm32f4_gpio.o
    0x08002858   0x00000026   Code   RO         4989    i.TM_GPIO_Init      tm_stm32f4_gpio.o
    0x0800287e   0x0000005c   Code   RO         4990    i.TM_GPIO_InitAlternate  tm_stm32f4_gpio.o
    0x080028da   0x00000002   PAD
    0x080028dc   0x00000048   Code   RO         5176    i.TM_UART4_InitPins  tm_stm32f4_usart.o
    0x08002924   0x00000044   Code   RO         5177    i.TM_UART5_InitPins  tm_stm32f4_usart.o
    0x08002968   0x00000048   Code   RO         5178    i.TM_USART1_InitPins  tm_stm32f4_usart.o
    0x080029b0   0x00000048   Code   RO         5179    i.TM_USART2_InitPins  tm_stm32f4_usart.o
    0x080029f8   0x0000005c   Code   RO         5180    i.TM_USART3_InitPins  tm_stm32f4_usart.o
    0x08002a54   0x00000048   Code   RO         5181    i.TM_USART6_InitPins  tm_stm32f4_usart.o
    0x08002a9c   0x0000005c   Code   RO         5100    i.TM_USART_DMA_INT_GetSettings  tm_stm32f4_usart_dma.o
    0x08002af8   0x00000054   Code   RO         5101    i.TM_USART_DMA_Init  tm_stm32f4_usart_dma.o
    0x08002b4c   0x00000054   Code   RO         5104    i.TM_USART_DMA_Send  tm_stm32f4_usart_dma.o
    0x08002ba0   0x00000032   Code   RO         5185    i.TM_USART_FindCharacter  tm_stm32f4_usart.o
    0x08002bd2   0x00000034   Code   RO         5186    i.TM_USART_Getc     tm_stm32f4_usart.o
    0x08002c06   0x00000054   Code   RO         5187    i.TM_USART_Gets     tm_stm32f4_usart.o
    0x08002c5a   0x00000002   PAD
    0x08002c5c   0x0000004c   Code   RO         5188    i.TM_USART_INT_GetSubPriority  tm_stm32f4_usart.o
    0x08002ca8   0x0000005c   Code   RO         5189    i.TM_USART_INT_GetUsart  tm_stm32f4_usart.o
    0x08002d04   0x00000144   Code   RO         5190    i.TM_USART_INT_Init  tm_stm32f4_usart.o
    0x08002e48   0x00000026   Code   RO         5191    i.TM_USART_INT_InsertToBuffer  tm_stm32f4_usart.o
    0x08002e6e   0x00000002   PAD
    0x08002e70   0x000000b8   Code   RO         5192    i.TM_USART_Init     tm_stm32f4_usart.o
    0x08002f28   0x00000002   Code   RO         5193    i.TM_USART_InitCustomPinsCallback  tm_stm32f4_usart.o
    0x08002f2a   0x00000002   PAD
    0x08002f2c   0x000000b8   Code   RO         5370    i.TM_WATCHDOG_Init  tm_stm32f4_watchdog.o
    0x08002fe4   0x00000020   Code   RO         5198    i.UART4_IRQHandler  tm_stm32f4_usart.o
    0x08003004   0x0000001c   Code   RO         5199    i.UART5_IRQHandler  tm_stm32f4_usart.o
    0x08003020   0x0000001c   Code   RO         5200    i.USART1_IRQHandler  tm_stm32f4_usart.o
    0x0800303c   0x00000020   Code   RO         5201    i.USART2_IRQHandler  tm_stm32f4_usart.o
    0x0800305c   0x00000020   Code   RO         5202    i.USART3_IRQHandler  tm_stm32f4_usart.o
    0x0800307c   0x00000020   Code   RO         5203    i.USART6_IRQHandler  tm_stm32f4_usart.o
    0x0800309c   0x000000ac   Code   RO         3264    i.USART_DeInit      stm32f4xx_usart.o
    0x08003148   0x000000ac   Code   RO         3269    i.USART_Init        stm32f4xx_usart.o
    0x080031f4   0x0000000e   Code   RO          735    i.USBD_ClrCfg       usbd_core.o
    0x08003202   0x00000012   Code   RO          830    i.USBD_CtlContinueRx  usbd_ioreq.o
    0x08003214   0x00000012   Code   RO          831    i.USBD_CtlContinueSendData  usbd_ioreq.o
    0x08003226   0x0000001c   Code   RO          893    i.USBD_CtlError     usbd_req.o
    0x08003242   0x00000020   Code   RO          832    i.USBD_CtlPrepareRx  usbd_ioreq.o
    0x08003262   0x00000022   Code   RO          833    i.USBD_CtlReceiveStatus  usbd_ioreq.o
    0x08003284   0x00000020   Code   RO          834    i.USBD_CtlSendData  usbd_ioreq.o
    0x080032a4   0x00000022   Code   RO          835    i.USBD_CtlSendStatus  usbd_ioreq.o
    0x080032c6   0x00000002   PAD
    0x080032c8   0x000000b0   Code   RO          736    i.USBD_DataInStage  usbd_core.o
    0x08003378   0x00000074   Code   RO          737    i.USBD_DataOutStage  usbd_core.o
    0x080033ec   0x00000124   Code   RO          894    i.USBD_GetDescriptor  usbd_req.o
    0x08003510   0x00000010   Code   RO          836    i.USBD_GetRxCount   usbd_ioreq.o
    0x08003520   0x00000046   Code   RO          895    i.USBD_GetString    usbd_req.o
    0x08003566   0x00000034   Code   RO          739    i.USBD_Init         usbd_core.o
    0x0800359a   0x0000000e   Code   RO          740    i.USBD_IsoINIncomplete  usbd_core.o
    0x080035a8   0x0000000e   Code   RO          741    i.USBD_IsoOUTIncomplete  usbd_core.o
    0x080035b6   0x00000002   PAD
    0x080035b8   0x00000078   Code   RO          358    i.USBD_OTG_EP1IN_ISR_Handler  usb_dcd_int.o
    0x08003630   0x00000050   Code   RO          359    i.USBD_OTG_EP1OUT_ISR_Handler  usb_dcd_int.o
    0x08003680   0x0000014c   Code   RO          360    i.USBD_OTG_ISR_Handler  usb_dcd_int.o
    0x080037cc   0x00000044   Code   RO          896    i.USBD_ParseSetupRequest  usbd_req.o
    0x08003810   0x0000002e   Code   RO          742    i.USBD_Reset        usbd_core.o
    0x0800383e   0x00000016   Code   RO          743    i.USBD_Resume       usbd_core.o
    0x08003854   0x00000010   Code   RO          744    i.USBD_SOF          usbd_core.o
    0x08003864   0x0000001a   Code   RO          745    i.USBD_SetCfg       usbd_core.o
    0x0800387e   0x00000002   PAD
    0x08003880   0x00000074   Code   RO          897    i.USBD_SetConfig    usbd_req.o
    0x080038f4   0x0000007c   Code   RO          898    i.USBD_SetFeature   usbd_req.o
    0x08003970   0x00000048   Code   RO          746    i.USBD_SetupStage   usbd_core.o
    0x080039b8   0x000000f0   Code   RO          899    i.USBD_StdDevReq    usbd_req.o
    0x08003aa8   0x000000d4   Code   RO          900    i.USBD_StdEPReq     usbd_req.o
    0x08003b7c   0x00000036   Code   RO          901    i.USBD_StdItfReq    usbd_req.o
    0x08003bb2   0x0000001c   Code   RO          747    i.USBD_Suspend      usbd_core.o
    0x08003bce   0x00000002   PAD
    0x08003bd0   0x00000024   Code   RO          659    i.USBD_USR_ConfigStrDescriptor  usbd_desc.o
    0x08003bf4   0x0000001c   Code   RO          566    i.USBD_USR_DeviceConfigured  usbd_usr.o
    0x08003c10   0x00000010   Code   RO          567    i.USBD_USR_DeviceConnected  usbd_usr.o
    0x08003c20   0x0000000c   Code   RO          660    i.USBD_USR_DeviceDescriptor  usbd_desc.o
    0x08003c2c   0x00000014   Code   RO          568    i.USBD_USR_DeviceDisconnected  usbd_usr.o
    0x08003c40   0x00000002   Code   RO          569    i.USBD_USR_DeviceReset  usbd_usr.o
    0x08003c42   0x00000002   PAD
    0x08003c44   0x00000018   Code   RO          570    i.USBD_USR_DeviceResumed  usbd_usr.o
    0x08003c5c   0x00000014   Code   RO          571    i.USBD_USR_DeviceSuspended  usbd_usr.o
    0x08003c70   0x00000002   Code   RO          572    i.USBD_USR_Init     usbd_usr.o
    0x08003c72   0x00000002   PAD
    0x08003c74   0x00000028   Code   RO          661    i.USBD_USR_InterfaceStrDescriptor  usbd_desc.o
    0x08003c9c   0x0000000c   Code   RO          662    i.USBD_USR_LangIDStrDescriptor  usbd_desc.o
    0x08003ca8   0x00000020   Code   RO          663    i.USBD_USR_ManufacturerStrDescriptor  usbd_desc.o
    0x08003cc8   0x00000044   Code   RO          664    i.USBD_USR_ProductStrDescriptor  usbd_desc.o
    0x08003d0c   0x00000048   Code   RO          665    i.USBD_USR_SerialStrDescriptor  usbd_desc.o
    0x08003d54   0x0000000c   Code   RO          970    i.USBD_cdc_GetCfgDesc  usbd_cdc_core.o
    0x08003d60   0x0000000c   Code   RO          971    i.USBD_cdc_GetOtherCfgDesc  usbd_cdc_core.o
    0x08003d6c   0x00000066   Code   RO          521    i.USB_OTG_BSP_EnableInterrupt  usb_bsp.o
    0x08003dd2   0x00000002   PAD
    0x08003dd4   0x00000140   Code   RO          522    i.USB_OTG_BSP_Init  usb_bsp.o
    0x08003f14   0x0000000a   Code   RO          523    i.USB_OTG_BSP_mDelay  usb_bsp.o
    0x08003f1e   0x00000016   Code   RO          524    i.USB_OTG_BSP_uDelay  usb_bsp.o
    0x08003f34   0x00000080   Code   RO            5    i.USB_OTG_CoreInit  usb_core.o
    0x08003fb4   0x00000156   Code   RO            6    i.USB_OTG_CoreInitDev  usb_core.o
    0x0800410a   0x00000002   PAD
    0x0800410c   0x00000058   Code   RO            7    i.USB_OTG_CoreReset  usb_core.o
    0x08004164   0x00000010   Code   RO            8    i.USB_OTG_DisableGlobalInt  usb_core.o
    0x08004174   0x0000003a   Code   RO            9    i.USB_OTG_EP0Activate  usb_core.o
    0x080041ae   0x000000b8   Code   RO           10    i.USB_OTG_EP0StartXfer  usb_core.o
    0x08004266   0x00000002   PAD
    0x08004268   0x00000024   Code   RO           11    i.USB_OTG_EP0_OutStart  usb_core.o
    0x0800428c   0x00000068   Code   RO           12    i.USB_OTG_EPActivate  usb_core.o
    0x080042f4   0x00000032   Code   RO           13    i.USB_OTG_EPClearStall  usb_core.o
    0x08004326   0x0000004e   Code   RO           14    i.USB_OTG_EPDeactivate  usb_core.o
    0x08004374   0x00000030   Code   RO           15    i.USB_OTG_EPSetStall  usb_core.o
    0x080043a4   0x0000012a   Code   RO           16    i.USB_OTG_EPStartXfer  usb_core.o
    0x080044ce   0x00000002   PAD
    0x080044d0   0x00000048   Code   RO           17    i.USB_OTG_EnableDevInt  usb_core.o
    0x08004518   0x00000010   Code   RO           18    i.USB_OTG_EnableGlobalInt  usb_core.o
    0x08004528   0x0000003c   Code   RO           19    i.USB_OTG_FlushRxFifo  usb_core.o
    0x08004564   0x00000044   Code   RO           20    i.USB_OTG_FlushTxFifo  usb_core.o
    0x080045a8   0x00000026   Code   RO           21    i.USB_OTG_GetDeviceSpeed  usb_core.o
    0x080045ce   0x0000000c   Code   RO           24    i.USB_OTG_InitDevSpeed  usb_core.o
    0x080045da   0x00000012   Code   RO           25    i.USB_OTG_IsDeviceMode  usb_core.o
    0x080045ec   0x0000000a   Code   RO           27    i.USB_OTG_ReadCoreItr  usb_core.o
    0x080045f6   0x0000000c   Code   RO           28    i.USB_OTG_ReadDevAllInEPItr  usb_core.o
    0x08004602   0x0000000c   Code   RO           29    i.USB_OTG_ReadDevAllOutEp_itr  usb_core.o
    0x0800460e   0x00000010   Code   RO           30    i.USB_OTG_ReadDevOutEP_itr  usb_core.o
    0x0800461e   0x00000020   Code   RO           32    i.USB_OTG_ReadPacket  usb_core.o
    0x0800463e   0x00000002   PAD
    0x08004640   0x000000c4   Code   RO           33    i.USB_OTG_SelectCore  usb_core.o
    0x08004704   0x0000002a   Code   RO           34    i.USB_OTG_SetCurrentMode  usb_core.o
    0x0800472e   0x0000001e   Code   RO           37    i.USB_OTG_UngateClock  usb_core.o
    0x0800474c   0x00000028   Code   RO           38    i.USB_OTG_WritePacket  usb_core.o
    0x08004774   0x00000002   Code   RO         3589    i.UsageFault_Handler  stm32fxxx_it.o
    0x08004776   0x00000002   PAD
    0x08004778   0x00000028   Code   RO         5621    i.__0sprintf$8      mc_w.l(printf8.o)
    0x080047a0   0x0000007a   Code   RO         5391    i.__hardfp_sqrt     m_wm.l(sqrt.o)
    0x0800481a   0x0000000e   Code   RO         5734    i.__scatterload_copy  mc_w.l(handlers.o)
    0x08004828   0x00000002   Code   RO         5735    i.__scatterload_null  mc_w.l(handlers.o)
    0x0800482a   0x0000000e   Code   RO         5736    i.__scatterload_zeroinit  mc_w.l(handlers.o)
    0x08004838   0x0000000c   Code   RO         5712    i.__set_errno       mc_w.l(errno.o)
    0x08004844   0x00000410   Code   RO         5626    i._printf_core      mc_w.l(printf8.o)
    0x08004c54   0x00000024   Code   RO         5627    i._printf_post_padding  mc_w.l(printf8.o)
    0x08004c78   0x0000002e   Code   RO         5628    i._printf_pre_padding  mc_w.l(printf8.o)
    0x08004ca6   0x0000000a   Code   RO         5630    i._sputc            mc_w.l(printf8.o)
    0x08004cb0   0x00000028   Code   RO         3770    i.action_failed_send  can.o
    0x08004cd8   0x00000024   Code   RO         3771    i.action_success_send  can.o
    0x08004cfc   0x00000030   Code   RO         3772    i.action_value_send  can.o
    0x08004d2c   0x00000028   Code   RO         3773    i.action_value_send_none_80  can.o
    0x08004d54   0x0000004c   Code   RO         4573    i.adc_value_conv_temperature  b3470.o
    0x08004da0   0x00000086   Code   RO         4574    i.adc_value_filter  b3470.o
    0x08004e26   0x00000002   PAD
    0x08004e28   0x00000030   Code   RO         4575    i.adc_value_get     b3470.o
    0x08004e58   0x0000010c   Code   RO         4029    i.angle             msd_test.o
    0x08004f64   0x0000001a   Code   RO         4577    i.b3470_get_temperature_offset  b3470.o
    0x08004f7e   0x00000002   PAD
    0x08004f80   0x000000a4   Code   RO         4578    i.b3470_init        b3470.o
    0x08005024   0x00000010   Code   RO         4301    i.buzzer_mission    buzzer.o
    0x08005034   0x000000d8   Code   RO         3774    i.can_mutil_frame_send  can.o
    0x0800510c   0x00000010   Code   RO         4455    i.close_inter_fan   cooler.o
    0x0800511c   0x00000030   Code   RO         3889    i.coder_gpio_init   coder.o
    0x0800514c   0x000000c0   Code   RO         3890    i.configureEncoder  coder.o
    0x0800520c   0x00000038   Code   RO         4456    i.cooler_init       cooler.o
    0x08005244   0x00000038   Code   RO         4457    i.cooler_off        cooler.o
    0x0800527c   0x00000030   Code   RO         4458    i.cooler_on         cooler.o
    0x080052ac   0x00000068   Code   RO         4459    i.cooler_pwm_mission  cooler.o
    0x08005314   0x000000a4   Code   RO         4219    i.flash_get_para    stmflash.o
    0x080053b8   0x0000001c   Code   RO         4220    i.flash_init        stmflash.o
    0x080053d4   0x0000008c   Code   RO         4221    i.flash_mission_polling  stmflash.o
    0x08005460   0x00000024   Code   RO         3947    i.get_steps         microstepdriver.o
    0x08005484   0x000000dc   Code   RO         4349    i.led_mission_polling  notification.o
    0x08005560   0x00000010   Code   RO         4350    i.led_to_notification  notification.o
    0x08005570   0x00000084   Code   RO         4631    i.lm75a_mission_polling  temp_control.o
    0x080055f4   0x00000128   Code   RO         4632    i.lm75a_temp_read_polling  temp_control.o
    0x0800571c   0x00000274   Code   RO         3516    i.main              main.o
    0x08005990   0x0000001c   Code   RO         3775    i.mission_failed_send  can.o
    0x080059ac   0x00000360   Code   RO         4417    i.mission_polling   mission.o
    0x08005d0c   0x0000001c   Code   RO         3776    i.mission_success_send  can.o
    0x08005d28   0x00000018   Code   RO         4030    i.motor_finish      msd_test.o
    0x08005d40   0x000000c4   Code   RO         4031    i.motor_inject_offset_position  msd_test.o
    0x08005e04   0x000000c4   Code   RO         4032    i.motor_maintain_polling  msd_test.o
    0x08005ec8   0x0000005c   Code   RO         4033    i.motor_move_polling  msd_test.o
    0x08005f24   0x0000012c   Code   RO         4034    i.motor_reset       msd_test.o
    0x08006050   0x000000d4   Code   RO         4035    i.motor_shocking    msd_test.o
    0x08006124   0x0000004c   Code   RO         4036    i.motor_timeout_check  msd_test.o
    0x08006170   0x00000018   Code   RO         4037    i.motor_timer_set   msd_test.o
    0x08006188   0x00000038   Code   RO         4038    i.move_to_position  msd_test.o
    0x080061c0   0x00000158   Code   RO         4222    i.offset_calc       stmflash.o
    0x08006318   0x00000058   Code   RO         3777    i.one_can_frame_send  can.o
    0x08006370   0x00000048   Code   RO         4127    i.one_dimension_code_init  one_dimension_code.o
    0x080063b8   0x000000c0   Code   RO         4128    i.one_dimension_code_mission_polling  one_dimension_code.o
    0x08006478   0x00000014   Code   RO         4129    i.one_dimension_code_read  one_dimension_code.o
    0x0800648c   0x00000010   Code   RO         4460    i.open_inter_fan    cooler.o
    0x0800649c   0x00000074   Code   RO         3778    i.parpareUSBframe   can.o
    0x08006510   0x000000ac   Code   RO         4177    i.parpare_buffer    usart_screen.o
    0x080065bc   0x00000016   Code   RO         3779    i.poniter_add       can.o
    0x080065d2   0x00000012   Code   RO         3780    i.poniter_plus_one  can.o
    0x080065e4   0x00000038   Code   RO         4461    i.power_init        cooler.o
    0x0800661c   0x0000001c   Code   RO         4462    i.power_off         cooler.o
    0x08006638   0x0000001c   Code   RO         4463    i.power_on          cooler.o
    0x08006654   0x0000003c   Code   RO         3948    i.record_position   microstepdriver.o
    0x08006690   0x00000038   Code   RO         3949    i.record_steps      microstepdriver.o
    0x080066c8   0x00000034   Code   RO         4633    i.reser_screen      temp_control.o
    0x080066fc   0x00000118   Code   RO         4039    i.step_to_move_calc  msd_test.o
    0x08006814   0x00000038   Code   RO         4224    i.stmflash_read_reverse  stmflash.o
    0x0800684c   0x000000d4   Code   RO         4178    i.su_mission_polling  usart_screen.o
    0x08006920   0x00000040   Code   RO         4693    i.system_attribute_init  wwdg.o
    0x08006960   0x00000224   Code   RO         4634    i.temp_display_mission  temp_control.o
    0x08006b84   0x00000044   Code   RO         4635    i.temp_faded        temp_control.o
    0x08006bc8   0x0000007c   Code   RO         4418    i.timer_reset       mission.o
    0x08006c44   0x00000014   Code   RO          972    i.usbd_cdc_DataIn   usbd_cdc_core.o
    0x08006c58   0x000000c4   Code   RO          973    i.usbd_cdc_DataOut  usbd_cdc_core.o
    0x08006d1c   0x00000016   Code   RO          974    i.usbd_cdc_DeInit   usbd_cdc_core.o
    0x08006d32   0x00000002   PAD
    0x08006d34   0x0000002c   Code   RO          975    i.usbd_cdc_EP0_RxReady  usbd_cdc_core.o
    0x08006d60   0x00000038   Code   RO          976    i.usbd_cdc_Init     usbd_cdc_core.o
    0x08006d98   0x00000090   Code   RO          977    i.usbd_cdc_Setup    usbd_cdc_core.o
    0x08006e28   0x00000078   Code   RO         4694    i.watch_dog_recovery  wwdg.o
    0x08006ea0   0x00000006   Code   RO         4695    i.wdg_flag_clear    wwdg.o
    0x08006ea6   0x00000006   Code   RO         4696    i.wdg_flag_set      wwdg.o
    0x08006eac   0x0000000c   Code   RO         4697    i.wdg_motor_mission_recovery  wwdg.o
    0x08006eb8   0x00000012   Code   RO         4698    i.wdg_motor_mission_set  wwdg.o
    0x08006eca   0x00000014   Data   RO         4828    .constdata          tm_stm32f4_dma.o
    0x08006ede   0x00000002   PAD
    0x08006ee0   0x00000020   Data   RO         5732    Region$$Table       anon$$obj.o


    Execution Region RW_IRAM2 (Base: 0x10000000, Size: 0x00003d14, Max: 0x00010000, ABSOLUTE, UNINIT)

    Base Addr    Size         Type   Attr      Idx    E Section Name        Object

    0x10000000   0x00000001   Zero   RW         3781    .ARM.__AT_0x10000000  can.o
    0x10000001   0x00000003   PAD
    0x10000004   0x00000001   Zero   RW         3782    .ARM.__AT_0x10000004  can.o
    0x10000005   0x00000003   PAD
    0x10000008   0x00000001   Zero   RW         3783    .ARM.__AT_0x10000008  can.o
    0x10000009   0x00000003   PAD
    0x1000000c   0x00000001   Zero   RW         3784    .ARM.__AT_0x1000000C  can.o
    0x1000000d   0x00000003   PAD
    0x10000010   0x00000002   Zero   RW         3785    .ARM.__AT_0x10000010  can.o
    0x10000012   0x00000002   PAD
    0x10000014   0x00000002   Zero   RW         3786    .ARM.__AT_0x10000014  can.o
    0x10000016   0x00000002   PAD
    0x10000018   0x00000001   Zero   RW         4419    .ARM.__AT_0x10000018  mission.o
    0x10000019   0x000001ff   PAD
    0x10000218   0x00002710   Zero   RW         3787    .ARM.__AT_0x10000218  can.o
    0x10002928   0x000013ec   Zero   RW         3788    .ARM.__AT_0x10002928  can.o


    Execution Region RW_IRAM1 (Base: 0x20000000, Size: 0x00001a70, Max: 0x00020000, ABSOLUTE, COMPRESSED[0x000001a4])

    Base Addr    Size         Type   Attr      Idx    E Section Name        Object

    0x20000000   0x00000001   Data   RW          573    .data               usbd_usr.o
    0x20000001   0x00000003   PAD
    0x20000004   0x0000001c   Data   RW          574    .data               usbd_usr.o
    0x20000020   0x0000001c   Data   RW          667    .data               usbd_desc.o
    0x2000003c   0x00000016   Data   RW          668    .data               usbd_desc.o
    0x20000052   0x0000000a   Data   RW          669    .data               usbd_desc.o
    0x2000005c   0x0000002c   Data   RW          748    .data               usbd_core.o
    0x20000088   0x00000004   Data   RW          749    .data               usbd_core.o
    0x2000008c   0x00000004   Data   RW          750    .data               usbd_core.o
    0x20000090   0x00000010   Data   RW          903    .data               usbd_req.o
    0x200000a0   0x0000005c   Data   RW          980    .data               usbd_cdc_core.o
    0x200000fc   0x00000030   Data   RW          981    .data               usbd_cdc_core.o
    0x2000012c   0x00000010   Data   RW         2362    .data               stm32f4xx_rcc.o
    0x2000013c   0x00000004   Data   RW         3519    .data               main.o
    0x20000140   0x00000004   Data   RW         3590    .data               stm32fxxx_it.o
    0x20000144   0x00000001   Data   RW         3790    .data               can.o
    0x20000145   0x00000003   PAD
    0x20000148   0x00000008   Data   RW         3891    .data               coder.o
    0x20000150   0x00000014   Data   RW         3952    .data               microstepdriver.o
    0x20000164   0x00000007   Data   RW         4180    .data               usart_screen.o
    0x2000016b   0x00000002   Data   RW         4226    .data               stmflash.o
    0x2000016d   0x00000003   PAD
    0x20000170   0x0000000f   Data   RW         4420    .data               mission.o
    0x2000017f   0x00000001   Data   RW         4464    .data               cooler.o
    0x20000180   0x00000001   Data   RW         4465    .data               cooler.o
    0x20000181   0x00000001   PAD
    0x20000182   0x0000008e   Data   RW         4579    .data               b3470.o
    0x20000210   0x00000004   Data   RW         4638    .data               temp_control.o
    0x20000214   0x00000014   Data   RW         4699    .data               wwdg.o
    0x20000228   0x00000014   Data   RW         4757    .data               system_stm32f4xx.o
    0x2000023c   0x00000030   Data   RW         5107    .data               tm_stm32f4_usart_dma.o
    0x2000026c   0x00000060   Data   RW         5210    .data               tm_stm32f4_usart.o
    0x200002cc   0x00000004   Data   RW         5713    .data               mc_w.l(errno.o)
    0x200002d0   0x00000019   Zero   RW          666    .bss                usbd_desc.o
    0x200002e9   0x000000ff   Zero   RW          902    .bss                usbd_req.o
    0x200003e8   0x00000800   Zero   RW          978    .bss                usbd_cdc_core.o
    0x20000be8   0x000005f4   Zero   RW         3517    .bss                main.o
    0x200011dc   0x000000ff   Zero   RW         3789    .bss                can.o
    0x200012db   0x00000001   PAD
    0x200012dc   0x00000024   Zero   RW         3950    .bss                microstepdriver.o
    0x20001300   0x00000028   Zero   RW         4040    .bss                msd_test.o
    0x20001328   0x000000d8   Zero   RW         4132    .bss                one_dimension_code.o
    0x20001400   0x00000034   Zero   RW         4179    .bss                usart_screen.o
    0x20001434   0x00000064   Zero   RW         4225    .bss                stmflash.o
    0x20001498   0x0000002c   Zero   RW         4302    .bss                buzzer.o
    0x200014c4   0x00000014   Zero   RW         4351    .bss                notification.o
    0x200014d8   0x00000084   Zero   RW         4636    .bss                temp_control.o
    0x2000155c   0x00000016   Zero   RW         4997    .bss                tm_stm32f4_gpio.o
    0x20001572   0x00000002   PAD
    0x20001574   0x0000003c   Zero   RW         5106    .bss                tm_stm32f4_usart_dma.o
    0x200015b0   0x00000020   Zero   RW         5204    .bss                tm_stm32f4_usart.o
    0x200015d0   0x00000020   Zero   RW         5205    .bss                tm_stm32f4_usart.o
    0x200015f0   0x00000020   Zero   RW         5206    .bss                tm_stm32f4_usart.o
    0x20001610   0x00000020   Zero   RW         5207    .bss                tm_stm32f4_usart.o
    0x20001630   0x00000020   Zero   RW         5208    .bss                tm_stm32f4_usart.o
    0x20001650   0x00000020   Zero   RW         5209    .bss                tm_stm32f4_usart.o
    0x20001670   0x00000400   Zero   RW         4792    STACK               startup_stm32f40_41xxx.o


==============================================================================

Image component sizes


      Code (inc. data)   RO Data    RW Data    ZI Data      Debug   Object Name

       202          4          0          0          0       2092   adc.o
       448         22          0        142          0       4438   b3470.o
       272         24          0          0         44       2705   buzzer.o
       972         94          0          1      15363      10007   can.o
       342         26          0          8          0       3072   coder.o
       408         68          0          2          0       5208   cooler.o
       628         80          0          4       1524      28830   main.o
      1306         82          0         20         36       9197   microstepdriver.o
       120         14          0          0          0       1771   misc.o
       988        160          0         15          1       3108   mission.o
      1784        246          0          0         40      11147   msd_test.o
       408         44          0          0         20       6188   notification.o
       284         44          0          0        216       3395   one_dimension_code.o
        36          8        392          0       1024        944   startup_stm32f40_41xxx.o
       286         20          0          0          0       6162   stm32f4xx_adc.o
       758         10          0          0          0       5264   stm32f4xx_can.o
        84          4          0          0          0       1955   stm32f4xx_dma.o
       124         10          0          0          0       1797   stm32f4xx_exti.o
       310         30          0          0          0       4655   stm32f4xx_flash.o
       160          0          0          0          0       3215   stm32f4xx_gpio.o
       316         48          0         16          0       7289   stm32f4xx_rcc.o
        48          6          0          0          0        740   stm32f4xx_syscfg.o
       832         36          0          0          0      17912   stm32f4xx_tim.o
       344         42          0          0          0       2568   stm32f4xx_usart.o
       116         32          0          4          0       6493   stm32fxxx_it.o
      1028        124          0          2        100       7987   stmflash.o
       272         36          0         20          0       1889   system_stm32f4xx.o
      1256        128          0          4        132       7145   temp_control.o
       434        124         20          0          0      14221   tm_stm32f4_dma.o
       306         16          0          0         22       4166   tm_stm32f4_gpio.o
      1534        234          0         96        192      15333   tm_stm32f4_usart.o
       260         48          0         48         60       3068   tm_stm32f4_usart_dma.o
       184         10          0          0          0        855   tm_stm32f4_watchdog.o
       384         86          0          7         52       2991   usart_screen.o
       454         14          0          0          0       2907   usb_bsp.o
      2104         32          0          0          0     379524   usb_core.o
       532          0          0          0          0       6995   usb_dcd.o
      1402         52          0          0          0       9202   usb_dcd_int.o
       506         46          0        140       2048      14584   usbd_cdc_core.o
       596          4          0         52          0      10096   usbd_core.o
       272        142          0         60         25       5900   usbd_desc.o
       184          0          0          0          0       5318   usbd_ioreq.o
      1204         52          0         16        255       9213   usbd_req.o
       112         26          0         29          0       4882   usbd_usr.o
       226         56          0         20          0       4428   wwdg.o

    ----------------------------------------------------------------------
     24884       2384        446        716      21684     660856   Object Totals
         0          0         32          0          0          0   (incl. Generated)
        58          0          2         10        530          0   (incl. Padding)

    ----------------------------------------------------------------------

      Code (inc. data)   RO Data    RW Data    ZI Data      Debug   Library Member Name

       122          0          0          0          0        148   sqrt.o
        86          0          0          0          0          0   __dczerorl2.o
         0          0          0          0          0          0   entry.o
         0          0          0          0          0          0   entry10a.o
         0          0          0          0          0          0   entry11a.o
         8          4          0          0          0          0   entry2.o
         4          0          0          0          0          0   entry5.o
         0          0          0          0          0          0   entry7b.o
         0          0          0          0          0          0   entry8b.o
         8          4          0          0          0          0   entry9a.o
        12          6          0          4          0         68   errno.o
        30          0          0          0          0          0   handlers.o
        36          8          0          0          0         68   init.o
         0          0          0          0          0          0   iusefp.o
        30          0          0          0          0         68   llshl.o
        36          0          0          0          0         68   llsshr.o
        32          0          0          0          0         68   llushr.o
        36          0          0          0          0         68   memcpya.o
      1172         50          0          0          0        420   printf8.o
        98          0          0          0          0         92   uldiv.o
        56          0          0          0          0         88   d2f.o
       334          0          0          0          0        148   dadd.o
       222          0          0          0          0        100   ddiv.o
       186          0          0          0          0        176   depilogue.o
        50          0          0          0          0         76   dfixui.o
        26          0          0          0          0         76   dfltui.o
       228          0          0          0          0         96   dmul.o
       162          0          0          0          0        100   dsqrt.o
       110          0          0          0          0        168   fepilogue.o

    ----------------------------------------------------------------------
      3086         72          0          4          0       2096   Library Totals
         2          0          0          0          0          0   (incl. Padding)

    ----------------------------------------------------------------------

      Code (inc. data)   RO Data    RW Data    ZI Data      Debug   Library Name

       122          0          0          0          0        148   m_wm.l
      1588         72          0          4          0        920   mc_w.l
      1374          0          0          0          0       1028   mf_w.l

    ----------------------------------------------------------------------
      3086         72          0          4          0       2096   Library Totals

    ----------------------------------------------------------------------

==============================================================================


      Code (inc. data)   RO Data    RW Data    ZI Data      Debug   

     27970       2456        446        720      21684     630748   Grand Totals
     27970       2456        446        420      21684     630748   ELF Image Totals (compressed)
     27970       2456        446        420          0          0   ROM Totals

==============================================================================

    Total RO  Size (Code + RO Data)                28416 (  27.75kB)
    Total RW  Size (RW Data + ZI Data)             22404 (  21.88kB)
    Total ROM Size (Code + RO Data + RW Data)      28836 (  28.16kB)

==============================================================================

