Product: MDK-ARM Standard 5.10
Component: ARM Compiler 5.04 update 1 (build 49)
Tool: armlink [5040049]

==============================================================================

Section Cross References

    usb_core.o(i.USB_OTG_ActiveRemoteWakeup) refers to usb_bsp.o(i.USB_OTG_BSP_mDelay) for USB_OTG_BSP_mDelay
    usb_core.o(i.USB_OTG_CoreInit) refers to usb_core.o(i.USB_OTG_CoreReset) for USB_OTG_CoreReset
    usb_core.o(i.USB_OTG_CoreInit) refers to usb_bsp.o(i.USB_OTG_BSP_mDelay) for USB_OTG_BSP_mDelay
    usb_core.o(i.USB_OTG_CoreInitDev) refers to usb_core.o(i.USB_OTG_InitDevSpeed) for USB_OTG_InitDevSpeed
    usb_core.o(i.USB_OTG_CoreInitDev) refers to usb_core.o(i.USB_OTG_FlushTxFifo) for USB_OTG_FlushTxFifo
    usb_core.o(i.USB_OTG_CoreInitDev) refers to usb_core.o(i.USB_OTG_FlushRxFifo) for USB_OTG_FlushRxFifo
    usb_core.o(i.USB_OTG_CoreInitDev) refers to usb_core.o(i.USB_OTG_EnableDevInt) for USB_OTG_EnableDevInt
    usb_core.o(i.USB_OTG_CoreReset) refers to usb_bsp.o(i.USB_OTG_BSP_uDelay) for USB_OTG_BSP_uDelay
    usb_core.o(i.USB_OTG_EPStartXfer) refers to usb_core.o(i.USB_OTG_WritePacket) for USB_OTG_WritePacket
    usb_core.o(i.USB_OTG_FlushRxFifo) refers to usb_bsp.o(i.USB_OTG_BSP_uDelay) for USB_OTG_BSP_uDelay
    usb_core.o(i.USB_OTG_FlushTxFifo) refers to usb_bsp.o(i.USB_OTG_BSP_uDelay) for USB_OTG_BSP_uDelay
    usb_core.o(i.USB_OTG_SetCurrentMode) refers to usb_bsp.o(i.USB_OTG_BSP_mDelay) for USB_OTG_BSP_mDelay
    usb_core.o(i.USB_OTG_SetEPStatus) refers to usb_core.o(i.USB_OTG_EPSetStall) for USB_OTG_EPSetStall
    usb_core.o(i.USB_OTG_SetEPStatus) refers to usb_core.o(i.USB_OTG_EPClearStall) for USB_OTG_EPClearStall
    usb_core.o(i.USB_OTG_StopDevice) refers to usb_core.o(i.USB_OTG_FlushRxFifo) for USB_OTG_FlushRxFifo
    usb_core.o(i.USB_OTG_StopDevice) refers to usb_core.o(i.USB_OTG_FlushTxFifo) for USB_OTG_FlushTxFifo
    usb_dcd_int.o(i.DCD_HandleInEP_ISR) refers to usb_core.o(i.USB_OTG_ReadDevAllInEPItr) for USB_OTG_ReadDevAllInEPItr
    usb_dcd_int.o(i.DCD_HandleInEP_ISR) refers to usb_core.o(i.USB_OTG_EP0_OutStart) for USB_OTG_EP0_OutStart
    usb_dcd_int.o(i.DCD_HandleInEP_ISR) refers to usb_dcd_int.o(i.DCD_WriteEmptyTxFifo) for DCD_WriteEmptyTxFifo
    usb_dcd_int.o(i.DCD_HandleInEP_ISR) refers to usbd_core.o(.data) for USBD_DCD_INT_fops
    usb_dcd_int.o(i.DCD_HandleOutEP_ISR) refers to usb_core.o(i.USB_OTG_ReadDevAllOutEp_itr) for USB_OTG_ReadDevAllOutEp_itr
    usb_dcd_int.o(i.DCD_HandleOutEP_ISR) refers to usb_core.o(i.USB_OTG_ReadDevOutEP_itr) for USB_OTG_ReadDevOutEP_itr
    usb_dcd_int.o(i.DCD_HandleOutEP_ISR) refers to usb_core.o(i.USB_OTG_EP0_OutStart) for USB_OTG_EP0_OutStart
    usb_dcd_int.o(i.DCD_HandleOutEP_ISR) refers to usbd_core.o(.data) for USBD_DCD_INT_fops
    usb_dcd_int.o(i.DCD_HandleRxStatusQueueLevel_ISR) refers to usb_core.o(i.USB_OTG_ReadPacket) for USB_OTG_ReadPacket
    usb_dcd_int.o(i.DCD_HandleUSBSuspend_ISR) refers to usbd_core.o(.data) for USBD_DCD_INT_fops
    usb_dcd_int.o(i.DCD_HandleUsbReset_ISR) refers to usb_core.o(i.USB_OTG_FlushTxFifo) for USB_OTG_FlushTxFifo
    usb_dcd_int.o(i.DCD_HandleUsbReset_ISR) refers to usb_core.o(i.USB_OTG_EP0_OutStart) for USB_OTG_EP0_OutStart
    usb_dcd_int.o(i.DCD_HandleUsbReset_ISR) refers to usbd_core.o(.data) for USBD_DCD_INT_fops
    usb_dcd_int.o(i.DCD_WriteEmptyTxFifo) refers to usb_core.o(i.USB_OTG_WritePacket) for USB_OTG_WritePacket
    usb_dcd_int.o(i.USBD_OTG_EP1IN_ISR_Handler) refers to usb_dcd_int.o(i.DCD_WriteEmptyTxFifo) for DCD_WriteEmptyTxFifo
    usb_dcd_int.o(i.USBD_OTG_EP1IN_ISR_Handler) refers to usbd_core.o(.data) for USBD_DCD_INT_fops
    usb_dcd_int.o(i.USBD_OTG_EP1OUT_ISR_Handler) refers to usbd_core.o(.data) for USBD_DCD_INT_fops
    usb_dcd_int.o(i.USBD_OTG_ISR_Handler) refers to usb_core.o(i.USB_OTG_IsDeviceMode) for USB_OTG_IsDeviceMode
    usb_dcd_int.o(i.USBD_OTG_ISR_Handler) refers to usb_core.o(i.USB_OTG_ReadCoreItr) for USB_OTG_ReadCoreItr
    usb_dcd_int.o(i.USBD_OTG_ISR_Handler) refers to usb_dcd_int.o(i.DCD_HandleOutEP_ISR) for DCD_HandleOutEP_ISR
    usb_dcd_int.o(i.USBD_OTG_ISR_Handler) refers to usb_dcd_int.o(i.DCD_HandleInEP_ISR) for DCD_HandleInEP_ISR
    usb_dcd_int.o(i.USBD_OTG_ISR_Handler) refers to usb_dcd_int.o(i.DCD_HandleUSBSuspend_ISR) for DCD_HandleUSBSuspend_ISR
    usb_dcd_int.o(i.USBD_OTG_ISR_Handler) refers to usb_dcd_int.o(i.DCD_HandleRxStatusQueueLevel_ISR) for DCD_HandleRxStatusQueueLevel_ISR
    usb_dcd_int.o(i.USBD_OTG_ISR_Handler) refers to usb_dcd_int.o(i.DCD_HandleUsbReset_ISR) for DCD_HandleUsbReset_ISR
    usb_dcd_int.o(i.USBD_OTG_ISR_Handler) refers to usb_core.o(i.USB_OTG_EP0Activate) for USB_OTG_EP0Activate
    usb_dcd_int.o(i.USBD_OTG_ISR_Handler) refers to usb_core.o(i.USB_OTG_GetDeviceSpeed) for USB_OTG_GetDeviceSpeed
    usb_dcd_int.o(i.USBD_OTG_ISR_Handler) refers to usbd_core.o(.data) for USBD_DCD_INT_fops
    usb_dcd.o(i.DCD_DevConnect) refers to usb_bsp.o(i.USB_OTG_BSP_mDelay) for USB_OTG_BSP_mDelay
[...]
    _main_scatterload                        0x0800018d   Thumb Code     0  entry5.o(.ARM.Collect$$$$00000004)
    __main_after_scatterload                 0x08000191   Thumb Code     0  entry5.o(.ARM.Collect$$$$00000004)
    _main_clock                              0x08000191   Thumb Code     0  entry7b.o(.ARM.Collect$$$$00000008)
    _main_cpp_init                           0x08000191   Thumb Code     0  entry8b.o(.ARM.Collect$$$$0000000A)
    _main_init                               0x08000191   Thumb Code     0  entry9a.o(.ARM.Collect$$$$0000000B)
    __rt_final_cpp                           0x08000199   Thumb Code     0  entry10a.o(.ARM.Collect$$$$0000000D)
    __rt_final_exit                          0x08000199   Thumb Code     0  entry11a.o(.ARM.Collect$$$$0000000F)
    Reset_Handler                            0x0800019d   Thumb Code     8  startup_stm32f40_41xxx.o(.text)
    ADC_IRQHandler                           0x080001b7   Thumb Code     0  startup_stm32f40_41xxx.o(.text)
    CAN1_RX1_IRQHandler                      0x080001b7   Thumb Code     0  startup_stm32f40_41xxx.o(.text)
    CAN1_SCE_IRQHandler                      0x080001b7   Thumb Code     0  startup_stm32f40_41xxx.o(.text)
    CAN1_TX_IRQHandler                       0x080001b7   Thumb Code     0  startup_stm32f40_41xxx.o(.text)
    CAN2_RX0_IRQHandler                      0x080001b7   Thumb Code     0  startup_stm32f40_41xxx.o(.text)
    CAN2_RX1_IRQHandler                      0x080001b7   Thumb Code     0  startup_stm32f40_41xxx.o(.text)
    CAN2_SCE_IRQHandler                      0x080001b7   Thumb Code     0  startup_stm32f40_41xxx.o(.text)
    CAN2_TX_IRQHandler                       0x080001b7   Thumb Code     0  startup_stm32f40_41xxx.o(.text)
    CRYP_IRQHandler                          0x080001b7   Thumb Code     0  startup_stm32f40_41xxx.o(.text)
    DCMI_IRQHandler                          0x080001b7   Thumb Code     0  startup_stm32f40_41xxx.o(.text)
    ETH_IRQHandler                           0x080001b7   Thumb Code     0  startup_stm32f40_41xxx.o(.text)
    ETH_WKUP_IRQHandler                      0x080001b7   Thumb Code     0  startup_stm32f40_41xxx.o(.text)
    EXTI15_10_IRQHandler                     0x080001b7   Thumb Code     0  startup_stm32f40_41xxx.o(.text)
    EXTI1_IRQHandler                         0x080001b7   Thumb Code     0  startup_stm32f40_41xxx.o(.text)
    EXTI2_IRQHandler                         0x080001b7   Thumb Code     0  startup_stm32f40_41xxx.o(.text)
    EXTI3_IRQHandler                         0x080001b7   Thumb Code     0  startup_stm32f40_41xxx.o(.text)
    EXTI4_IRQHandler                         0x080001b7   Thumb Code     0  startup_stm32f40_41xxx.o(.text)
    EXTI9_5_IRQHandler                       0x080001b7   Thumb Code     0  startup_stm32f40_41xxx.o(.text)
    FLASH_IRQHandler                         0x080001b7   Thumb Code     0  startup_stm32f40_41xxx.o(.text)
    FPU_IRQHandler                           0x080001b7   Thumb Code     0  startup_stm32f40_41xxx.o(.text)
    FSMC_IRQHandler                          0x080001b7   Thumb Code     0  startup_stm32f40_41xxx.o(.text)
    HASH_RNG_IRQHandler                      0x080001b7   Thumb Code     0  startup_stm32f40_41xxx.o(.text)
    I2C1_ER_IRQHandler                       0x080001b7   Thumb Code     0  startup_stm32f40_41xxx.o(.text)
    I2C1_EV_IRQHandler                       0x080001b7   Thumb Code     0  startup_stm32f40_41xxx.o(.text)
    I2C2_ER_IRQHandler                       0x080001b7   Thumb Code     0  startup_stm32f40_41xxx.o(.text)
    I2C2_EV_IRQHandler                       0x080001b7   Thumb Code     0  startup_stm32f40_41xxx.o(.text)
    I2C3_ER_IRQHandler                       0x080001b7   Thumb Code     0  startup_stm32f40_41xxx.o(.text)
    I2C3_EV_IRQHandler                       0x080001b7   Thumb Code     0  startup_stm32f40_41xxx.o(.text)
    OTG_FS_IRQHandler                        0x080001b7   Thumb Code     0  startup_stm32f40_41xxx.o(.text)
    OTG_FS_WKUP_IRQHandler                   0x080001b7   Thumb Code     0  startup_stm32f40_41xxx.o(.text)
    PVD_IRQHandler                           0x080001b7   Thumb Code     0  startup_stm32f40_41xxx.o(.text)
    RCC_IRQHandler                           0x080001b7   Thumb Code     0  startup_stm32f40_41xxx.o(.text)
    RTC_Alarm_IRQHandler                     0x080001b7   Thumb Code     0  startup_stm32f40_41xxx.o(.text)
    RTC_WKUP_IRQHandler                      0x080001b7   Thumb Code     0  startup_stm32f40_41xxx.o(.text)
    SDIO_IRQHandler                          0x080001b7   Thumb Code     0  startup_stm32f40_41xxx.o(.text)
    SPI1_IRQHandler                          0x080001b7   Thumb Code     0  startup_stm32f40_41xxx.o(.text)
    SPI2_IRQHandler                          0x080001b7   Thumb Code     0  startup_stm32f40_41xxx.o(.text)
    SPI3_IRQHandler                          0x080001b7   Thumb Code     0  startup_stm32f40_41xxx.o(.text)
    TAMP_STAMP_IRQHandler                    0x080001b7   Thumb Code     0  startup_stm32f40_41xxx.o(.text)
    TIM1_BRK_TIM9_IRQHandler                 0x080001b7   Thumb Code     0  startup_stm32f40_41xxx.o(.text)
    TIM1_CC_IRQHandler                       0x080001b7   Thumb Code     0  startup_stm32f40_41xxx.o(.text)
    TIM1_TRG_COM_TIM11_IRQHandler            0x080001b7   Thumb Code     0  startup_stm32f40_41xxx.o(.text)
    TIM1_UP_TIM10_IRQHandler                 0x080001b7   Thumb Code     0  startup_stm32f40_41xxx.o(.text)
    TIM3_IRQHandler                          0x080001b7   Thumb Code     0  startup_stm32f40_41xxx.o(.text)
    TIM4_IRQHandler                          0x080001b7   Thumb Code     0  startup_stm32f40_41xxx.o(.text)
    TIM5_IRQHandler                          0x080001b7   Thumb Code     0  startup_stm32f40_41xxx.o(.text)
    TIM6_DAC_IRQHandler                      0x080001b7   Thumb Code     0  startup_stm32f40_41xxx.o(.text)
    TIM7_IRQHandler                          0x080001b7   Thumb Code     0  startup_stm32f40_41xxx.o(.text)
    TIM8_BRK_TIM12_IRQHandler                0x080001b7   Thumb Code     0  startup_stm32f40_41xxx.o(.text)
    TIM8_CC_IRQHandler                       0x080001b7   Thumb Code     0  startup_stm32f40_41xxx.o(.text)
    TIM8_TRG_COM_TIM14_IRQHandler            0x080001b7   Thumb Code     0  startup_stm32f40_41xxx.o(.text)
    TIM8_UP_TIM13_IRQHandler                 0x080001b7   Thumb Code     0  startup_stm32f40_41xxx.o(.text)
    WWDG_IRQHandler                          0x080001b7   Thumb Code     0  startup_stm32f40_41xxx.o(.text)
    __aeabi_memcpy                           0x080001c1   Thumb Code    36  memcpya.o(.text)
    __aeabi_memcpy4                          0x080001c1   Thumb Code     0  memcpya.o(.text)
    __aeabi_memcpy8                          0x080001c1   Thumb Code     0  memcpya.o(.text)
    __aeabi_dadd                             0x080001e5   Thumb Code   322  dadd.o(.text)
    __aeabi_dsub                             0x08000327   Thumb Code     6  dadd.o(.text)
    __aeabi_drsub                            0x0800032d   Thumb Code     6  dadd.o(.text)
    __aeabi_dmul                             0x08000333   Thumb Code   228  dmul.o(.text)
    __aeabi_ddiv                             0x08000417   Thumb Code   222  ddiv.o(.text)
    __aeabi_ui2d                             0x080004f5   Thumb Code    26  dfltui.o(.text)
    __aeabi_d2uiz                            0x0800050f   Thumb Code    50  dfixui.o(.text)
    __aeabi_d2f                              0x08000541   Thumb Code    56  d2f.o(.text)
    __aeabi_uldivmod                         0x08000579   Thumb Code    98  uldiv.o(.text)
    __aeabi_llsl                             0x080005db   Thumb Code    30  llshl.o(.text)
    _ll_shift_l                              0x080005db   Thumb Code     0  llshl.o(.text)
    __aeabi_llsr                             0x080005f9   Thumb Code    32  llushr.o(.text)
    _ll_ushift_r                             0x080005f9   Thumb Code     0  llushr.o(.text)
    __aeabi_lasr                             0x08000619   Thumb Code    36  llsshr.o(.text)
    _ll_sshift_r                             0x08000619   Thumb Code     0  llsshr.o(.text)
    __I$use$fp                               0x0800063d   Thumb Code     0  iusefp.o(.text)
    _float_round                             0x0800063d   Thumb Code    18  fepilogue.o(.text)
    _float_epilogue                          0x0800064f   Thumb Code    92  fepilogue.o(.text)
    _double_round                            0x080006ab   Thumb Code    26  depilogue.o(.text)
    _double_epilogue                         0x080006c5   Thumb Code   156  depilogue.o(.text)
    _dsqrt                                   0x08000761   Thumb Code   162  dsqrt.o(.text)
    __scatterload                            0x08000805   Thumb Code    28  init.o(.text)
    __scatterload_rt2                        0x08000805   Thumb Code     0  init.o(.text)
    __decompress                             0x08000829   Thumb Code     0  __dczerorl2.o(.text)
    __decompress1                            0x08000829   Thumb Code    86  __dczerorl2.o(.text)
    ADC_Cmd                                  0x0800087f   Thumb Code    20  stm32f4xx_adc.o(i.ADC_Cmd)
    ADC_CommonInit                           0x08000895   Thumb Code    34  stm32f4xx_adc.o(i.ADC_CommonInit)
    ADC_GetConversionValue                   0x080008c1   Thumb Code     6  stm32f4xx_adc.o(i.ADC_GetConversionValue)
    ADC_GetFlagStatus                        0x080008c7   Thumb Code    14  stm32f4xx_adc.o(i.ADC_GetFlagStatus)
    ADC_Init                                 0x080008d5   Thumb Code    66  stm32f4xx_adc.o(i.ADC_Init)
    ADC_RegularChannelConfig                 0x08000921   Thumb Code   116  stm32f4xx_adc.o(i.ADC_RegularChannelConfig)
    ADC_SoftwareStartConv                    0x08000995   Thumb Code    10  stm32f4xx_adc.o(i.ADC_SoftwareStartConv)
    Adc_Init                                 0x080009a1   Thumb Code   126  adc.o(i.Adc_Init)
    BUZZER_Init                              0x08000a29   Thumb Code    58  buzzer.o(i.BUZZER_Init)
    BUZZER_mission_polling                   0x08000a69   Thumb Code   180  buzzer.o(i.BUZZER_mission_polling)
    BusFault_Handler                         0x08000b29   Thumb Code     2  stm32fxxx_it.o(i.BusFault_Handler)
    CAN1_Mode_Init                           0x08000b2d   Thumb Code   218  can.o(i.CAN1_Mode_Init)
    CAN1_RX0_IRQHandler                      0x08000c11   Thumb Code    52  can.o(i.CAN1_RX0_IRQHandler)
    CAN_FilterInit                           0x08000c51   Thumb Code   194  stm32f4xx_can.o(i.CAN_FilterInit)
    CAN_ITConfig                             0x08000d1d   Thumb Code    16  stm32f4xx_can.o(i.CAN_ITConfig)
    CAN_Init                                 0x08000d2d   Thumb Code   232  stm32f4xx_can.o(i.CAN_Init)
    CAN_Receive                              0x08000e15   Thumb Code   142  stm32f4xx_can.o(i.CAN_Receive)
    CAN_Transmit                             0x08000ea3   Thumb Code   164  stm32f4xx_can.o(i.CAN_Transmit)
    DCD_EP_Close                             0x08000f47   Thumb Code    44  usb_dcd.o(i.DCD_EP_Close)
    DCD_EP_ClrStall                          0x08000f73   Thumb Code    56  usb_dcd.o(i.DCD_EP_ClrStall)
    DCD_EP_Flush                             0x08000fab   Thumb Code    24  usb_dcd.o(i.DCD_EP_Flush)
    DCD_EP_Open                              0x08000fc3   Thumb Code    60  usb_dcd.o(i.DCD_EP_Open)
    DCD_EP_PrepareRx                         0x08000fff   Thumb Code    68  usb_dcd.o(i.DCD_EP_PrepareRx)
    DCD_EP_SetAddress                        0x08001043   Thumb Code    16  usb_dcd.o(i.DCD_EP_SetAddress)
    DCD_EP_Stall                             0x08001053   Thumb Code    56  usb_dcd.o(i.DCD_EP_Stall)
    DCD_EP_Tx                                0x0800108b   Thumb Code    62  usb_dcd.o(i.DCD_EP_Tx)
    DCD_Init                                 0x080013bd   Thumb Code   146  usb_dcd.o(i.DCD_Init)
    DMA1_Stream0_IRQHandler                  0x080014c1   Thumb Code     6  tm_stm32f4_dma.o(i.DMA1_Stream0_IRQHandler)
    DMA1_Stream1_IRQHandler                  0x080014cd   Thumb Code     6  tm_stm32f4_dma.o(i.DMA1_Stream1_IRQHandler)
    DMA1_Stream2_IRQHandler                  0x080014d9   Thumb Code     6  tm_stm32f4_dma.o(i.DMA1_Stream2_IRQHandler)
    DMA1_Stream3_IRQHandler                  0x080014e5   Thumb Code     6  tm_stm32f4_dma.o(i.DMA1_Stream3_IRQHandler)
    DMA1_Stream4_IRQHandler                  0x080014f1   Thumb Code     6  tm_stm32f4_dma.o(i.DMA1_Stream4_IRQHandler)
    DMA1_Stream5_IRQHandler                  0x080014fd   Thumb Code     6  tm_stm32f4_dma.o(i.DMA1_Stream5_IRQHandler)
    DMA1_Stream6_IRQHandler                  0x08001509   Thumb Code     6  tm_stm32f4_dma.o(i.DMA1_Stream6_IRQHandler)
    DMA1_Stream7_IRQHandler                  0x08001515   Thumb Code     6  tm_stm32f4_dma.o(i.DMA1_Stream7_IRQHandler)
    DMA2_Stream0_IRQHandler                  0x08001521   Thumb Code    40  lm75a.o(i.DMA2_Stream0_IRQHandler)
    DMA2_Stream1_IRQHandler                  0x08001551   Thumb Code     6  tm_stm32f4_dma.o(i.DMA2_Stream1_IRQHandler)
    DMA2_Stream2_IRQHandler                  0x0800155d   Thumb Code     6  tm_stm32f4_dma.o(i.DMA2_Stream2_IRQHandler)
    DMA2_Stream3_IRQHandler                  0x08001569   Thumb Code     6  tm_stm32f4_dma.o(i.DMA2_Stream3_IRQHandler)
    DMA2_Stream4_IRQHandler                  0x08001575   Thumb Code     6  tm_stm32f4_dma.o(i.DMA2_Stream4_IRQHandler)
    DMA2_Stream5_IRQHandler                  0x08001581   Thumb Code     6  tm_stm32f4_dma.o(i.DMA2_Stream5_IRQHandler)
    DMA2_Stream6_IRQHandler                  0x0800158d   Thumb Code     6  tm_stm32f4_dma.o(i.DMA2_Stream6_IRQHandler)
    DMA2_Stream7_IRQHandler                  0x08001599   Thumb Code     6  tm_stm32f4_dma.o(i.DMA2_Stream7_IRQHandler)
    DMA_ClearFlag                            0x080015a5   Thumb Code    32  stm32f4xx_dma.o(i.DMA_ClearFlag)
    DMA_GetFlagStatus                        0x080015d1   Thumb Code    40  stm32f4xx_dma.o(i.DMA_GetFlagStatus)
    DMA_ITConfig                             0x08001605   Thumb Code    44  stm32f4xx_dma.o(i.DMA_ITConfig)
    DMA_Init                                 0x08001631   Thumb Code    80  stm32f4xx_dma.o(i.DMA_Init)
    DebugMon_Handler                         0x08001685   Thumb Code     2  stm32fxxx_it.o(i.DebugMon_Handler)
    EXTI0_IRQHandler                         0x08001689   Thumb Code    18  coder.o(i.EXTI0_IRQHandler)
    EXTIX_Init                               0x080016a5   Thumb Code    74  coder.o(i.EXTIX_Init)
    EXTI_ClearITPendingBit                   0x080016f1   Thumb Code     6  stm32f4xx_exti.o(i.EXTI_ClearITPendingBit)
    EXTI_Init                                0x080016fd   Thumb Code   108  stm32f4xx_exti.o(i.EXTI_Init)
    FLASH_EraseSector                        0x0800176d   Thumb Code   104  stm32f4xx_flash.o(i.FLASH_EraseSector)
    FLASH_GetStatus                          0x080017d9   Thumb Code    56  stm32f4xx_flash.o(i.FLASH_GetStatus)
    FLASH_Lock                               0x08001815   Thumb Code    12  stm32f4xx_flash.o(i.FLASH_Lock)
    FLASH_ProgramWord                        0x08001825   Thumb Code    56  stm32f4xx_flash.o(i.FLASH_ProgramWord)
    FLASH_Unlock                             0x08001861   Thumb Code    22  stm32f4xx_flash.o(i.FLASH_Unlock)
    FLASH_WaitForLastOperation               0x08001885   Thumb Code    30  stm32f4xx_flash.o(i.FLASH_WaitForLastOperation)
    GPIO_Init                                0x080018a3   Thumb Code   120  stm32f4xx_gpio.o(i.GPIO_Init)
    GPIO_PinAFConfig                         0x0800191b   Thumb Code    32  stm32f4xx_gpio.o(i.GPIO_PinAFConfig)
    GPIO_ResetBits                           0x0800193b   Thumb Code     4  stm32f4xx_gpio.o(i.GPIO_ResetBits)
    GPIO_SetBits                             0x0800193f   Thumb Code     4  stm32f4xx_gpio.o(i.GPIO_SetBits)
    Get_Adc                                  0x08001945   Thumb Code    44  adc.o(i.Get_Adc)
    Get_Adc_Average                          0x08001975   Thumb Code   154  adc.o(i.Get_Adc_Average)
    HardFault_Handler                        0x08001a0f   Thumb Code     2  stm32fxxx_it.o(i.HardFault_Handler)
    LED1_OFF                                 0x08001a11   Thumb Code     8  notification.o(i.LED1_OFF)
    LED1_ON                                  0x08001a1d   Thumb Code     8  notification.o(i.LED1_ON)
    LED1_init                                0x08001a29   Thumb Code    58  notification.o(i.LED1_init)
    LED_OFF                                  0x08001a69   Thumb Code     8  notification.o(i.LED_OFF)
    LED_ON                                   0x08001a75   Thumb Code     8  notification.o(i.LED_ON)
    LED_init                                 0x08001a81   Thumb Code    54  notification.o(i.LED_init)
    LM75_mission                             0x08001abd   Thumb Code   488  lm75a.o(i.LM75_mission)
    LM75_parpare_buffer                      0x08001cc9   Thumb Code   120  lm75a.o(i.LM75_parpare_buffer)
    MM_position                              0x08001d69   Thumb Code    50  msd_test.o(i.MM_position)
    MSD_Init                                 0x08001e45   Thumb Code    40  microstepdriver.o(i.MSD_Init)
    MSD_Move                                 0x08001e6d   Thumb Code   314  microstepdriver.o(i.MSD_Move)
    MSD_StepCounter                          0x08001fc9   Thumb Code    18  microstepdriver.o(i.MSD_StepCounter)
    MemManage_Handler                        0x08001fe1   Thumb Code     2  stm32fxxx_it.o(i.MemManage_Handler)
    NMI_Handler                              0x08001fe3   Thumb Code     2  stm32fxxx_it.o(i.NMI_Handler)
    NVIC_Init                                0x08001fe5   Thumb Code    96  misc.o(i.NVIC_Init)
    NVIC_PriorityGroupConfig                 0x08002049   Thumb Code    10  misc.o(i.NVIC_PriorityGroupConfig)
    OTG_HS_EP1_IN_IRQHandler                 0x0800205d   Thumb Code     6  stm32fxxx_it.o(i.OTG_HS_EP1_IN_IRQHandler)
    OTG_HS_EP1_OUT_IRQHandler                0x08002069   Thumb Code     6  stm32fxxx_it.o(i.OTG_HS_EP1_OUT_IRQHandler)
    OTG_HS_IRQHandler                        0x08002075   Thumb Code     6  stm32fxxx_it.o(i.OTG_HS_IRQHandler)
    OTG_HS_WKUP_IRQHandler                   0x08002081   Thumb Code    40  stm32fxxx_it.o(i.OTG_HS_WKUP_IRQHandler)
    PendSV_Handler                           0x080020b1   Thumb Code     2  stm32fxxx_it.o(i.PendSV_Handler)
    RCC_AHB1PeriphClockCmd                   0x080020b5   Thumb Code    18  stm32f4xx_rcc.o(i.RCC_AHB1PeriphClockCmd)
    RCC_APB1PeriphClockCmd                   0x080020cd   Thumb Code    18  stm32f4xx_rcc.o(i.RCC_APB1PeriphClockCmd)
    RCC_APB1PeriphResetCmd                   0x080020e5   Thumb Code    18  stm32f4xx_rcc.o(i.RCC_APB1PeriphResetCmd)
    RCC_APB2PeriphClockCmd                   0x080020fd   Thumb Code    18  stm32f4xx_rcc.o(i.RCC_APB2PeriphClockCmd)
    RCC_APB2PeriphResetCmd                   0x08002115   Thumb Code    18  stm32f4xx_rcc.o(i.RCC_APB2PeriphResetCmd)
    RCC_GetClocksFreq                        0x0800212d   Thumb Code   132  stm32f4xx_rcc.o(i.RCC_GetClocksFreq)
    STMFLASH_GetFlashSector                  0x080021bd   Thumb Code   114  stmflash.o(i.STMFLASH_GetFlashSector)
    STMFLASH_Read                            0x0800225d   Thumb Code    20  stmflash.o(i.STMFLASH_Read)
    STMFLASH_Write                           0x08002271   Thumb Code   110  stmflash.o(i.STMFLASH_Write)
    SVC_Handler                              0x080022e5   Thumb Code     2  stm32fxxx_it.o(i.SVC_Handler)
    SYSCFG_EXTILineConfig                    0x080022e9   Thumb Code    42  stm32f4xx_syscfg.o(i.SYSCFG_EXTILineConfig)
    StopAdc1OscSam                           0x080023cd   Thumb Code    24  lm75a.o(i.StopAdc1OscSam)
    SysTick_Handler                          0x080023ed   Thumb Code    10  stm32fxxx_it.o(i.SysTick_Handler)
    SystemInit                               0x080023fd   Thumb Code    74  system_stm32f4xx.o(i.SystemInit)
    TIM2_IRQHandler                          0x080024bd   Thumb Code   432  microstepdriver.o(i.TIM2_IRQHandler)
    TIM_ARRPreloadConfig                     0x08002675   Thumb Code    20  stm32f4xx_tim.o(i.TIM_ARRPreloadConfig)
    TIM_ClearFlag                            0x08002689   Thumb Code     6  stm32f4xx_tim.o(i.TIM_ClearFlag)
    TIM_ClearITPendingBit                    0x0800268f   Thumb Code     6  stm32f4xx_tim.o(i.TIM_ClearITPendingBit)
    TIM_Cmd                                  0x08002695   Thumb Code    20  stm32f4xx_tim.o(i.TIM_Cmd)
    TIM_EncoderInterfaceConfig               0x080026a9   Thumb Code    50  stm32f4xx_tim.o(i.TIM_EncoderInterfaceConfig)
    TIM_GetITStatus                          0x080026db   Thumb Code    24  stm32f4xx_tim.o(i.TIM_GetITStatus)
    TIM_ICInit                               0x080026f3   Thumb Code   172  stm32f4xx_tim.o(i.TIM_ICInit)
    TIM_ICStructInit                         0x0800279f   Thumb Code    16  stm32f4xx_tim.o(i.TIM_ICStructInit)
    TIM_ITConfig                             0x080027af   Thumb Code    16  stm32f4xx_tim.o(i.TIM_ITConfig)
    TIM_OC2Init                              0x0800284d   Thumb Code   120  stm32f4xx_tim.o(i.TIM_OC2Init)
    TIM_OC2PreloadConfig                     0x080028cd   Thumb Code    20  stm32f4xx_tim.o(i.TIM_OC2PreloadConfig)
    TIM_SetAutoreload                        0x080028e1   Thumb Code     4  stm32f4xx_tim.o(i.TIM_SetAutoreload)
    TIM_SetCompare2                          0x080028e5   Thumb Code     4  stm32f4xx_tim.o(i.TIM_SetCompare2)
    TIM_SetCounter                           0x080028e9   Thumb Code     4  stm32f4xx_tim.o(i.TIM_SetCounter)
    TIM_SetIC1Prescaler                      0x080028ed   Thumb Code    16  stm32f4xx_tim.o(i.TIM_SetIC1Prescaler)
    TIM_SetIC2Prescaler                      0x080028fd   Thumb Code    24  stm32f4xx_tim.o(i.TIM_SetIC2Prescaler)
    TIM_SetIC3Prescaler                      0x08002915   Thumb Code    16  stm32f4xx_tim.o(i.TIM_SetIC3Prescaler)
    TIM_SetIC4Prescaler                      0x08002925   Thumb Code    24  stm32f4xx_tim.o(i.TIM_SetIC4Prescaler)
    TIM_TimeBaseInit                         0x0800293d   Thumb Code    96  stm32f4xx_tim.o(i.TIM_TimeBaseInit)
    TIM_TimeBaseStructInit                   0x080029b9   Thumb Code    18  stm32f4xx_tim.o(i.TIM_TimeBaseStructInit)
    TIM_UpdateRequestConfig                  0x080029cb   Thumb Code    20  stm32f4xx_tim.o(i.TIM_UpdateRequestConfig)
    TM_DMA_ClearFlag                         0x080029e1   Thumb Code    52  tm_stm32f4_dma.o(i.TM_DMA_ClearFlag)
    TM_DMA_ClearFlags                        0x08002a25   Thumb Code     6  tm_stm32f4_dma.o(i.TM_DMA_ClearFlags)
    TM_DMA_DirectModeErrorHandler            0x08002a2b   Thumb Code     2  tm_stm32f4_dma.o(i.TM_DMA_DirectModeErrorHandler)
    TM_DMA_FIFOErrorHandler                  0x08002a2d   Thumb Code     2  tm_stm32f4_dma.o(i.TM_DMA_FIFOErrorHandler)
    TM_DMA_GetFlags                          0x08002a31   Thumb Code    50  tm_stm32f4_dma.o(i.TM_DMA_GetFlags)
    TM_DMA_HalfTransferCompleteHandler       0x08002a75   Thumb Code     2  tm_stm32f4_dma.o(i.TM_DMA_HalfTransferCompleteHandler)
    TM_DMA_TransferCompleteHandler           0x08002add   Thumb Code     2  tm_stm32f4_dma.o(i.TM_DMA_TransferCompleteHandler)
    TM_DMA_TransferErrorHandler              0x08002adf   Thumb Code     2  tm_stm32f4_dma.o(i.TM_DMA_TransferErrorHandler)
    TM_GPIO_GetPortSource                    0x08002ae1   Thumb Code    10  tm_stm32f4_gpio.o(i.TM_GPIO_GetPortSource)
    TM_GPIO_INT_EnableClock                  0x08002af1   Thumb Code    20  tm_stm32f4_gpio.o(i.TM_GPIO_INT_EnableClock)
    TM_GPIO_INT_Init                         0x08002b09   Thumb Code   130  tm_stm32f4_gpio.o(i.TM_GPIO_INT_Init)
    TM_GPIO_Init                             0x08002b91   Thumb Code    38  tm_stm32f4_gpio.o(i.TM_GPIO_Init)
    TM_GPIO_InitAlternate                    0x08002bb7   Thumb Code    92  tm_stm32f4_gpio.o(i.TM_GPIO_InitAlternate)
    TM_UART4_InitPins                        0x08002c15   Thumb Code    60  tm_stm32f4_usart.o(i.TM_UART4_InitPins)
    TM_UART5_InitPins                        0x08002c5d   Thumb Code    56  tm_stm32f4_usart.o(i.TM_UART5_InitPins)
    TM_USART1_InitPins                       0x08002ca1   Thumb Code    60  tm_stm32f4_usart.o(i.TM_USART1_InitPins)
    TM_USART2_InitPins                       0x08002ce9   Thumb Code    58  tm_stm32f4_usart.o(i.TM_USART2_InitPins)
    TM_USART3_InitPins                       0x08002d31   Thumb Code    76  tm_stm32f4_usart.o(i.TM_USART3_InitPins)
    TM_USART6_InitPins                       0x08002d8d   Thumb Code    60  tm_stm32f4_usart.o(i.TM_USART6_InitPins)
    TM_USART_DMA_Init                        0x08002e31   Thumb Code    72  tm_stm32f4_usart_dma.o(i.TM_USART_DMA_Init)
    TM_USART_DMA_Send                        0x08002e85   Thumb Code    78  tm_stm32f4_usart_dma.o(i.TM_USART_DMA_Send)
    TM_USART_FindCharacter                   0x08002ed9   Thumb Code    50  tm_stm32f4_usart.o(i.TM_USART_FindCharacter)
    TM_USART_Getc                            0x08002f0b   Thumb Code    52  tm_stm32f4_usart.o(i.TM_USART_Getc)
    TM_USART_Gets                            0x08002f3f   Thumb Code    84  tm_stm32f4_usart.o(i.TM_USART_Gets)
    TM_USART_INT_GetSubPriority              0x08002f95   Thumb Code    52  tm_stm32f4_usart.o(i.TM_USART_INT_GetSubPriority)
    TM_USART_INT_GetUsart                    0x08002fe1   Thumb Code    62  tm_stm32f4_usart.o(i.TM_USART_INT_GetUsart)
    TM_USART_INT_InsertToBuffer              0x08003181   Thumb Code    38  tm_stm32f4_usart.o(i.TM_USART_INT_InsertToBuffer)
    TM_USART_Init                            0x080031a9   Thumb Code   158  tm_stm32f4_usart.o(i.TM_USART_Init)
    TM_USART_InitCustomPinsCallback          0x08003261   Thumb Code     2  tm_stm32f4_usart.o(i.TM_USART_InitCustomPinsCallback)
    UART4_IRQHandler                         0x08003265   Thumb Code    24  tm_stm32f4_usart.o(i.UART4_IRQHandler)
    UART5_IRQHandler                         0x08003285   Thumb Code    20  tm_stm32f4_usart.o(i.UART5_IRQHandler)
    USART1_IRQHandler                        0x080032a1   Thumb Code    20  tm_stm32f4_usart.o(i.USART1_IRQHandler)
    USART2_IRQHandler                        0x080032bd   Thumb Code    24  tm_stm32f4_usart.o(i.USART2_IRQHandler)
    USART3_IRQHandler                        0x080032dd   Thumb Code    24  tm_stm32f4_usart.o(i.USART3_IRQHandler)
    USART6_IRQHandler                        0x080032fd   Thumb Code    24  tm_stm32f4_usart.o(i.USART6_IRQHandler)
    USART_DeInit                             0x0800331d   Thumb Code   138  stm32f4xx_usart.o(i.USART_DeInit)
    USART_Init                               0x080033c9   Thumb Code   164  stm32f4xx_usart.o(i.USART_Init)
    USBD_ClrCfg                              0x08003475   Thumb Code    14  usbd_core.o(i.USBD_ClrCfg)
    USBD_CtlContinueRx                       0x08003483   Thumb Code    18  usbd_ioreq.o(i.USBD_CtlContinueRx)
    USBD_CtlContinueSendData                 0x08003495   Thumb Code    18  usbd_ioreq.o(i.USBD_CtlContinueSendData)
    USBD_CtlError                            0x080034a7   Thumb Code    28  usbd_req.o(i.USBD_CtlError)
    USBD_CtlPrepareRx                        0x080034c3   Thumb Code    32  usbd_ioreq.o(i.USBD_CtlPrepareRx)
    USBD_CtlReceiveStatus                    0x080034e3   Thumb Code    34  usbd_ioreq.o(i.USBD_CtlReceiveStatus)
    USBD_CtlSendData                         0x08003505   Thumb Code    32  usbd_ioreq.o(i.USBD_CtlSendData)
    USBD_CtlSendStatus                       0x08003525   Thumb Code    34  usbd_ioreq.o(i.USBD_CtlSendStatus)
    USBD_GetRxCount                          0x08003791   Thumb Code    16  usbd_ioreq.o(i.USBD_GetRxCount)
    USBD_GetString                           0x080037a1   Thumb Code    70  usbd_req.o(i.USBD_GetString)
    USBD_Init                                0x080037e7   Thumb Code    52  usbd_core.o(i.USBD_Init)
    USBD_OTG_EP1IN_ISR_Handler               0x08003839   Thumb Code   116  usb_dcd_int.o(i.USBD_OTG_EP1IN_ISR_Handler)
    USBD_OTG_EP1OUT_ISR_Handler              0x080038b1   Thumb Code    74  usb_dcd_int.o(i.USBD_OTG_EP1OUT_ISR_Handler)
    USBD_OTG_ISR_Handler                     0x08003901   Thumb Code   326  usb_dcd_int.o(i.USBD_OTG_ISR_Handler)
    USBD_ParseSetupRequest                   0x08003a4d   Thumb Code    68  usbd_req.o(i.USBD_ParseSetupRequest)
    USBD_SetCfg                              0x08003ae5   Thumb Code    26  usbd_core.o(i.USBD_SetCfg)
    USBD_StdDevReq                           0x08003c39   Thumb Code   236  usbd_req.o(i.USBD_StdDevReq)
    USBD_StdEPReq                            0x08003d29   Thumb Code   208  usbd_req.o(i.USBD_StdEPReq)
    USBD_StdItfReq                           0x08003dfd   Thumb Code    54  usbd_req.o(i.USBD_StdItfReq)
    USBD_USR_ConfigStrDescriptor             0x08003e51   Thumb Code    16  usbd_desc.o(i.USBD_USR_ConfigStrDescriptor)
    USBD_USR_DeviceConfigured                0x08003e75   Thumb Code    24  usbd_usr.o(i.USBD_USR_DeviceConfigured)
    USBD_USR_DeviceConnected                 0x08003e91   Thumb Code    12  usbd_usr.o(i.USBD_USR_DeviceConnected)
    USBD_USR_DeviceDescriptor                0x08003ea1   Thumb Code     8  usbd_desc.o(i.USBD_USR_DeviceDescriptor)
    USBD_USR_DeviceDisconnected              0x08003ead   Thumb Code    14  usbd_usr.o(i.USBD_USR_DeviceDisconnected)
    USBD_USR_DeviceReset                     0x08003ec1   Thumb Code     2  usbd_usr.o(i.USBD_USR_DeviceReset)
    USBD_USR_DeviceResumed                   0x08003ec5   Thumb Code    18  usbd_usr.o(i.USBD_USR_DeviceResumed)
    USBD_USR_DeviceSuspended                 0x08003edd   Thumb Code    14  usbd_usr.o(i.USBD_USR_DeviceSuspended)
    USBD_USR_Init                            0x08003ef1   Thumb Code     2  usbd_usr.o(i.USBD_USR_Init)
    USBD_USR_InterfaceStrDescriptor          0x08003ef5   Thumb Code    16  usbd_desc.o(i.USBD_USR_InterfaceStrDescriptor)
    USBD_USR_LangIDStrDescriptor             0x08003f1d   Thumb Code     8  usbd_desc.o(i.USBD_USR_LangIDStrDescriptor)
    USBD_USR_ManufacturerStrDescriptor       0x08003f29   Thumb Code    16  usbd_desc.o(i.USBD_USR_ManufacturerStrDescriptor)
    USBD_USR_ProductStrDescriptor            0x08003f49   Thumb Code    22  usbd_desc.o(i.USBD_USR_ProductStrDescriptor)
    USBD_USR_SerialStrDescriptor             0x08003f8d   Thumb Code    44  usbd_desc.o(i.USBD_USR_SerialStrDescriptor)
    USB_OTG_BSP_EnableInterrupt              0x08003fed   Thumb Code   102  usb_bsp.o(i.USB_OTG_BSP_EnableInterrupt)
    USB_OTG_BSP_Init                         0x08004055   Thumb Code   306  usb_bsp.o(i.USB_OTG_BSP_Init)
    USB_OTG_BSP_mDelay                       0x08004195   Thumb Code    10  usb_bsp.o(i.USB_OTG_BSP_mDelay)
    USB_OTG_BSP_uDelay                       0x0800419f   Thumb Code    22  usb_bsp.o(i.USB_OTG_BSP_uDelay)
    USB_OTG_CoreInit                         0x080041b5   Thumb Code   128  usb_core.o(i.USB_OTG_CoreInit)
    USB_OTG_CoreInitDev                      0x08004235   Thumb Code   342  usb_core.o(i.USB_OTG_CoreInitDev)
    USB_OTG_DisableGlobalInt                 0x080043e5   Thumb Code    16  usb_core.o(i.USB_OTG_DisableGlobalInt)
    USB_OTG_EP0Activate                      0x080043f5   Thumb Code    58  usb_core.o(i.USB_OTG_EP0Activate)
    USB_OTG_EP0StartXfer                     0x0800442f   Thumb Code   184  usb_core.o(i.USB_OTG_EP0StartXfer)
    USB_OTG_EP0_OutStart                     0x080044e9   Thumb Code    32  usb_core.o(i.USB_OTG_EP0_OutStart)
    USB_OTG_EPActivate                       0x0800450d   Thumb Code   104  usb_core.o(i.USB_OTG_EPActivate)
    USB_OTG_EPClearStall                     0x08004575   Thumb Code    50  usb_core.o(i.USB_OTG_EPClearStall)
    USB_OTG_EPDeactivate                     0x080045a7   Thumb Code    78  usb_core.o(i.USB_OTG_EPDeactivate)
    USB_OTG_EPSetStall                       0x080045f5   Thumb Code    48  usb_core.o(i.USB_OTG_EPSetStall)
    USB_OTG_EPStartXfer                      0x08004625   Thumb Code   298  usb_core.o(i.USB_OTG_EPStartXfer)
    USB_OTG_EnableDevInt                     0x08004751   Thumb Code    66  usb_core.o(i.USB_OTG_EnableDevInt)
    USB_OTG_EnableGlobalInt                  0x08004799   Thumb Code    16  usb_core.o(i.USB_OTG_EnableGlobalInt)
    USB_OTG_FlushRxFifo                      0x080047a9   Thumb Code    54  usb_core.o(i.USB_OTG_FlushRxFifo)
    USB_OTG_FlushTxFifo                      0x080047e5   Thumb Code    62  usb_core.o(i.USB_OTG_FlushTxFifo)
    USB_OTG_GetDeviceSpeed                   0x08004829   Thumb Code    38  usb_core.o(i.USB_OTG_GetDeviceSpeed)
    USB_OTG_InitDevSpeed                     0x0800484f   Thumb Code    12  usb_core.o(i.USB_OTG_InitDevSpeed)
    USB_OTG_IsDeviceMode                     0x0800485b   Thumb Code    18  usb_core.o(i.USB_OTG_IsDeviceMode)
    USB_OTG_ReadCoreItr                      0x0800486d   Thumb Code    10  usb_core.o(i.USB_OTG_ReadCoreItr)
    USB_OTG_ReadDevAllInEPItr                0x08004877   Thumb Code    12  usb_core.o(i.USB_OTG_ReadDevAllInEPItr)
    USB_OTG_ReadDevAllOutEp_itr              0x08004883   Thumb Code    12  usb_core.o(i.USB_OTG_ReadDevAllOutEp_itr)
    USB_OTG_ReadDevOutEP_itr                 0x0800488f   Thumb Code    16  usb_core.o(i.USB_OTG_ReadDevOutEP_itr)
    USB_OTG_ReadPacket                       0x0800489f   Thumb Code    32  usb_core.o(i.USB_OTG_ReadPacket)
    USB_OTG_SelectCore                       0x080048c1   Thumb Code   190  usb_core.o(i.USB_OTG_SelectCore)
    USB_OTG_SetCurrentMode                   0x08004985   Thumb Code    42  usb_core.o(i.USB_OTG_SetCurrentMode)
    USB_OTG_UngateClock                      0x080049af   Thumb Code    30  usb_core.o(i.USB_OTG_UngateClock)
    USB_OTG_WritePacket                      0x080049cd   Thumb Code    40  usb_core.o(i.USB_OTG_WritePacket)
    UsageFault_Handler                       0x080049f5   Thumb Code     2  stm32fxxx_it.o(i.UsageFault_Handler)
    __0sprintf$8                             0x080049f9   Thumb Code    34  printf8.o(i.__0sprintf$8)
    __1sprintf$8                             0x080049f9   Thumb Code     0  printf8.o(i.__0sprintf$8)
    __2sprintf                               0x080049f9   Thumb Code     0  printf8.o(i.__0sprintf$8)
    __hardfp_sqrt                            0x08004a21   Thumb Code   122  sqrt.o(i.__hardfp_sqrt)
    __scatterload_copy                       0x08004a9b   Thumb Code    14  handlers.o(i.__scatterload_copy)
    __scatterload_null                       0x08004aa9   Thumb Code     2  handlers.o(i.__scatterload_null)
    __scatterload_zeroinit                   0x08004aab   Thumb Code    14  handlers.o(i.__scatterload_zeroinit)
    __set_errno                              0x08004ab9   Thumb Code     6  errno.o(i.__set_errno)
    action_failed_send                       0x08004f29   Thumb Code    32  can.o(i.action_failed_send)
    action_success_send                      0x08004f51   Thumb Code    26  can.o(i.action_success_send)
    action_value_send                        0x08004f75   Thumb Code    44  can.o(i.action_value_send)
    action_value_send_none_80                0x08004fa5   Thumb Code    34  can.o(i.action_value_send_none_80)
    angle                                    0x08004fcd   Thumb Code   210  msd_test.o(i.angle)
    buzzer_mission                           0x080050d9   Thumb Code    10  buzzer.o(i.buzzer_mission)
    can_mutil_frame_send                     0x080050e9   Thumb Code   200  can.o(i.can_mutil_frame_send)
    close_inter_fan                          0x080051bd   Thumb Code    10  cooler.o(i.close_inter_fan)
    coder_gpio_init                          0x080051cd   Thumb Code    42  coder.o(i.coder_gpio_init)
    configureEncoder                         0x080051fd   Thumb Code   182  coder.o(i.configureEncoder)
    cooler_init                              0x080052bd   Thumb Code    52  cooler.o(i.cooler_init)
    cooler_off                               0x080052f5   Thumb Code    24  cooler.o(i.cooler_off)
    cooler_on                                0x08005311   Thumb Code    24  cooler.o(i.cooler_on)
    flash_init                               0x0800532d   Thumb Code    20  stmflash.o(i.flash_init)
    flash_mission_polling                    0x08005349   Thumb Code   118  stmflash.o(i.flash_mission_polling)
    get_steps                                0x080053cd   Thumb Code    28  microstepdriver.o(i.get_steps)
    led_mission_polling                      0x080053f1   Thumb Code   210  notification.o(i.led_mission_polling)
    led_to_notification                      0x080054cd   Thumb Code    10  notification.o(i.led_to_notification)
    lm75a_mission_polling                    0x080054dd   Thumb Code    92  lm75a.o(i.lm75a_mission_polling)
    lm75a_temp_read_polling                  0x08005545   Thumb Code   250  lm75a.o(i.lm75a_temp_read_polling)
    main                                     0x08005649   Thumb Code   450  main.o(i.main)
    mission_failed_send                      0x08005855   Thumb Code    24  can.o(i.mission_failed_send)
    mission_polling                          0x08005871   Thumb Code   590  mission.o(i.mission_polling)
    mission_success_send                     0x08005b05   Thumb Code    24  can.o(i.mission_success_send)
    motor_finish                             0x08005b21   Thumb Code    16  msd_test.o(i.motor_finish)
    motor_inject_offset_position             0x08005b39   Thumb Code   184  msd_test.o(i.motor_inject_offset_position)
    motor_maintain_polling                   0x08005bfd   Thumb Code   180  msd_test.o(i.motor_maintain_polling)
    motor_move_polling                       0x08005cc1   Thumb Code    80  msd_test.o(i.motor_move_polling)
    motor_reset                              0x08005d1d   Thumb Code   248  msd_test.o(i.motor_reset)
    motor_shocking                           0x08005e2d   Thumb Code   194  msd_test.o(i.motor_shocking)
    motor_timeout_check                      0x08005f01   Thumb Code    62  msd_test.o(i.motor_timeout_check)
    motor_timer_set                          0x08005f4d   Thumb Code    16  msd_test.o(i.motor_timer_set)
    move_to_position                         0x08005f65   Thumb Code    56  msd_test.o(i.move_to_position)
    offset_calc                              0x08005fa1   Thumb Code   336  stmflash.o(i.offset_calc)
    one_can_frame_send                       0x080060f9   Thumb Code    76  can.o(i.one_can_frame_send)
    one_dimension_code_init                  0x08006151   Thumb Code    58  one_dimension_code.o(i.one_dimension_code_init)
    one_dimension_code_mission_polling       0x08006199   Thumb Code   178  one_dimension_code.o(i.one_dimension_code_mission_polling)
    one_dimension_code_read                  0x08006259   Thumb Code    10  one_dimension_code.o(i.one_dimension_code_read)
    parpareUSBframe                          0x0800626d   Thumb Code   106  can.o(i.parpareUSBframe)
    parpare_buffer                           0x080062e1   Thumb Code   114  usart_screen.o(i.parpare_buffer)
    poniter_add                              0x0800638d   Thumb Code    22  can.o(i.poniter_add)
    poniter_plus_one                         0x080063a3   Thumb Code    18  can.o(i.poniter_plus_one)
    power_init                               0x080063b5   Thumb Code    50  cooler.o(i.power_init)
    power_off                                0x080063ed   Thumb Code    22  cooler.o(i.power_off)
    power_on                                 0x08006409   Thumb Code    22  cooler.o(i.power_on)
    record_position                          0x08006425   Thumb Code    54  microstepdriver.o(i.record_position)
    record_steps                             0x08006461   Thumb Code    44  microstepdriver.o(i.record_steps)
    step_to_move_calc                        0x08006499   Thumb Code   214  msd_test.o(i.step_to_move_calc)
    stmflash_read_reverse                    0x080065a5   Thumb Code    50  stmflash.o(i.stmflash_read_reverse)
    su_mission_polling                       0x080065dd   Thumb Code   190  usart_screen.o(i.su_mission_polling)
    temp_faded                               0x080066b1   Thumb Code    64  lm75a.o(i.temp_faded)
    Region$$Table$$Base                      0x08006968   Number         0  anon$$obj.o(Region$$Table)
    Region$$Table$$Limit                     0x08006988   Number         0  anon$$obj.o(Region$$Table)
    DeviceConfigured                         0x20000000   Data           1  usbd_usr.o(.data)
    USR_cb                                   0x20000004   Data          28  usbd_usr.o(.data)
    USR_desc                                 0x20000020   Data          28  usbd_desc.o(.data)
    USBD_LangIDDesc                          0x2000003c   Data           4  usbd_desc.o(.data)
    USBD_DeviceDesc                          0x20000040   Data          18  usbd_desc.o(.data)
    USBD_DeviceQualifierDesc                 0x20000052   Data          10  usbd_desc.o(.data)
    USBD_DCD_INT_cb                          0x2000005c   Data          44  usbd_core.o(.data)
    USBD_DCD_INT_fops                        0x20000088   Data           4  usbd_core.o(.data)
    SET_TEST_MODE                            0x2000008c   Data           4  usbd_core.o(.data)
    USBD_ep_status                           0x20000094   Data           4  usbd_req.o(.data)
    USBD_default_cfg                         0x20000098   Data           4  usbd_req.o(.data)
    USBD_cfg_status                          0x2000009c   Data           4  usbd_req.o(.data)
    USB_StatusDataSended                     0x200000a0   Data           1  usbd_cdc_core.o(.data)
    USB_ReceivedCount                        0x200000a4   Data           4  usbd_cdc_core.o(.data)
    CmdBuff                                  0x200000b4   Data           8  usbd_cdc_core.o(.data)
    usbd_cdc_CfgDesc                         0x200000bc   Data          32  usbd_cdc_core.o(.data)
    usbd_cdc_OtherCfgDesc                    0x200000dc   Data          32  usbd_cdc_core.o(.data)
    USBD_CDC_cb                              0x200000fc   Data          48  usbd_cdc_core.o(.data)
    time                                     0x2000013c   Data           4  stm32fxxx_it.o(.data)
    USBRxCanBufferIndex                      0x20000140   Data           1  can.o(.data)
    USBRxIndex                               0x20000141   Data           1  can.o(.data)
    canRxMsgBufferIndex                      0x20000142   Data           2  can.o(.data)
    canRxIndex                               0x20000144   Data           2  can.o(.data)
    USB2CAN_STATE                            0x20000146   Data           1  can.o(.data)
    coder_init_count                         0x20000148   Data           1  coder.o(.data)
    coder_setp                               0x2000014c   Data           4  coder.o(.data)
    lm75_status                              0x20000150   Data           1  lm75a.o(.data)
    gobal_temp_flag                          0x20000151   Data           1  lm75a.o(.data)
    gobal_temp                               0x20000152   Data           2  lm75a.o(.data)
    status                                   0x20000154   Data           1  microstepdriver.o(.data)
    step_begain                              0x20000156   Data           2  microstepdriver.o(.data)
    stepPosition                             0x20000158   Data           4  microstepdriver.o(.data)
    rct_t                                    0x20000168   Data           7  usart_screen.o(.data)
    usart_state                              0x20000174   Data           1  mission.o(.data)
    usb_waittime                             0x20000178   Data           4  mission.o(.data)
    version                                  0x2000017c   Data           6  mission.o(.data)
    power_off_state                          0x20000182   Data           1  cooler.o(.data)
    SystemCoreClock                          0x20000184   Data           4  system_stm32f4xx.o(.data)
    AHBPrescTable                            0x20000188   Data          16  system_stm32f4xx.o(.data)
    TM_USART1                                0x200001c8   Data          16  tm_stm32f4_usart.o(.data)
    TM_USART2                                0x200001d8   Data          16  tm_stm32f4_usart.o(.data)
    TM_USART3                                0x200001e8   Data          16  tm_stm32f4_usart.o(.data)
    TM_UART4                                 0x200001f8   Data          16  tm_stm32f4_usart.o(.data)
    TM_UART5                                 0x20000208   Data          16  tm_stm32f4_usart.o(.data)
    TM_USART6                                0x20000218   Data          16  tm_stm32f4_usart.o(.data)
    USBD_StrDesc                             0x20000245   Data         255  usbd_req.o(.bss)
    USB_Rx_Buffer                            0x20000344   Data        2048  usbd_cdc_core.o(.bss)
    USB_OTG_dev                              0x20000b44   Data        1524  main.o(.bss)
    CanRxMessage                             0x20001138   Data       20000  can.o(.bss)
    can_mission                              0x20005f58   Data         260  can.o(.bss)
    mission_state                            0x2000605c   Data         255  can.o(.bss)
    USBRxMessage                             0x2000615c   Data        5100  can.o(.bss)
    ADC1OscConver                            0x20007548   Data         800  lm75a.o(.bss)
    LM75_tx_buffer                           0x20007868   Data          20  lm75a.o(.bss)
    LM75_rx_buffer                           0x2000787c   Data          20  lm75a.o(.bss)
    LM75t                                    0x20007890   Data          20  lm75a.o(.bss)
    lm35_t                                   0x200078a4   Data          60  lm75a.o(.bss)
    srd                                      0x200078e0   Data          36  microstepdriver.o(.bss)
    motor                                    0x20007904   Data          40  msd_test.o(.bss)
    odc                                      0x2000792c   Data         216  one_dimension_code.o(.bss)
    sut                                      0x20007a04   Data          12  usart_screen.o(.bss)
    screen_tx_buffer                         0x20007a10   Data          20  usart_screen.o(.bss)
    screen_rx_buffer                         0x20007a24   Data          20  usart_screen.o(.bss)
    fmt                                      0x20007a58   Data          28  stmflash.o(.bss)
    buzzer                                   0x20007a74   Data          44  buzzer.o(.bss)
    lmt                                      0x20007aa0   Data          20  notification.o(.bss)
    TM_USART1_Buffer                         0x20007b08   Data          32  tm_stm32f4_usart.o(.bss)
    TM_USART2_Buffer                         0x20007b28   Data          32  tm_stm32f4_usart.o(.bss)
    TM_USART3_Buffer                         0x20007b48   Data          32  tm_stm32f4_usart.o(.bss)
    TM_UART4_Buffer                          0x20007b68   Data          32  tm_stm32f4_usart.o(.bss)
    TM_UART5_Buffer                          0x20007b88   Data          32  tm_stm32f4_usart.o(.bss)
    TM_USART6_Buffer                         0x20007ba8   Data          32  tm_stm32f4_usart.o(.bss)
    __initial_sp                             0x20007fc8   Data           0  startup_stm32f40_41xxx.o(STACK)



==============================================================================

Memory Map of the image

  Image Entry point : 0x08000189

  Load Region LR_IROM1 (Base: 0x08000000, Size: 0x00006bb4, Max: 0x00100000, ABSOLUTE, COMPRESSED[0x00006a80])

    Execution Region ER_IROM1 (Base: 0x08000000, Size: 0x00006988, Max: 0x00100000, ABSOLUTE)

    Base Addr    Size         Type   Attr      Idx    E Section Name        Object

    0x08000000   0x00000188   Data   RO         6476    RESET               startup_stm32f40_41xxx.o
    0x08000188   0x00000000   Code   RO         7177  * .ARM.Collect$$$$00000000  mc_w.l(entry.o)
    0x08000188   0x00000004   Code   RO         7459    .ARM.Collect$$$$00000001  mc_w.l(entry2.o)
    0x0800018c   0x00000004   Code   RO         7462    .ARM.Collect$$$$00000004  mc_w.l(entry5.o)
    0x08000190   0x00000000   Code   RO         7464    .ARM.Collect$$$$00000008  mc_w.l(entry7b.o)
    0x08000190   0x00000000   Code   RO         7466    .ARM.Collect$$$$0000000A  mc_w.l(entry8b.o)
    0x08000190   0x00000008   Code   RO         7467    .ARM.Collect$$$$0000000B  mc_w.l(entry9a.o)
    0x08000198   0x00000000   Code   RO         7469    .ARM.Collect$$$$0000000D  mc_w.l(entry10a.o)
    0x08000198   0x00000000   Code   RO         7471    .ARM.Collect$$$$0000000F  mc_w.l(entry11a.o)
    0x08000198   0x00000004   Code   RO         7460    .ARM.Collect$$$$00002712  mc_w.l(entry2.o)
    0x0800019c   0x00000024   Code   RO         6477    .text               startup_stm32f40_41xxx.o
    0x080001c0   0x00000024   Code   RO         7180    .text               mc_w.l(memcpya.o)
    0x080001e4   0x0000014e   Code   RO         7447    .text               mf_w.l(dadd.o)
    0x08000332   0x000000e4   Code   RO         7449    .text               mf_w.l(dmul.o)
    0x08000416   0x000000de   Code   RO         7451    .text               mf_w.l(ddiv.o)
    0x080004f4   0x0000001a   Code   RO         7453    .text               mf_w.l(dfltui.o)
    0x0800050e   0x00000032   Code   RO         7455    .text               mf_w.l(dfixui.o)
    0x08000540   0x00000038   Code   RO         7457    .text               mf_w.l(d2f.o)
    0x08000578   0x00000062   Code   RO         7476    .text               mc_w.l(uldiv.o)
    0x080005da   0x0000001e   Code   RO         7478    .text               mc_w.l(llshl.o)
    0x080005f8   0x00000020   Code   RO         7480    .text               mc_w.l(llushr.o)
    0x08000618   0x00000024   Code   RO         7482    .text               mc_w.l(llsshr.o)
    0x0800063c   0x00000000   Code   RO         7491    .text               mc_w.l(iusefp.o)
    0x0800063c   0x0000006e   Code   RO         7492    .text               mf_w.l(fepilogue.o)
    0x080006aa   0x000000b6   Code   RO         7494    .text               mf_w.l(depilogue.o)
    0x08000760   0x000000a2   Code   RO         7496    .text               mf_w.l(dsqrt.o)
    0x08000802   0x00000002   PAD
    0x08000804   0x00000024   Code   RO         7504    .text               mc_w.l(init.o)
    0x08000828   0x00000056   Code   RO         7514    .text               mc_w.l(__dczerorl2.o)
    0x0800087e   0x00000014   Code   RO         1172    i.ADC_Cmd           stm32f4xx_adc.o
    0x08000892   0x00000002   PAD
    0x08000894   0x0000002c   Code   RO         1173    i.ADC_CommonInit    stm32f4xx_adc.o
    0x080008c0   0x00000006   Code   RO         1184    i.ADC_GetConversionValue  stm32f4xx_adc.o
    0x080008c6   0x0000000e   Code   RO         1185    i.ADC_GetFlagStatus  stm32f4xx_adc.o
    0x080008d4   0x0000004c   Code   RO         1192    i.ADC_Init          stm32f4xx_adc.o
    0x08000920   0x00000074   Code   RO         1197    i.ADC_RegularChannelConfig  stm32f4xx_adc.o
    0x08000994   0x0000000a   Code   RO         1199    i.ADC_SoftwareStartConv  stm32f4xx_adc.o
    0x0800099e   0x00000002   PAD
    0x080009a0   0x00000088   Code   RO         6400    i.Adc_Init          adc.o
    0x08000a28   0x00000040   Code   RO         6169    i.BUZZER_Init       buzzer.o
    0x08000a68   0x000000c0   Code   RO         6170    i.BUZZER_mission_polling  buzzer.o
    0x08000b28   0x00000002   Code   RO         5347    i.BusFault_Handler  stm32fxxx_it.o
    0x08000b2a   0x00000002   PAD
    0x08000b2c   0x000000e4   Code   RO         5535    i.CAN1_Mode_Init    can.o
    0x08000c10   0x00000040   Code   RO         5536    i.CAN1_RX0_IRQHandler  can.o
    0x08000c50   0x000000cc   Code   RO         1418    i.CAN_FilterInit    stm32f4xx_can.o
    0x08000d1c   0x00000010   Code   RO         1424    i.CAN_ITConfig      stm32f4xx_can.o
    0x08000d2c   0x000000e8   Code   RO         1425    i.CAN_Init          stm32f4xx_can.o
    0x08000e14   0x0000008e   Code   RO         1428    i.CAN_Receive       stm32f4xx_can.o
    0x08000ea2   0x000000a4   Code   RO         1433    i.CAN_Transmit      stm32f4xx_can.o
    0x08000f46   0x0000002c   Code   RO          427    i.DCD_EP_Close      usb_dcd.o
    0x08000f72   0x00000038   Code   RO          428    i.DCD_EP_ClrStall   usb_dcd.o
    0x08000faa   0x00000018   Code   RO          429    i.DCD_EP_Flush      usb_dcd.o
    0x08000fc2   0x0000003c   Code   RO          430    i.DCD_EP_Open       usb_dcd.o
    0x08000ffe   0x00000044   Code   RO          431    i.DCD_EP_PrepareRx  usb_dcd.o
    0x08001042   0x00000010   Code   RO          432    i.DCD_EP_SetAddress  usb_dcd.o
    0x08001052   0x00000038   Code   RO          433    i.DCD_EP_Stall      usb_dcd.o
    0x0800108a   0x0000003e   Code   RO          434    i.DCD_EP_Tx         usb_dcd.o
    0x080010c8   0x000000cc   Code   RO          352    i.DCD_HandleInEP_ISR  usb_dcd_int.o
    0x08001194   0x000000ac   Code   RO          353    i.DCD_HandleOutEP_ISR  usb_dcd_int.o
    0x08001240   0x0000007c   Code   RO          354    i.DCD_HandleRxStatusQueueLevel_ISR  usb_dcd_int.o
    0x080012bc   0x00000070   Code   RO          355    i.DCD_HandleUSBSuspend_ISR  usb_dcd_int.o
    0x0800132c   0x00000090   Code   RO          356    i.DCD_HandleUsbReset_ISR  usb_dcd_int.o
    0x080013bc   0x00000092   Code   RO          436    i.DCD_Init          usb_dcd.o
    0x0800144e   0x00000072   Code   RO          357    i.DCD_WriteEmptyTxFifo  usb_dcd_int.o
    0x080014c0   0x0000000c   Code   RO         6484    i.DMA1_Stream0_IRQHandler  tm_stm32f4_dma.o
    0x080014cc   0x0000000c   Code   RO         6485    i.DMA1_Stream1_IRQHandler  tm_stm32f4_dma.o
    0x080014d8   0x0000000c   Code   RO         6486    i.DMA1_Stream2_IRQHandler  tm_stm32f4_dma.o
    0x080014e4   0x0000000c   Code   RO         6487    i.DMA1_Stream3_IRQHandler  tm_stm32f4_dma.o
    0x080014f0   0x0000000c   Code   RO         6488    i.DMA1_Stream4_IRQHandler  tm_stm32f4_dma.o
    0x080014fc   0x0000000c   Code   RO         6489    i.DMA1_Stream5_IRQHandler  tm_stm32f4_dma.o
    0x08001508   0x0000000c   Code   RO         6490    i.DMA1_Stream6_IRQHandler  tm_stm32f4_dma.o
    0x08001514   0x0000000c   Code   RO         6491    i.DMA1_Stream7_IRQHandler  tm_stm32f4_dma.o
    0x08001520   0x00000030   Code   RO         5729    i.DMA2_Stream0_IRQHandler  lm75a.o
    0x08001550   0x0000000c   Code   RO         6492    i.DMA2_Stream1_IRQHandler  tm_stm32f4_dma.o
    0x0800155c   0x0000000c   Code   RO         6493    i.DMA2_Stream2_IRQHandler  tm_stm32f4_dma.o
    0x08001568   0x0000000c   Code   RO         6494    i.DMA2_Stream3_IRQHandler  tm_stm32f4_dma.o
    0x08001574   0x0000000c   Code   RO         6495    i.DMA2_Stream4_IRQHandler  tm_stm32f4_dma.o
    0x08001580   0x0000000c   Code   RO         6496    i.DMA2_Stream5_IRQHandler  tm_stm32f4_dma.o
    0x0800158c   0x0000000c   Code   RO         6497    i.DMA2_Stream6_IRQHandler  tm_stm32f4_dma.o
    0x08001598   0x0000000c   Code   RO         6498    i.DMA2_Stream7_IRQHandler  tm_stm32f4_dma.o
    0x080015a4   0x0000002c   Code   RO         2149    i.DMA_ClearFlag     stm32f4xx_dma.o
    0x080015d0   0x00000034   Code   RO         2160    i.DMA_GetFlagStatus  stm32f4xx_dma.o
    0x08001604   0x0000002c   Code   RO         2162    i.DMA_ITConfig      stm32f4xx_dma.o
    0x08001630   0x00000054   Code   RO         2163    i.DMA_Init          stm32f4xx_dma.o
    0x08001684   0x00000002   Code   RO         5348    i.DebugMon_Handler  stm32fxxx_it.o
    0x08001686   0x00000002   PAD
    0x08001688   0x0000001c   Code   RO         5674    i.EXTI0_IRQHandler  coder.o
    0x080016a4   0x0000004a   Code   RO         5675    i.EXTIX_Init        coder.o
    0x080016ee   0x00000002   PAD
    0x080016f0   0x0000000c   Code   RO         2282    i.EXTI_ClearITPendingBit  stm32f4xx_exti.o
    0x080016fc   0x00000070   Code   RO         2287    i.EXTI_Init         stm32f4xx_exti.o
    0x0800176c   0x0000006c   Code   RO         2353    i.FLASH_EraseSector  stm32f4xx_flash.o
    0x080017d8   0x0000003c   Code   RO         2355    i.FLASH_GetStatus   stm32f4xx_flash.o
    0x08001814   0x00000010   Code   RO         2359    i.FLASH_Lock        stm32f4xx_flash.o
    0x08001824   0x0000003c   Code   RO         2383    i.FLASH_ProgramWord  stm32f4xx_flash.o
    0x08001860   0x00000024   Code   RO         2385    i.FLASH_Unlock      stm32f4xx_flash.o
    0x08001884   0x0000001e   Code   RO         2386    i.FLASH_WaitForLastOperation  stm32f4xx_flash.o
    0x080018a2   0x00000078   Code   RO         2606    i.GPIO_Init         stm32f4xx_gpio.o
    0x0800191a   0x00000020   Code   RO         2607    i.GPIO_PinAFConfig  stm32f4xx_gpio.o
    0x0800193a   0x00000004   Code   RO         2613    i.GPIO_ResetBits    stm32f4xx_gpio.o
    0x0800193e   0x00000004   Code   RO         2614    i.GPIO_SetBits      stm32f4xx_gpio.o
    0x08001942   0x00000002   PAD
    0x08001944   0x00000030   Code   RO         6401    i.Get_Adc           adc.o
    0x08001974   0x0000009a   Code   RO         6402    i.Get_Adc_Average   adc.o
    0x08001a0e   0x00000002   Code   RO         5349    i.HardFault_Handler  stm32fxxx_it.o
    0x08001a10   0x0000000c   Code   RO         6212    i.LED1_OFF          notification.o
    0x08001a1c   0x0000000c   Code   RO         6213    i.LED1_ON           notification.o
    0x08001a28   0x00000040   Code   RO         6214    i.LED1_init         notification.o
    0x08001a68   0x0000000c   Code   RO         6215    i.LED_OFF           notification.o
    0x08001a74   0x0000000c   Code   RO         6216    i.LED_ON            notification.o
    0x08001a80   0x0000003c   Code   RO         6218    i.LED_init          notification.o
    0x08001abc   0x0000020c   Code   RO         5730    i.LM75_mission      lm75a.o
    0x08001cc8   0x000000a0   Code   RO         5731    i.LM75_parpare_buffer  lm75a.o
    0x08001d68   0x0000003c   Code   RO         5908    i.MM_position       msd_test.o
    0x08001da4   0x000000a0   Code   RO         5821    i.MSD_GPIO_Config   microstepdriver.o
    0x08001e44   0x00000028   Code   RO         5822    i.MSD_Init          microstepdriver.o
    0x08001e6c   0x0000015c   Code   RO         5823    i.MSD_Move          microstepdriver.o
    0x08001fc8   0x00000018   Code   RO         5824    i.MSD_StepCounter   microstepdriver.o
    0x08001fe0   0x00000002   Code   RO         5350    i.MemManage_Handler  stm32fxxx_it.o
    0x08001fe2   0x00000002   Code   RO         5351    i.NMI_Handler       stm32fxxx_it.o
    0x08001fe4   0x00000064   Code   RO         1118    i.NVIC_Init         misc.o
    0x08002048   0x00000014   Code   RO         1119    i.NVIC_PriorityGroupConfig  misc.o
    0x0800205c   0x0000000c   Code   RO         5352    i.OTG_HS_EP1_IN_IRQHandler  stm32fxxx_it.o
    0x08002068   0x0000000c   Code   RO         5353    i.OTG_HS_EP1_OUT_IRQHandler  stm32fxxx_it.o
    0x08002074   0x0000000c   Code   RO         5354    i.OTG_HS_IRQHandler  stm32fxxx_it.o
    0x08002080   0x00000030   Code   RO         5355    i.OTG_HS_WKUP_IRQHandler  stm32fxxx_it.o
    0x080020b0   0x00000002   Code   RO         5356    i.PendSV_Handler    stm32fxxx_it.o
    0x080020b2   0x00000002   PAD
    0x080020b4   0x00000018   Code   RO         3289    i.RCC_AHB1PeriphClockCmd  stm32f4xx_rcc.o
    0x080020cc   0x00000018   Code   RO         3298    i.RCC_APB1PeriphClockCmd  stm32f4xx_rcc.o
    0x080020e4   0x00000018   Code   RO         3300    i.RCC_APB1PeriphResetCmd  stm32f4xx_rcc.o
    0x080020fc   0x00000018   Code   RO         3301    i.RCC_APB2PeriphClockCmd  stm32f4xx_rcc.o
    0x08002114   0x00000018   Code   RO         3303    i.RCC_APB2PeriphResetCmd  stm32f4xx_rcc.o
    0x0800212c   0x00000090   Code   RO         3310    i.RCC_GetClocksFreq  stm32f4xx_rcc.o
    0x080021bc   0x000000a0   Code   RO         6091    i.STMFLASH_GetFlashSector  stmflash.o
    0x0800225c   0x00000014   Code   RO         6092    i.STMFLASH_Read     stmflash.o
    0x08002270   0x00000074   Code   RO         6094    i.STMFLASH_Write    stmflash.o
    0x080022e4   0x00000002   Code   RO         5357    i.SVC_Handler       stm32fxxx_it.o
    0x080022e6   0x00000002   PAD
    0x080022e8   0x00000030   Code   RO         4420    i.SYSCFG_EXTILineConfig  stm32f4xx_syscfg.o
    0x08002318   0x000000b4   Code   RO         6436    i.SetSysClock       system_stm32f4xx.o
    0x080023cc   0x00000020   Code   RO         5733    i.StopAdc1OscSam    lm75a.o
    0x080023ec   0x00000010   Code   RO         5358    i.SysTick_Handler   stm32fxxx_it.o
    0x080023fc   0x0000005c   Code   RO         6438    i.SystemInit        system_stm32f4xx.o
    0x08002458   0x0000002e   Code   RO         4477    i.TI1_Config        stm32f4xx_tim.o
    0x08002486   0x00000036   Code   RO         4478    i.TI2_Config        stm32f4xx_tim.o
    0x080024bc   0x000001b8   Code   RO         5825    i.TIM2_IRQHandler   microstepdriver.o
    0x08002674   0x00000014   Code   RO         4479    i.TIM_ARRPreloadConfig  stm32f4xx_tim.o
    0x08002688   0x00000006   Code   RO         4485    i.TIM_ClearFlag     stm32f4xx_tim.o
    0x0800268e   0x00000006   Code   RO         4486    i.TIM_ClearITPendingBit  stm32f4xx_tim.o
    0x08002694   0x00000014   Code   RO         4491    i.TIM_Cmd           stm32f4xx_tim.o
    0x080026a8   0x00000032   Code   RO         4500    i.TIM_EncoderInterfaceConfig  stm32f4xx_tim.o
    0x080026da   0x00000018   Code   RO         4512    i.TIM_GetITStatus   stm32f4xx_tim.o
    0x080026f2   0x000000ac   Code   RO         4514    i.TIM_ICInit        stm32f4xx_tim.o
    0x0800279e   0x00000010   Code   RO         4515    i.TIM_ICStructInit  stm32f4xx_tim.o
    0x080027ae   0x00000010   Code   RO         4516    i.TIM_ITConfig      stm32f4xx_tim.o
    0x080027be   0x0000008e   Code   RO         5826    i.TIM_Mode_Config   microstepdriver.o
    0x0800284c   0x00000080   Code   RO         4525    i.TIM_OC2Init       stm32f4xx_tim.o
    0x080028cc   0x00000014   Code   RO         4528    i.TIM_OC2PreloadConfig  stm32f4xx_tim.o
    0x080028e0   0x00000004   Code   RO         4551    i.TIM_SetAutoreload  stm32f4xx_tim.o
    0x080028e4   0x00000004   Code   RO         4554    i.TIM_SetCompare2   stm32f4xx_tim.o
    0x080028e8   0x00000004   Code   RO         4557    i.TIM_SetCounter    stm32f4xx_tim.o
    0x080028ec   0x00000010   Code   RO         4558    i.TIM_SetIC1Prescaler  stm32f4xx_tim.o
    0x080028fc   0x00000018   Code   RO         4559    i.TIM_SetIC2Prescaler  stm32f4xx_tim.o
    0x08002914   0x00000010   Code   RO         4560    i.TIM_SetIC3Prescaler  stm32f4xx_tim.o
    0x08002924   0x00000018   Code   RO         4561    i.TIM_SetIC4Prescaler  stm32f4xx_tim.o
    0x0800293c   0x0000007c   Code   RO         4563    i.TIM_TimeBaseInit  stm32f4xx_tim.o
    0x080029b8   0x00000012   Code   RO         4564    i.TIM_TimeBaseStructInit  stm32f4xx_tim.o
    0x080029ca   0x00000014   Code   RO         4566    i.TIM_UpdateRequestConfig  stm32f4xx_tim.o
    0x080029de   0x00000002   PAD
    0x080029e0   0x00000044   Code   RO         6499    i.TM_DMA_ClearFlag  tm_stm32f4_dma.o
    0x08002a24   0x00000006   Code   RO         6500    i.TM_DMA_ClearFlags  tm_stm32f4_dma.o
    0x08002a2a   0x00000002   Code   RO         6501    i.TM_DMA_DirectModeErrorHandler  tm_stm32f4_dma.o
    0x08002a2c   0x00000002   Code   RO         6504    i.TM_DMA_FIFOErrorHandler  tm_stm32f4_dma.o
    0x08002a2e   0x00000002   PAD
    0x08002a30   0x00000044   Code   RO         6505    i.TM_DMA_GetFlags   tm_stm32f4_dma.o
    0x08002a74   0x00000002   Code   RO         6506    i.TM_DMA_HalfTransferCompleteHandler  tm_stm32f4_dma.o
    0x08002a76   0x00000066   Code   RO         6507    i.TM_DMA_INT_ProcessInterrupt  tm_stm32f4_dma.o
    0x08002adc   0x00000002   Code   RO         6508    i.TM_DMA_TransferCompleteHandler  tm_stm32f4_dma.o
    0x08002ade   0x00000002   Code   RO         6509    i.TM_DMA_TransferErrorHandler  tm_stm32f4_dma.o
    0x08002ae0   0x00000010   Code   RO         6666    i.TM_GPIO_GetPortSource  tm_stm32f4_gpio.o
    0x08002af0   0x00000018   Code   RO         6669    i.TM_GPIO_INT_EnableClock  tm_stm32f4_gpio.o
    0x08002b08   0x00000088   Code   RO         6670    i.TM_GPIO_INT_Init  tm_stm32f4_gpio.o
    0x08002b90   0x00000026   Code   RO         6671    i.TM_GPIO_Init      tm_stm32f4_gpio.o
    0x08002bb6   0x0000005c   Code   RO         6672    i.TM_GPIO_InitAlternate  tm_stm32f4_gpio.o
    0x08002c12   0x00000002   PAD
    0x08002c14   0x00000048   Code   RO         6974    i.TM_UART4_InitPins  tm_stm32f4_usart.o
    0x08002c5c   0x00000044   Code   RO         6975    i.TM_UART5_InitPins  tm_stm32f4_usart.o
    0x08002ca0   0x00000048   Code   RO         6976    i.TM_USART1_InitPins  tm_stm32f4_usart.o
    0x08002ce8   0x00000048   Code   RO         6977    i.TM_USART2_InitPins  tm_stm32f4_usart.o
    0x08002d30   0x0000005c   Code   RO         6978    i.TM_USART3_InitPins  tm_stm32f4_usart.o
    0x08002d8c   0x00000048   Code   RO         6979    i.TM_USART6_InitPins  tm_stm32f4_usart.o
    0x08002dd4   0x0000005c   Code   RO         6898    i.TM_USART_DMA_INT_GetSettings  tm_stm32f4_usart_dma.o
    0x08002e30   0x00000054   Code   RO         6899    i.TM_USART_DMA_Init  tm_stm32f4_usart_dma.o
    0x08002e84   0x00000054   Code   RO         6902    i.TM_USART_DMA_Send  tm_stm32f4_usart_dma.o
    0x08002ed8   0x00000032   Code   RO         6983    i.TM_USART_FindCharacter  tm_stm32f4_usart.o
    0x08002f0a   0x00000034   Code   RO         6984    i.TM_USART_Getc     tm_stm32f4_usart.o
    0x08002f3e   0x00000054   Code   RO         6985    i.TM_USART_Gets     tm_stm32f4_usart.o
    0x08002f92   0x00000002   PAD
    0x08002f94   0x0000004c   Code   RO         6986    i.TM_USART_INT_GetSubPriority  tm_stm32f4_usart.o
    0x08002fe0   0x0000005c   Code   RO         6987    i.TM_USART_INT_GetUsart  tm_stm32f4_usart.o
    0x0800303c   0x00000144   Code   RO         6988    i.TM_USART_INT_Init  tm_stm32f4_usart.o
    0x08003180   0x00000026   Code   RO         6989    i.TM_USART_INT_InsertToBuffer  tm_stm32f4_usart.o
    0x080031a6   0x00000002   PAD
    0x080031a8   0x000000b8   Code   RO         6990    i.TM_USART_Init     tm_stm32f4_usart.o
    0x08003260   0x00000002   Code   RO         6991    i.TM_USART_InitCustomPinsCallback  tm_stm32f4_usart.o
    0x08003262   0x00000002   PAD
    0x08003264   0x00000020   Code   RO         6996    i.UART4_IRQHandler  tm_stm32f4_usart.o
    0x08003284   0x0000001c   Code   RO         6997    i.UART5_IRQHandler  tm_stm32f4_usart.o
    0x080032a0   0x0000001c   Code   RO         6998    i.USART1_IRQHandler  tm_stm32f4_usart.o
    0x080032bc   0x00000020   Code   RO         6999    i.USART2_IRQHandler  tm_stm32f4_usart.o
    0x080032dc   0x00000020   Code   RO         7000    i.USART3_IRQHandler  tm_stm32f4_usart.o
    0x080032fc   0x00000020   Code   RO         7001    i.USART6_IRQHandler  tm_stm32f4_usart.o
    0x0800331c   0x000000ac   Code   RO         5034    i.USART_DeInit      stm32f4xx_usart.o
    0x080033c8   0x000000ac   Code   RO         5039    i.USART_Init        stm32f4xx_usart.o
    0x08003474   0x0000000e   Code   RO          735    i.USBD_ClrCfg       usbd_core.o
    0x08003482   0x00000012   Code   RO          830    i.USBD_CtlContinueRx  usbd_ioreq.o
    0x08003494   0x00000012   Code   RO          831    i.USBD_CtlContinueSendData  usbd_ioreq.o
    0x080034a6   0x0000001c   Code   RO          893    i.USBD_CtlError     usbd_req.o
    0x080034c2   0x00000020   Code   RO          832    i.USBD_CtlPrepareRx  usbd_ioreq.o
    0x080034e2   0x00000022   Code   RO          833    i.USBD_CtlReceiveStatus  usbd_ioreq.o
    0x08003504   0x00000020   Code   RO          834    i.USBD_CtlSendData  usbd_ioreq.o
    0x08003524   0x00000022   Code   RO          835    i.USBD_CtlSendStatus  usbd_ioreq.o
    0x08003546   0x00000002   PAD
    0x08003548   0x000000b0   Code   RO          736    i.USBD_DataInStage  usbd_core.o
    0x080035f8   0x00000074   Code   RO          737    i.USBD_DataOutStage  usbd_core.o
    0x0800366c   0x00000124   Code   RO          894    i.USBD_GetDescriptor  usbd_req.o
    0x08003790   0x00000010   Code   RO          836    i.USBD_GetRxCount   usbd_ioreq.o
    0x080037a0   0x00000046   Code   RO          895    i.USBD_GetString    usbd_req.o
    0x080037e6   0x00000034   Code   RO          739    i.USBD_Init         usbd_core.o
    0x0800381a   0x0000000e   Code   RO          740    i.USBD_IsoINIncomplete  usbd_core.o
    0x08003828   0x0000000e   Code   RO          741    i.USBD_IsoOUTIncomplete  usbd_core.o
    0x08003836   0x00000002   PAD
    0x08003838   0x00000078   Code   RO          358    i.USBD_OTG_EP1IN_ISR_Handler  usb_dcd_int.o
    0x080038b0   0x00000050   Code   RO          359    i.USBD_OTG_EP1OUT_ISR_Handler  usb_dcd_int.o
    0x08003900   0x0000014c   Code   RO          360    i.USBD_OTG_ISR_Handler  usb_dcd_int.o
    0x08003a4c   0x00000044   Code   RO          896    i.USBD_ParseSetupRequest  usbd_req.o
    0x08003a90   0x0000002e   Code   RO          742    i.USBD_Reset        usbd_core.o
    0x08003abe   0x00000016   Code   RO          743    i.USBD_Resume       usbd_core.o
    0x08003ad4   0x00000010   Code   RO          744    i.USBD_SOF          usbd_core.o
    0x08003ae4   0x0000001a   Code   RO          745    i.USBD_SetCfg       usbd_core.o
    0x08003afe   0x00000002   PAD
    0x08003b00   0x00000074   Code   RO          897    i.USBD_SetConfig    usbd_req.o
    0x08003b74   0x0000007c   Code   RO          898    i.USBD_SetFeature   usbd_req.o
    0x08003bf0   0x00000048   Code   RO          746    i.USBD_SetupStage   usbd_core.o
    0x08003c38   0x000000f0   Code   RO          899    i.USBD_StdDevReq    usbd_req.o
    0x08003d28   0x000000d4   Code   RO          900    i.USBD_StdEPReq     usbd_req.o
    0x08003dfc   0x00000036   Code   RO          901    i.USBD_StdItfReq    usbd_req.o
    0x08003e32   0x0000001c   Code   RO          747    i.USBD_Suspend      usbd_core.o
    0x08003e4e   0x00000002   PAD
    0x08003e50   0x00000024   Code   RO          659    i.USBD_USR_ConfigStrDescriptor  usbd_desc.o
    0x08003e74   0x0000001c   Code   RO          566    i.USBD_USR_DeviceConfigured  usbd_usr.o
    0x08003e90   0x00000010   Code   RO          567    i.USBD_USR_DeviceConnected  usbd_usr.o
    0x08003ea0   0x0000000c   Code   RO          660    i.USBD_USR_DeviceDescriptor  usbd_desc.o
    0x08003eac   0x00000014   Code   RO          568    i.USBD_USR_DeviceDisconnected  usbd_usr.o
    0x08003ec0   0x00000002   Code   RO          569    i.USBD_USR_DeviceReset  usbd_usr.o
    0x08003ec2   0x00000002   PAD
    0x08003ec4   0x00000018   Code   RO          570    i.USBD_USR_DeviceResumed  usbd_usr.o
    0x08003edc   0x00000014   Code   RO          571    i.USBD_USR_DeviceSuspended  usbd_usr.o
    0x08003ef0   0x00000002   Code   RO          572    i.USBD_USR_Init     usbd_usr.o
    0x08003ef2   0x00000002   PAD
    0x08003ef4   0x00000028   Code   RO          661    i.USBD_USR_InterfaceStrDescriptor  usbd_desc.o
    0x08003f1c   0x0000000c   Code   RO          662    i.USBD_USR_LangIDStrDescriptor  usbd_desc.o
    0x08003f28   0x00000020   Code   RO          663    i.USBD_USR_ManufacturerStrDescriptor  usbd_desc.o
    0x08003f48   0x00000044   Code   RO          664    i.USBD_USR_ProductStrDescriptor  usbd_desc.o
    0x08003f8c   0x00000048   Code   RO          665    i.USBD_USR_SerialStrDescriptor  usbd_desc.o
    0x08003fd4   0x0000000c   Code   RO          970    i.USBD_cdc_GetCfgDesc  usbd_cdc_core.o
    0x08003fe0   0x0000000c   Code   RO          971    i.USBD_cdc_GetOtherCfgDesc  usbd_cdc_core.o
    0x08003fec   0x00000066   Code   RO          521    i.USB_OTG_BSP_EnableInterrupt  usb_bsp.o
    0x08004052   0x00000002   PAD
    0x08004054   0x00000140   Code   RO          522    i.USB_OTG_BSP_Init  usb_bsp.o
    0x08004194   0x0000000a   Code   RO          523    i.USB_OTG_BSP_mDelay  usb_bsp.o
    0x0800419e   0x00000016   Code   RO          524    i.USB_OTG_BSP_uDelay  usb_bsp.o
    0x080041b4   0x00000080   Code   RO            5    i.USB_OTG_CoreInit  usb_core.o
    0x08004234   0x00000156   Code   RO            6    i.USB_OTG_CoreInitDev  usb_core.o
    0x0800438a   0x00000002   PAD
    0x0800438c   0x00000058   Code   RO            7    i.USB_OTG_CoreReset  usb_core.o
    0x080043e4   0x00000010   Code   RO            8    i.USB_OTG_DisableGlobalInt  usb_core.o
    0x080043f4   0x0000003a   Code   RO            9    i.USB_OTG_EP0Activate  usb_core.o
    0x0800442e   0x000000b8   Code   RO           10    i.USB_OTG_EP0StartXfer  usb_core.o
    0x080044e6   0x00000002   PAD
    0x080044e8   0x00000024   Code   RO           11    i.USB_OTG_EP0_OutStart  usb_core.o
    0x0800450c   0x00000068   Code   RO           12    i.USB_OTG_EPActivate  usb_core.o
    0x08004574   0x00000032   Code   RO           13    i.USB_OTG_EPClearStall  usb_core.o
    0x080045a6   0x0000004e   Code   RO           14    i.USB_OTG_EPDeactivate  usb_core.o
    0x080045f4   0x00000030   Code   RO           15    i.USB_OTG_EPSetStall  usb_core.o
    0x08004624   0x0000012a   Code   RO           16    i.USB_OTG_EPStartXfer  usb_core.o
    0x0800474e   0x00000002   PAD
    0x08004750   0x00000048   Code   RO           17    i.USB_OTG_EnableDevInt  usb_core.o
    0x08004798   0x00000010   Code   RO           18    i.USB_OTG_EnableGlobalInt  usb_core.o
    0x080047a8   0x0000003c   Code   RO           19    i.USB_OTG_FlushRxFifo  usb_core.o
    0x080047e4   0x00000044   Code   RO           20    i.USB_OTG_FlushTxFifo  usb_core.o
    0x08004828   0x00000026   Code   RO           21    i.USB_OTG_GetDeviceSpeed  usb_core.o
    0x0800484e   0x0000000c   Code   RO           24    i.USB_OTG_InitDevSpeed  usb_core.o
    0x0800485a   0x00000012   Code   RO           25    i.USB_OTG_IsDeviceMode  usb_core.o
    0x0800486c   0x0000000a   Code   RO           27    i.USB_OTG_ReadCoreItr  usb_core.o
    0x08004876   0x0000000c   Code   RO           28    i.USB_OTG_ReadDevAllInEPItr  usb_core.o
    0x08004882   0x0000000c   Code   RO           29    i.USB_OTG_ReadDevAllOutEp_itr  usb_core.o
    0x0800488e   0x00000010   Code   RO           30    i.USB_OTG_ReadDevOutEP_itr  usb_core.o
    0x0800489e   0x00000020   Code   RO           32    i.USB_OTG_ReadPacket  usb_core.o
    0x080048be   0x00000002   PAD
    0x080048c0   0x000000c4   Code   RO           33    i.USB_OTG_SelectCore  usb_core.o
    0x08004984   0x0000002a   Code   RO           34    i.USB_OTG_SetCurrentMode  usb_core.o
    0x080049ae   0x0000001e   Code   RO           37    i.USB_OTG_UngateClock  usb_core.o
    0x080049cc   0x00000028   Code   RO           38    i.USB_OTG_WritePacket  usb_core.o
    0x080049f4   0x00000002   Code   RO         5359    i.UsageFault_Handler  stm32fxxx_it.o
    0x080049f6   0x00000002   PAD
    0x080049f8   0x00000028   Code   RO         7395    i.__0sprintf$8      mc_w.l(printf8.o)
    0x08004a20   0x0000007a   Code   RO         7165    i.__hardfp_sqrt     m_wm.l(sqrt.o)
    0x08004a9a   0x0000000e   Code   RO         7508    i.__scatterload_copy  mc_w.l(handlers.o)
    0x08004aa8   0x00000002   Code   RO         7509    i.__scatterload_null  mc_w.l(handlers.o)
    0x08004aaa   0x0000000e   Code   RO         7510    i.__scatterload_zeroinit  mc_w.l(handlers.o)
    0x08004ab8   0x0000000c   Code   RO         7486    i.__set_errno       mc_w.l(errno.o)
    0x08004ac4   0x00000408   Code   RO         7400    i._printf_core      mc_w.l(printf8.o)
    0x08004ecc   0x00000024   Code   RO         7401    i._printf_post_padding  mc_w.l(printf8.o)
    0x08004ef0   0x0000002e   Code   RO         7402    i._printf_pre_padding  mc_w.l(printf8.o)
    0x08004f1e   0x0000000a   Code   RO         7404    i._sputc            mc_w.l(printf8.o)
    0x08004f28   0x00000028   Code   RO         5539    i.action_failed_send  can.o
    0x08004f50   0x00000024   Code   RO         5540    i.action_success_send  can.o
    0x08004f74   0x00000030   Code   RO         5541    i.action_value_send  can.o
    0x08004fa4   0x00000028   Code   RO         5542    i.action_value_send_none_80  can.o
    0x08004fcc   0x0000010c   Code   RO         5909    i.angle             msd_test.o
    0x080050d8   0x00000010   Code   RO         6171    i.buzzer_mission    buzzer.o
    0x080050e8   0x000000d4   Code   RO         5544    i.can_mutil_frame_send  can.o
    0x080051bc   0x00000010   Code   RO         6324    i.close_inter_fan   cooler.o
    0x080051cc   0x00000030   Code   RO         5677    i.coder_gpio_init   coder.o
    0x080051fc   0x000000c0   Code   RO         5678    i.configureEncoder  coder.o
    0x080052bc   0x00000038   Code   RO         6325    i.cooler_init       cooler.o
    0x080052f4   0x0000001c   Code   RO         6326    i.cooler_off        cooler.o
    0x08005310   0x0000001c   Code   RO         6327    i.cooler_on         cooler.o
    0x0800532c   0x0000001c   Code   RO         6095    i.flash_init        stmflash.o
    0x08005348   0x00000084   Code   RO         6096    i.flash_mission_polling  stmflash.o
    0x080053cc   0x00000024   Code   RO         5827    i.get_steps         microstepdriver.o
    0x080053f0   0x000000dc   Code   RO         6219    i.led_mission_polling  notification.o
    0x080054cc   0x00000010   Code   RO         6220    i.led_to_notification  notification.o
    0x080054dc   0x00000068   Code   RO         5736    i.lm75a_mission_polling  lm75a.o
    0x08005544   0x00000104   Code   RO         5737    i.lm75a_temp_read_polling  lm75a.o
    0x08005648   0x0000020c   Code   RO         5286    i.main              main.o
    0x08005854   0x0000001c   Code   RO         5545    i.mission_failed_send  can.o
    0x08005870   0x00000294   Code   RO         6287    i.mission_polling   mission.o
    0x08005b04   0x0000001c   Code   RO         5547    i.mission_success_send  can.o
    0x08005b20   0x00000018   Code   RO         5910    i.motor_finish      msd_test.o
    0x08005b38   0x000000c4   Code   RO         5911    i.motor_inject_offset_position  msd_test.o
    0x08005bfc   0x000000c4   Code   RO         5912    i.motor_maintain_polling  msd_test.o
    0x08005cc0   0x0000005c   Code   RO         5913    i.motor_move_polling  msd_test.o
    0x08005d1c   0x00000110   Code   RO         5914    i.motor_reset       msd_test.o
    0x08005e2c   0x000000d4   Code   RO         5915    i.motor_shocking    msd_test.o
    0x08005f00   0x0000004c   Code   RO         5916    i.motor_timeout_check  msd_test.o
    0x08005f4c   0x00000018   Code   RO         5917    i.motor_timer_set   msd_test.o
    0x08005f64   0x0000003c   Code   RO         5918    i.move_to_position  msd_test.o
    0x08005fa0   0x00000158   Code   RO         6097    i.offset_calc       stmflash.o
    0x080060f8   0x00000058   Code   RO         5548    i.one_can_frame_send  can.o
    0x08006150   0x00000048   Code   RO         6003    i.one_dimension_code_init  one_dimension_code.o
    0x08006198   0x000000c0   Code   RO         6004    i.one_dimension_code_mission_polling  one_dimension_code.o
    0x08006258   0x00000014   Code   RO         6005    i.one_dimension_code_read  one_dimension_code.o
    0x0800626c   0x00000074   Code   RO         5549    i.parpareUSBframe   can.o
    0x080062e0   0x000000ac   Code   RO         6053    i.parpare_buffer    usart_screen.o
    0x0800638c   0x00000016   Code   RO         5550    i.poniter_add       can.o
    0x080063a2   0x00000012   Code   RO         5551    i.poniter_plus_one  can.o
    0x080063b4   0x00000038   Code   RO         6329    i.power_init        cooler.o
    0x080063ec   0x0000001c   Code   RO         6330    i.power_off         cooler.o
    0x08006408   0x0000001c   Code   RO         6331    i.power_on          cooler.o
    0x08006424   0x0000003c   Code   RO         5828    i.record_position   microstepdriver.o
    0x08006460   0x00000038   Code   RO         5829    i.record_steps      microstepdriver.o
    0x08006498   0x0000010c   Code   RO         5919    i.step_to_move_calc  msd_test.o
    0x080065a4   0x00000038   Code   RO         6099    i.stmflash_read_reverse  stmflash.o
    0x080065dc   0x000000d4   Code   RO         6054    i.su_mission_polling  usart_screen.o
    0x080066b0   0x00000044   Code   RO         5738    i.temp_faded        lm75a.o
    0x080066f4   0x0000007c   Code   RO         6288    i.timer_reset       mission.o
    0x08006770   0x00000014   Code   RO          972    i.usbd_cdc_DataIn   usbd_cdc_core.o
    0x08006784   0x000000c4   Code   RO          973    i.usbd_cdc_DataOut  usbd_cdc_core.o
    0x08006848   0x00000016   Code   RO          974    i.usbd_cdc_DeInit   usbd_cdc_core.o
    0x0800685e   0x00000002   PAD
    0x08006860   0x0000002c   Code   RO          975    i.usbd_cdc_EP0_RxReady  usbd_cdc_core.o
    0x0800688c   0x00000038   Code   RO          976    i.usbd_cdc_Init     usbd_cdc_core.o
    0x080068c4   0x00000090   Code   RO          977    i.usbd_cdc_Setup    usbd_cdc_core.o
    0x08006954   0x00000014   Data   RO         6510    .constdata          tm_stm32f4_dma.o
    0x08006968   0x00000020   Data   RO         7506    Region$$Table       anon$$obj.o


    Execution Region RW_IRAM2 (Base: 0x10000000, Size: 0x00000000, Max: 0x00010000, ABSOLUTE)

    **** No section assigned to this execution region ****


    Execution Region RW_IRAM1 (Base: 0x20000000, Size: 0x00007fc8, Max: 0x00020000, ABSOLUTE, COMPRESSED[0x000000f8])

    Base Addr    Size         Type   Attr      Idx    E Section Name        Object

    0x20000000   0x00000001   Data   RW          573    .data               usbd_usr.o
    0x20000001   0x00000003   PAD
    0x20000004   0x0000001c   Data   RW          574    .data               usbd_usr.o
    0x20000020   0x0000001c   Data   RW          667    .data               usbd_desc.o
    0x2000003c   0x00000016   Data   RW          668    .data               usbd_desc.o
    0x20000052   0x0000000a   Data   RW          669    .data               usbd_desc.o
    0x2000005c   0x0000002c   Data   RW          748    .data               usbd_core.o
    0x20000088   0x00000004   Data   RW          749    .data               usbd_core.o
    0x2000008c   0x00000004   Data   RW          750    .data               usbd_core.o
    0x20000090   0x00000010   Data   RW          903    .data               usbd_req.o
    0x200000a0   0x0000005c   Data   RW          980    .data               usbd_cdc_core.o
    0x200000fc   0x00000030   Data   RW          981    .data               usbd_cdc_core.o
    0x2000012c   0x00000010   Data   RW         3342    .data               stm32f4xx_rcc.o
    0x2000013c   0x00000004   Data   RW         5360    .data               stm32fxxx_it.o
    0x20000140   0x00000001   Data   RW         5555    .data               can.o
    0x20000141   0x00000001   Data   RW         5556    .data               can.o
    0x20000142   0x00000004   Data   RW         5557    .data               can.o
    0x20000146   0x00000001   Data   RW         5558    .data               can.o
    0x20000147   0x00000001   PAD
    0x20000148   0x00000008   Data   RW         5679    .data               coder.o
    0x20000150   0x00000004   Data   RW         5741    .data               lm75a.o
    0x20000154   0x00000014   Data   RW         5832    .data               microstepdriver.o
    0x20000168   0x00000007   Data   RW         6056    .data               usart_screen.o
    0x2000016f   0x00000002   Data   RW         6101    .data               stmflash.o
    0x20000171   0x00000003   PAD
    0x20000174   0x0000000e   Data   RW         6289    .data               mission.o
    0x20000182   0x00000001   Data   RW         6332    .data               cooler.o
    0x20000183   0x00000001   PAD
    0x20000184   0x00000014   Data   RW         6439    .data               system_stm32f4xx.o
    0x20000198   0x00000030   Data   RW         6905    .data               tm_stm32f4_usart_dma.o
    0x200001c8   0x00000060   Data   RW         7008    .data               tm_stm32f4_usart.o
    0x20000228   0x00000004   Data   RW         7487    .data               mc_w.l(errno.o)
    0x2000022c   0x00000019   Zero   RW          666    .bss                usbd_desc.o
    0x20000245   0x000000ff   Zero   RW          902    .bss                usbd_req.o
    0x20000344   0x00000800   Zero   RW          978    .bss                usbd_cdc_core.o
    0x20000b44   0x000005f4   Zero   RW         5287    .bss                main.o
    0x20001138   0x00005023   Zero   RW         5552    .bss                can.o
    0x2000615b   0x00000001   PAD
    0x2000615c   0x000013ec   Zero   RW         5553    .bss                can.o
    0x20007548   0x00000398   Zero   RW         5739    .bss                lm75a.o
    0x200078e0   0x00000024   Zero   RW         5830    .bss                microstepdriver.o
    0x20007904   0x00000028   Zero   RW         5920    .bss                msd_test.o
    0x2000792c   0x000000d8   Zero   RW         6008    .bss                one_dimension_code.o
    0x20007a04   0x00000034   Zero   RW         6055    .bss                usart_screen.o
    0x20007a38   0x0000003c   Zero   RW         6100    .bss                stmflash.o
    0x20007a74   0x0000002c   Zero   RW         6172    .bss                buzzer.o
    0x20007aa0   0x00000014   Zero   RW         6221    .bss                notification.o
    0x20007ab4   0x00000016   Zero   RW         6679    .bss                tm_stm32f4_gpio.o
    0x20007aca   0x00000002   PAD
    0x20007acc   0x0000003c   Zero   RW         6904    .bss                tm_stm32f4_usart_dma.o
    0x20007b08   0x00000020   Zero   RW         7002    .bss                tm_stm32f4_usart.o
    0x20007b28   0x00000020   Zero   RW         7003    .bss                tm_stm32f4_usart.o
    0x20007b48   0x00000020   Zero   RW         7004    .bss                tm_stm32f4_usart.o
    0x20007b68   0x00000020   Zero   RW         7005    .bss                tm_stm32f4_usart.o
    0x20007b88   0x00000020   Zero   RW         7006    .bss                tm_stm32f4_usart.o
    0x20007ba8   0x00000020   Zero   RW         7007    .bss                tm_stm32f4_usart.o
    0x20007bc8   0x00000400   Zero   RW         6474    STACK               startup_stm32f40_41xxx.o


==============================================================================

Image component sizes


      Code (inc. data)   RO Data    RW Data    ZI Data      Debug   Object Name

       338         14          0          0          0       2639   adc.o
       272         24          0          0         44       2837   buzzer.o
       968         92          0          7      25615      11136   can.o
       342         26          0          8          0       3256   coder.o
       240         36          0          1          0       4402   cooler.o
      1196        126          0          4        920       7701   lm75a.o
       524         74          0          0       1524      29137   main.o
      1306         82          0         20         36       9189   microstepdriver.o
       120         14          0          0          0       1743   misc.o
       784        142          0         14          0       2763   mission.o
      1748        238          0          0         40      10231   msd_test.o
       408         44          0          0         20       6408   notification.o
       284         44          0          0        216       3579   one_dimension_code.o
        36          8        392          0       1024        948   startup_stm32f40_41xxx.o
       286         20          0          0          0       5954   stm32f4xx_adc.o
       758         10          0          0          0       5036   stm32f4xx_can.o
       224         28          0          0          0       4054   stm32f4xx_dma.o
       124         10          0          0          0       1785   stm32f4xx_exti.o
       310         30          0          0          0       4619   stm32f4xx_flash.o
       160          0          0          0          0       3119   stm32f4xx_gpio.o
       264         42          0         16          0       6405   stm32f4xx_rcc.o
        48          6          0          0          0        700   stm32f4xx_syscfg.o
       832         36          0          0          0      16616   stm32f4xx_tim.o
       344         42          0          0          0       2416   stm32f4xx_usart.o
       116         32          0          4          0       6917   stm32fxxx_it.o
       856         96          0          2         60       6654   stmflash.o
       272         36          0         20          0       2001   system_stm32f4xx.o
       434        124         20          0          0      14589   tm_stm32f4_dma.o
       306         16          0          0         22       4034   tm_stm32f4_gpio.o
      1534        234          0         96        192      14973   tm_stm32f4_usart.o
       260         48          0         48         60       2992   tm_stm32f4_usart_dma.o
       384         86          0          7         52       3091   usart_screen.o
       454         14          0          0          0       2947   usb_bsp.o
      2104         32          0          0          0     378300   usb_core.o
       532          0          0          0          0       6555   usb_dcd.o
      1402         52          0          0          0       8594   usb_dcd_int.o
       506         46          0        140       2048      12444   usbd_cdc_core.o
       596          4          0         52          0       9972   usbd_core.o
       272        142          0         60         25       5828   usbd_desc.o
       184          0          0          0          0       5162   usbd_ioreq.o
      1204         52          0         16        255       8273   usbd_req.o
       112         26          0         29          0       5170   usbd_usr.o

    ----------------------------------------------------------------------
     23498       2228        444        552      32156     645169   Object Totals
         0          0         32          0          0          0   (incl. Generated)
        54          0          0          8          3          0   (incl. Padding)

    ----------------------------------------------------------------------

      Code (inc. data)   RO Data    RW Data    ZI Data      Debug   Library Member Name

       122          0          0          0          0        148   sqrt.o
        86          0          0          0          0          0   __dczerorl2.o
         0          0          0          0          0          0   entry.o
         0          0          0          0          0          0   entry10a.o
         0          0          0          0          0          0   entry11a.o
         8          4          0          0          0          0   entry2.o
         4          0          0          0          0          0   entry5.o
         0          0          0          0          0          0   entry7b.o
         0          0          0          0          0          0   entry8b.o
         8          4          0          0          0          0   entry9a.o
        12          6          0          4          0         68   errno.o
        30          0          0          0          0          0   handlers.o
        36          8          0          0          0         68   init.o
         0          0          0          0          0          0   iusefp.o
        30          0          0          0          0         68   llshl.o
        36          0          0          0          0         68   llsshr.o
        32          0          0          0          0         68   llushr.o
        36          0          0          0          0         68   memcpya.o
      1164         50          0          0          0        420   printf8.o
        98          0          0          0          0         92   uldiv.o
        56          0          0          0          0         88   d2f.o
       334          0          0          0          0        148   dadd.o
       222          0          0          0          0        100   ddiv.o
       182          0          0          0          0        176   depilogue.o
        50          0          0          0          0         76   dfixui.o
        26          0          0          0          0         76   dfltui.o
       228          0          0          0          0         96   dmul.o
       162          0          0          0          0        100   dsqrt.o
       110          0          0          0          0        168   fepilogue.o

    ----------------------------------------------------------------------
      3074         72          0          4          0       2096   Library Totals
         2          0          0          0          0          0   (incl. Padding)

    ----------------------------------------------------------------------

      Code (inc. data)   RO Data    RW Data    ZI Data      Debug   Library Name

       122          0          0          0          0        148   m_wm.l
      1580         72          0          4          0        920   mc_w.l
      1370          0          0          0          0       1028   mf_w.l

    ----------------------------------------------------------------------
      3074         72          0          4          0       2096   Library Totals

    ----------------------------------------------------------------------

==============================================================================


      Code (inc. data)   RO Data    RW Data    ZI Data      Debug   

     26572       2300        444        556      32156     616161   Grand Totals
     26572       2300        444        248      32156     616161   ELF Image Totals (compressed)
     26572       2300        444        248          0          0   ROM Totals

==============================================================================

    Total RO  Size (Code + RO Data)                27016 (  26.38kB)
    Total RW  Size (RW Data + ZI Data)             32712 (  31.95kB)
    Total ROM Size (Code + RO Data + RW Data)      27264 (  26.63kB)

==============================================================================

